.\AI_Module_GCC\MC_902P\AT32Gcc\Src\control\internal_flash.c:21:6:WriteRamBuffer	0	static
.\AI_Module_GCC\MC_902P\AT32Gcc\Src\control\internal_flash.c:32:5:IsRamSameAsInternalFlash	0	static
.\AI_Module_GCC\MC_902P\AT32Gcc\Src\control\internal_flash.c:50:5:WriteRam2InternalFlash	16	static
.\AI_Module_GCC\MC_902P\AT32Gcc\Src\control\internal_flash.c:122:5:WriteRam2Flash	16	static
.\AI_Module_GCC\MC_902P\AT32Gcc\Src\control\internal_flash.c:151:10:CrcCode	8	static
.\AI_Module_GCC\MC_902P\AT32Gcc\Src\control\internal_flash.c:164:6:SyncEEFlashToBuffer	0	static
.\AI_Module_GCC\MC_902P\AT32Gcc\Src\control\internal_flash.c:175:5:SyncEEBufferToFlash	16	static
.\AI_Module_GCC\MC_902P\AT32Gcc\Src\control\internal_flash.c:211:6:WriteEEPROMBufffer	0	static
.\AI_Module_GCC\MC_902P\AT32Gcc\Src\control\internal_flash.c:222:5:ReadEEPROM	4	static
.\AI_Module_GCC\MC_902P\AT32Gcc\Src\control\internal_flash.c:238:6:WriteEEPROM	0	static
.\AI_Module_GCC\MC_902P\AT32Gcc\Src\control\internal_flash.c:258:5:WriteEEPROM_FileName	0	static
.\AI_Module_GCC\MC_902P\AT32Gcc\Src\control\internal_flash.c:274:7:ReadEEPROM_FileName	0	static
.\AI_Module_GCC\MC_902P\AT32Gcc\Src\control\internal_flash.c:284:5:WriteEEPROM_BTName	4	static
.\AI_Module_GCC\MC_902P\AT32Gcc\Src\control\internal_flash.c:317:7:ReadEEPROM_BTName	0	static
.\AI_Module_GCC\MC_902P\AT32Gcc\Src\control\internal_flash.c:336:5:ClearRecodeFlash	16	static
.\AI_Module_GCC\MC_902P\AT32Gcc\Src\control\internal_flash.c:363:5:SaveSoundData	16	static
