.\AI_Module_GCC\MC_902P\AT32Gcc\Src\control\lcd_128x64.c:158:6:LCD12864_PutString2Buffer.part.0	20	static
.\AI_Module_GCC\MC_902P\AT32Gcc\Src\control\lcd_128x64.c:122:6:LCD12864_Ram2LCD	16	static
.\AI_Module_GCC\MC_902P\AT32Gcc\Src\control\lcd_128x64.c:158:6:LCD12864_PutString2Buffer	0	static
.\AI_Module_GCC\MC_902P\AT32Gcc\Src\control\lcd_128x64.c:198:6:LCD12864_DrawStringToBuffer	0	static
.\AI_Module_GCC\MC_902P\AT32Gcc\Src\control\lcd_128x64.c:221:6:LCD12864_DrawPicToBuffer	40	static
.\AI_Module_GCC\MC_902P\AT32Gcc\Src\control\lcd_128x64.c:380:5:LCD12864Contrast	8	static
.\AI_Module_GCC\MC_902P\AT32Gcc\Src\control\lcd_128x64.c:445:6:InitLCD128X64	144	static
