.\AI_Module_GCC\MC_902P\AT32Gcc\Src\control\port_485servo.c:73:13:ServoaRs485_RevCallBack	0	static
.\AI_Module_GCC\MC_902P\AT32Gcc\Src\control\port_485servo.c:82:12:ServoaRs485_WaitRev	40	static
.\AI_Module_GCC\MC_902P\AT32Gcc\Src\control\port_485servo.c:117:5:PO16_WriteRegister.constprop	8	static
.\AI_Module_GCC\MC_902P\AT32Gcc\Src\control\port_485servo.c:117:5:PO16_WriteRegister.constprop	8	static
.\AI_Module_GCC\MC_902P\AT32Gcc\Src\control\port_485servo.c:117:5:PO16_WriteRegister.constprop	8	static
.\AI_Module_GCC\MC_902P\AT32Gcc\Src\control\port_485servo.c:117:5:PO16_WriteRegister.constprop	8	static
.\AI_Module_GCC\MC_902P\AT32Gcc\Src\control\port_485servo.c:578:6:set_servo_torque.constprop	32	static
.\AI_Module_GCC\MC_902P\AT32Gcc\Src\control\port_485servo.c:59:5:IsServoVer	0	static
.\AI_Module_GCC\MC_902P\AT32Gcc\Src\control\port_485servo.c:117:5:PO16_WriteRegister	8	static
.\AI_Module_GCC\MC_902P\AT32Gcc\Src\control\port_485servo.c:170:6:PO16_WriteRegister_NoWait	8	static
.\AI_Module_GCC\MC_902P\AT32Gcc\Src\control\port_485servo.c:218:5:PO16_ReadRegister	8	static
.\AI_Module_GCC\MC_902P\AT32Gcc\Src\control\port_485servo.c:304:6:PO16_ReadRegister_NoWait	24	static
.\AI_Module_GCC\MC_902P\AT32Gcc\Src\control\port_485servo.c:378:5:ReadServoaAngle_NoWait	16	static
.\AI_Module_GCC\MC_902P\AT32Gcc\Src\control\port_485servo.c:408:5:ReadServoaAngle_NoWait_OK	8	static
.\AI_Module_GCC\MC_902P\AT32Gcc\Src\control\port_485servo.c:425:5:Servo_Reset	16	static
.\AI_Module_GCC\MC_902P\AT32Gcc\Src\control\port_485servo.c:447:5:Servo_Ping	16	static
.\AI_Module_GCC\MC_902P\AT32Gcc\Src\control\port_485servo.c:467:5:Servo_Pingfast	8	static
.\AI_Module_GCC\MC_902P\AT32Gcc\Src\control\port_485servo.c:484:6:PO16_EndlessMode	24	static
.\AI_Module_GCC\MC_902P\AT32Gcc\Src\control\port_485servo.c:502:6:PO16_ServoMode	32	static
.\AI_Module_GCC\MC_902P\AT32Gcc\Src\control\port_485servo.c:524:5:angle_to_servo_value	8	static
.\AI_Module_GCC\MC_902P\AT32Gcc\Src\control\port_485servo.c:530:5:servo_value_to_angle	0	static
.\AI_Module_GCC\MC_902P\AT32Gcc\Src\control\port_485servo.c:537:5:to_servo_speed	8	static
.\AI_Module_GCC\MC_902P\AT32Gcc\Src\control\port_485servo.c:543:5:to_ang_speed	8	static
.\AI_Module_GCC\MC_902P\AT32Gcc\Src\control\port_485servo.c:550:5:ReadServoaAngle	32	static
.\AI_Module_GCC\MC_902P\AT32Gcc\Src\control\port_485servo.c:578:6:set_servo_torque	40	static
.\AI_Module_GCC\MC_902P\AT32Gcc\Src\control\port_485servo.c:600:6:set_servo_torque_fast	32	static
.\AI_Module_GCC\MC_902P\AT32Gcc\Src\control\port_485servo.c:621:6:set_servo_angle	40	static
.\AI_Module_GCC\MC_902P\AT32Gcc\Src\control\port_485servo.c:669:6:set_servo_rotation	40	static
.\AI_Module_GCC\MC_902P\AT32Gcc\Src\control\port_485servo.c:726:5:ReadServoaVerion	32	static
.\AI_Module_GCC\MC_902P\AT32Gcc\Src\control\port_485servo.c:742:5:getPO16_ConnectID	4	static
.\AI_Module_GCC\MC_902P\AT32Gcc\Src\control\port_485servo.c:761:5:IsPO16_Connect	0	static
.\AI_Module_GCC\MC_902P\AT32Gcc\Src\control\port_485servo.c:770:6:Servo_IDscan	24	static
.\AI_Module_GCC\MC_902P\AT32Gcc\Src\control\port_485servo.c:790:6:servo_id_change	8	static
.\AI_Module_GCC\MC_902P\AT32Gcc\Src\control\port_485servo.c:797:5:PO16_ReadStusError	16	static
.\AI_Module_GCC\MC_902P\AT32Gcc\Src\control\port_485servo.c:819:5:InitPO16Servo	32	static
.\AI_Module_GCC\MC_902P\AT32Gcc\Src\control\port_485servo.c:869:6:servo_ctrl	16	static
