.\AI_Module_GCC\MC_902P\AT32Gcc\Src\control\port_i2c_sensor.c:18:5:get_ultrasonic_distance	24	static
.\AI_Module_GCC\MC_902P\AT32Gcc\Src\control\port_i2c_sensor.c:28:5:color_value	24	static
.\AI_Module_GCC\MC_902P\AT32Gcc\Src\control\port_i2c_sensor.c:62:7:color_value_name	88	static
.\AI_Module_GCC\MC_902P\AT32Gcc\Src\control\port_i2c_sensor.c:130:6:color_bklight	24	static
.\AI_Module_GCC\MC_902P\AT32Gcc\Src\control\port_i2c_sensor.c:138:5:color_detected	24	static
.\AI_Module_GCC\MC_902P\AT32Gcc\Src\control\port_i2c_sensor.c:152:7:gyroscope	88	static
.\AI_Module_GCC\MC_902P\AT32Gcc\Src\control\port_i2c_sensor.c:216:6:gyroscope_bklight	24	static
.\AI_Module_GCC\MC_902P\AT32Gcc\Src\control\port_i2c_sensor.c:224:6:display_digital_tube	24	static
.\AI_Module_GCC\MC_902P\AT32Gcc\Src\control\port_i2c_sensor.c:251:6:display_digital_tube_score	32	static
.\AI_Module_GCC\MC_902P\AT32Gcc\Src\control\port_i2c_sensor.c:274:6:off_digital_tube	24	static
.\AI_Module_GCC\MC_902P\AT32Gcc\Src\control\port_i2c_sensor.c:288:6:digital_tube_bklight	24	static
.\AI_Module_GCC\MC_902P\AT32Gcc\Src\control\port_i2c_sensor.c:306:6:set_RGB	40	static
.\AI_Module_GCC\MC_902P\AT32Gcc\Src\control\port_i2c_sensor.c:325:6:set_RGB_All	40	static
.\AI_Module_GCC\MC_902P\AT32Gcc\Src\control\port_i2c_sensor.c:346:6:set_RGB_color	40	static
.\AI_Module_GCC\MC_902P\AT32Gcc\Src\control\port_i2c_sensor.c:377:6:off_RGB_color	40	static
.\AI_Module_GCC\MC_902P\AT32Gcc\Src\control\port_i2c_sensor.c:384:5:get_gesture	24	static
.\AI_Module_GCC\MC_902P\AT32Gcc\Src\control\port_i2c_sensor.c:393:6:gesture_bklight	24	static
.\AI_Module_GCC\MC_902P\AT32Gcc\Src\control\port_i2c_sensor.c:403:7:get_temperature	24	static
.\AI_Module_GCC\MC_902P\AT32Gcc\Src\control\port_i2c_sensor.c:413:7:get_humidity	24	static
.\AI_Module_GCC\MC_902P\AT32Gcc\Src\control\port_i2c_sensor.c:426:5:get_tof	24	static
.\AI_Module_GCC\MC_902P\AT32Gcc\Src\control\port_i2c_sensor.c:440:6:tof_bklight	32	static
.\AI_Module_GCC\MC_902P\AT32Gcc\Src\control\port_i2c_sensor.c:455:5:getPortSensorType	64	static
.\AI_Module_GCC\MC_902P\AT32Gcc\Src\control\port_i2c_sensor.c:629:5:AI_read_value	56	static
