.\AI_Module_GCC\MC_902P\AT32Gcc\Src\control\port_math.c:15:7:constrainf	16	static
.\AI_Module_GCC\MC_902P\AT32Gcc\Src\control\port_math.c:26:5:constrain	0	static
d:\work\mc902\code\scrach\msvc_release\ai_module_gcc\arm_gcc_10\arm-none-eabi\include\stdlib.h:70:5:abs	0	static
.\AI_Module_GCC\MC_902P\AT32Gcc\Src\control\port_math.c:45:7:math_round	8	static
.\AI_Module_GCC\MC_902P\AT32Gcc\Src\control\port_math.c:52:7:math_abs	0	static
.\AI_Module_GCC\MC_902P\AT32Gcc\Src\control\port_math.c:60:5:random_number	16	static
.\AI_Module_GCC\MC_902P\AT32Gcc\Src\control\port_math.c:76:5:math_modulus	0	static
.\AI_Module_GCC\MC_902P\AT32Gcc\Src\control\port_math.c:82:7:math_floor	8	static
.\AI_Module_GCC\MC_902P\AT32Gcc\Src\control\port_math.c:88:7:math_ceiling	8	static
.\AI_Module_GCC\MC_902P\AT32Gcc\Src\control\port_math.c:95:7:math_sqrt	8	static
.\AI_Module_GCC\MC_902P\AT32Gcc\Src\control\port_math.c:102:7:math_sin	8	static
.\AI_Module_GCC\MC_902P\AT32Gcc\Src\control\port_math.c:108:7:math_cos	8	static
.\AI_Module_GCC\MC_902P\AT32Gcc\Src\control\port_math.c:114:7:math_tan	8	static
.\AI_Module_GCC\MC_902P\AT32Gcc\Src\control\port_math.c:120:7:math_asin	8	static
.\AI_Module_GCC\MC_902P\AT32Gcc\Src\control\port_math.c:126:7:math_acos	8	static
.\AI_Module_GCC\MC_902P\AT32Gcc\Src\control\port_math.c:132:7:math_atan	8	static
.\AI_Module_GCC\MC_902P\AT32Gcc\Src\control\port_math.c:138:7:math_ln	8	static
.\AI_Module_GCC\MC_902P\AT32Gcc\Src\control\port_math.c:144:7:math_log	8	static
.\AI_Module_GCC\MC_902P\AT32Gcc\Src\control\port_math.c:150:7:math_exp	8	static
.\AI_Module_GCC\MC_902P\AT32Gcc\Src\control\port_math.c:156:7:math_pow10	8	static
