.\AI_Module_GCC\MC_902P\AT32Gcc\Src\control\port_motor.c:70:6:EXTI15_10_IRQHandler	8	static
.\AI_Module_GCC\MC_902P\AT32Gcc\Src\control\port_motor.c:94:6:EXTI0_IRQHandler	8	static
.\AI_Module_GCC\MC_902P\AT32Gcc\Src\control\port_motor.c:107:6:EXTI1_IRQHandler	8	static
.\AI_Module_GCC\MC_902P\AT32Gcc\Src\control\port_motor.c:121:6:EXTI3_IRQHandler	8	static
.\AI_Module_GCC\MC_902P\AT32Gcc\Src\control\port_motor.c:135:6:EXTI4_IRQHandler	8	static
.\AI_Module_GCC\MC_902P\AT32Gcc\Src\control\port_motor.c:150:6:EXTI9_5_IRQHandler	8	static
.\AI_Module_GCC\MC_902P\AT32Gcc\Src\control\port_motor.c:375:5:getEncoder_Pos	0	static
.\AI_Module_GCC\MC_902P\AT32Gcc\Src\control\port_motor.c:383:5:getEncoder_Speed	0	static
.\AI_Module_GCC\MC_902P\AT32Gcc\Src\control\port_motor.c:392:5:getMotorCount	0	static
.\AI_Module_GCC\MC_902P\AT32Gcc\Src\control\port_motor.c:423:6:set_motor_open	16	static
.\AI_Module_GCC\MC_902P\AT32Gcc\Src\control\port_motor.c:520:6:set_motor_free	8	static
.\AI_Module_GCC\MC_902P\AT32Gcc\Src\control\port_motor.c:315:6:TIM6_IRQHandler	32	static
.\AI_Module_GCC\MC_902P\AT32Gcc\Src\control\port_motor.c:545:6:reverse_motor	8	static
.\AI_Module_GCC\MC_902P\AT32Gcc\Src\control\port_motor.c:562:6:set_motor	16	static
.\AI_Module_GCC\MC_902P\AT32Gcc\Src\control\port_motor.c:587:6:set_motor_angle	56	static
.\AI_Module_GCC\MC_902P\AT32Gcc\Src\control\port_motor.c:613:5:motor_encoder	0	static
.\AI_Module_GCC\MC_902P\AT32Gcc\Src\control\port_motor.c:621:6:reset_motor_encoder	0	static
.\AI_Module_GCC\MC_902P\AT32Gcc\Src\control\port_motor.c:634:6:set_dual_motor_angle	64	static
.\AI_Module_GCC\MC_902P\AT32Gcc\Src\control\port_motor.c:690:6:mecanum_wheel_turn	16	static
.\AI_Module_GCC\MC_902P\AT32Gcc\Src\control\port_motor.c:712:6:mecanum_wheel_ctrl	56	static
.\AI_Module_GCC\MC_902P\AT32Gcc\Src\control\port_motor.c:746:6:mecanum_wheel_ctrl_turn	64	static
.\AI_Module_GCC\MC_902P\AT32Gcc\Src\control\port_motor.c:777:6:omni_wheel_turn	16	static
.\AI_Module_GCC\MC_902P\AT32Gcc\Src\control\port_motor.c:797:6:omni_wheel_stop	16	static
.\AI_Module_GCC\MC_902P\AT32Gcc\Src\control\port_motor.c:809:6:omni_wheel_ctrl	56	static
.\AI_Module_GCC\MC_902P\AT32Gcc\Src\control\port_motor.c:845:6:move	16	static
.\AI_Module_GCC\MC_902P\AT32Gcc\Src\control\port_motor.c:876:6:move_time	24	static
.\AI_Module_GCC\MC_902P\AT32Gcc\Src\control\port_motor.c:886:6:stop_move	16	static
.\AI_Module_GCC\MC_902P\AT32Gcc\Src\control\port_motor.c:900:6:set_dual_motor_time	32	static
.\AI_Module_GCC\MC_902P\AT32Gcc\Src\control\port_motor.c:916:6:set_motor_time	24	static
.\AI_Module_GCC\MC_902P\AT32Gcc\Src\control\port_motor.c:928:6:off_motor	16	static
.\AI_Module_GCC\MC_902P\AT32Gcc\Src\control\port_motor.c:948:6:InitMotor	120	static
.\AI_Module_GCC\MC_902P\AT32Gcc\Src\control\port_motor.c:1190:6:set_motor_ad	48	static
.\AI_Module_GCC\MC_902P\AT32Gcc\Src\control\port_motor.c:1242:6:SetMotorPID	8	static
