.\AI_Module_GCC\MC_902P\AT32Gcc\STM32_Stdlib\CMSIS\CM3\CoreSupport/core_cm3.h:1719:22:NVIC_SystemReset	0	static
.\AI_Module_GCC\MC_902P\AT32Gcc\Src\control\program_run.c:18:6:Program_Reset	8	static
.\AI_Module_GCC\MC_902P\AT32Gcc\Src\control\program_run.c:25:6:Program_Run	8	static
.\AI_Module_GCC\MC_902P\AT32Gcc\Src\control\program_run.c:59:6:SetRamFlag	8	static
.\AI_Module_GCC\MC_902P\AT32Gcc\Src\control\program_run.c:71:6:ResetRamFlag	12	static
.\AI_Module_GCC\MC_902P\AT32Gcc\Src\control\program_run.c:83:9:GetRamFlag	0	static
