.\AI_Module_GCC\MC_902P\AT32Gcc\Src\control\spi_flash.c:124:13:sFLASH_WaitForWriteEnd	8	static
.\AI_Module_GCC\MC_902P\AT32Gcc\Src\control\spi_flash.c:263:6:sFLASH_ReadBuffer.constprop	24	static
.\AI_Module_GCC\MC_902P\AT32Gcc\Src\control\spi_flash.c:142:13:sFLASH_WritePage	24	static
.\AI_Module_GCC\MC_902P\AT32Gcc\Src\control\spi_flash.c:142:13:sFLASH_WritePage.constprop	16	static
.\AI_Module_GCC\MC_902P\AT32Gcc\Src\control\spi_flash.c:142:13:sFLASH_WritePage.constprop	24	static
.\AI_Module_GCC\MC_902P\AT32Gcc\Src\control\spi_flash.c:34:6:SPI_FLASH_Init	56	static
.\AI_Module_GCC\MC_902P\AT32Gcc\Src\control\spi_flash.c:95:10:sFLASH_ReadID	16	static
.\AI_Module_GCC\MC_902P\AT32Gcc\Src\control\spi_flash.c:171:6:sFLASH_EraseSector	16	static
.\AI_Module_GCC\MC_902P\AT32Gcc\Src\control\spi_flash.c:193:6:sFLASH_WriteBuffer	32	static
.\AI_Module_GCC\MC_902P\AT32Gcc\Src\control\spi_flash.c:263:6:sFLASH_ReadBuffer	24	static
.\AI_Module_GCC\MC_902P\AT32Gcc\Src\control\spi_flash.c:287:5:UpdateFileName	64	static
.\AI_Module_GCC\MC_902P\AT32Gcc\Src\control\spi_flash.c:354:7:getFileName	0	static
.\AI_Module_GCC\MC_902P\AT32Gcc\Src\control\spi_flash.c:360:5:getFileOffset	0	static
.\AI_Module_GCC\MC_902P\AT32Gcc\Src\control\spi_flash.c:415:10:LoadBin	64	static
.\AI_Module_GCC\MC_902P\AT32Gcc\Src\control\spi_flash.c:451:5:LoadBinByName	24	static
.\AI_Module_GCC\MC_902P\AT32Gcc\Src\control\spi_flash.c:627:6:DiskFormat	32	static
