.\AI_Module_GCC\MC_902P\AT32Gcc\Src\control\systemtimer.c:26:6:InitTimerCallBack	24	static
.\AI_Module_GCC\MC_902P\AT32Gcc\Src\control\systemtimer.c:39:6:DeInitTimerCallBack	16	static
.\AI_Module_GCC\MC_902P\AT32Gcc\Src\control\systemtimer.c:52:6:setTimerHandle	16	static
.\AI_Module_GCC\MC_902P\AT32Gcc\Src\control\systemtimer.c:92:6:sleep	24	static
.\AI_Module_GCC\MC_902P\AT32Gcc\Src\control\systemtimer.c:105:6:sleep_us	48	static
.\AI_Module_GCC\MC_902P\AT32Gcc\Src\control\systemtimer.c:130:6:setstoptime_us	48	static
.\AI_Module_GCC\MC_902P\AT32Gcc\Src\control\systemtimer.c:147:6:waitstoptime_us	8	static
.\AI_Module_GCC\MC_902P\AT32Gcc\Src\control\systemtimer.c:162:7:seconds	8	static
.\AI_Module_GCC\MC_902P\AT32Gcc\Src\control\systemtimer.c:169:6:resettime	0	static
.\AI_Module_GCC\MC_902P\AT32Gcc\Src\control\systemtimer.c:176:6:System_1ms_CallBack	32	static
.\AI_Module_GCC\MC_902P\AT32Gcc\Src\control\systemtimer.c:196:6:InitSystemTimer	24	static
