.\AI_Module_GCC\MC_902P\AT32Gcc\Src\control\uart_485.c:16:6:setUartPort485_RxHandle	0	static
.\AI_Module_GCC\MC_902P\AT32Gcc\Src\control\uart_485.c:22:6:setUartPort485_TxHandle	0	static
.\AI_Module_GCC\MC_902P\AT32Gcc\Src\control\uart_485.c:31:6:InitUart_Port485	40	static
.\AI_Module_GCC\MC_902P\AT32Gcc\Src\control\uart_485.c:92:6:UartPort485_Sendbyte	0	static
.\AI_Module_GCC\MC_902P\AT32Gcc\Src\control\uart_485.c:100:6:UartPort485_Sendbytes	16	static
.\AI_Module_GCC\MC_902P\AT32Gcc\Src\control\uart_485.c:114:15:calchecksum	8	static
.\AI_Module_GCC\MC_902P\AT32Gcc\Src\control\uart_485.c:129:6:USART3_IRQHandler	8	static
