.\AI_Module_GCC\MC_902P\AT32Gcc\STM32_Stdlib\FreeRTOS\src\event_groups.c:174:21:xEventGroupCreate	8	static
.\AI_Module_GCC\MC_902P\AT32Gcc\STM32_Stdlib\FreeRTOS\src\event_groups.c:208:13:xEventGroupSync	48	static
.\AI_Module_GCC\MC_902P\AT32Gcc\STM32_Stdlib\FreeRTOS\src\event_groups.c:324:13:xEventGroupWaitBits	24	static
.\AI_Module_GCC\MC_902P\AT32Gcc\STM32_Stdlib\FreeRTOS\src\event_groups.c:472:13:xEventGroupClearBits	16	static
.\AI_Module_GCC\MC_902P\AT32Gcc\STM32_Stdlib\FreeRTOS\src\event_groups.c:514:13:xEventGroupGetBitsFromISR	0	static
.\AI_Module_GCC\MC_902P\AT32Gcc\STM32_Stdlib\FreeRTOS\src\event_groups.c:530:13:xEventGroupSetBits	24	static
.\AI_Module_GCC\MC_902P\AT32Gcc\STM32_Stdlib\FreeRTOS\src\event_groups.c:624:6:vEventGroupDelete	8	static
.\AI_Module_GCC\MC_902P\AT32Gcc\STM32_Stdlib\FreeRTOS\src\event_groups.c:668:6:vEventGroupSetBitsCallback	24	static
.\AI_Module_GCC\MC_902P\AT32Gcc\STM32_Stdlib\FreeRTOS\src\event_groups.c:676:6:vEventGroupClearBitsCallback	16	static
