 bindings

 Timestamp is 5c5be3b5 (Thu Feb  7 16:52:21 2019)

 Preferred load address is 0000000180000000

 Start         Length     Name                   Class
 0001:00000000 00000040H .text$di                CODE
 0001:00000040 0001d8a0H .text$mn                CODE
 0001:0001d8e0 00000020H .text$mn$00             CODE
 0001:0001d900 00001230H .text$x                 CODE
 0001:0001eb30 0000006fH .text$yd                CODE
 0002:00000000 00000370H .idata$5                DATA
 0002:00000370 00000010H .00cfg                  DATA
 0002:00000380 00000008H .CRT$XCA                DATA
 0002:00000388 00000010H .CRT$XCU                DATA
 0002:00000398 00000008H .CRT$XCZ                DATA
 0002:000003a0 00000008H .CRT$XIA                DATA
 0002:000003a8 00000018H .CRT$XIC                DATA
 0002:000003c0 00000008H .CRT$XIZ                DATA
 0002:000003c8 00000008H .CRT$XPA                DATA
 0002:000003d0 00000010H .CRT$XPX                DATA
 0002:000003e0 00000008H .CRT$XPXA               DATA
 0002:000003e8 00000008H .CRT$XPZ                DATA
 0002:000003f0 00000008H .CRT$XTA                DATA
 0002:000003f8 00000008H .CRT$XTZ                DATA
 0002:00000400 00000000H .gfids$y                DATA
 0002:00000400 000096e0H .rdata                  DATA
 0002:00009ae0 0000037cH .rdata$r                DATA
 0002:00009e5c 000003f4H .rdata$zzzdbg           DATA
 0002:0000a250 00000008H .rtc$IAA                DATA
 0002:0000a258 00000008H .rtc$IZZ                DATA
 0002:0000a260 00000008H .rtc$TAA                DATA
 0002:0000a268 00000008H .rtc$TZZ                DATA
 0002:0000a270 00002858H .xdata                  DATA
 0002:0000cac8 000001dcH .xdata$x                DATA
 0002:0000cca4 00000020H .didat$2                DATA
 0002:0000ccc4 00000024H .didat$3                DATA
 0002:0000cce8 000001f8H .didat$4                DATA
 0002:0000cee0 00000f58H .didat$6                DATA
 0002:0000de38 000001f8H .didat$7                DATA
 0002:0000e030 00000058H .edata                  DATA
 0002:0000e088 00000050H .idata$2                DATA
 0002:0000e0d8 00000018H .idata$3                DATA
 0002:0000e0f0 00000370H .idata$4                DATA
 0002:0000e460 000007ecH .idata$6                DATA
 0003:00000000 00000a90H .data                   DATA
 0003:00000a90 00000118H .data$r                 DATA
 0003:00000ba8 000001f8H .didat$5                DATA
 0003:00000da0 00001234H .bss                    DATA
 0004:00000000 00001a58H .pdata                  DATA
 0005:00000000 00000060H .rsrc$01                DATA
 0005:00000060 00000180H .rsrc$02                DATA

  Address         Publics by Value              Rva+Base               Lib:Object

 0000:00000000       __guard_fids_count         0000000000000000     <absolute>
 0000:00000000       __hybrid_code_map          0000000000000000     <absolute>
 0000:00000000       __guard_iat_count          0000000000000000     <absolute>
 0000:00000000       __guard_longjmp_count      0000000000000000     <absolute>
 0000:00000000       __guard_longjmp_table      0000000000000000     <absolute>
 0000:00000000       __volatile_metadata        0000000000000000     <absolute>
 0000:00000000       __guard_iat_table          0000000000000000     <absolute>
 0000:00000000       __hybrid_code_map_count    0000000000000000     <absolute>
 0000:00000000       ___safe_se_handler_count   0000000000000000     <absolute>
 0000:00000000       __enclave_config           0000000000000000     <absolute>
 0000:00000000       ___safe_se_handler_table   0000000000000000     <absolute>
 0000:00000000       __guard_fids_table         0000000000000000     <absolute>
 0000:00000000       __hybrid_auxiliary_iat     0000000000000000     <absolute>
 0000:00000000       __dynamic_value_reloc_table 0000000000000000     <absolute>
 0000:00000100       __guard_flags              0000000000000100     <absolute>
 0000:00000000       __ImageBase                0000000180000000     <linker-defined>
 0001:00000040       __local_stdio_printf_options 0000000180001040 f i serialport.obj
 0001:00000050       snprintf                   0000000180001050 f i serialport.obj
 0001:00000190       ??1HandleScope@Nan@@QEAA@XZ 0000000180001190 f i serialport.obj
 0001:000001b0       ?ThrowTypeError@Nan@@YAXPEBD@Z 00000001800011b0 f i serialport.obj
 0001:00000250       ??1Utf8String@Nan@@QEAA@XZ 0000000180001250 f i serialport.obj
 0001:00000280       ??1Callback@Nan@@QEAA@XZ   0000000180001280 f i serialport.obj
 0001:000002c0       ??1?$Persistent@VObject@v8@@V?$NonCopyablePersistentTraits@VObject@v8@@@2@@Nan@@QEAA@XZ 00000001800012c0 f i serialport_win.obj
 0001:000002c0       ??1?$Persistent@VFunction@v8@@V?$NonCopyablePersistentTraits@VFunction@v8@@@2@@Nan@@QEAA@XZ 00000001800012c0 f i serialport.obj
 0001:000002e0       ?getValueFromObject@@YA?AV?$Local@VValue@v8@@@v8@@V?$Local@VObject@v8@@@2@V?$basic_string@DU?$char_traits@D@std@@V?$allocator@D@2@@std@@@Z 00000001800012e0 f   serialport.obj
 0001:00000430       ?getIntFromObject@@YAHV?$Local@VObject@v8@@@v8@@V?$basic_string@DU?$char_traits@D@std@@V?$allocator@D@2@@std@@@Z 0000000180001430 f   serialport.obj
 0001:00000570       ?getBoolFromObject@@YA_NV?$Local@VObject@v8@@@v8@@V?$basic_string@DU?$char_traits@D@std@@V?$allocator@D@2@@std@@@Z 0000000180001570 f   serialport.obj
 0001:000006b0       ?Open@@YAXAEBV?$FunctionCallbackInfo@VValue@v8@@@Nan@@@Z 00000001800016b0 f   serialport.obj
 0001:00000e00       ?EIO_AfterOpen@@YAXPEAUuv_work_s@@@Z 0000000180001e00 f   serialport.obj
 0001:00001030       ?Update@@YAXAEBV?$FunctionCallbackInfo@VValue@v8@@@Nan@@@Z 0000000180002030 f   serialport.obj
 0001:00001390       ?EIO_AfterUpdate@@YAXPEAUuv_work_s@@@Z 0000000180002390 f   serialport.obj
 0001:00001560       ?Close@@YAXAEBV?$FunctionCallbackInfo@VValue@v8@@@Nan@@@Z 0000000180002560 f   serialport.obj
 0001:00001760       ?EIO_AfterFlush@@YAXPEAUuv_work_s@@@Z 0000000180002760 f   serialport.obj
 0001:00001760       ?EIO_AfterClose@@YAXPEAUuv_work_s@@@Z 0000000180002760 f   serialport.obj
 0001:00001760       ?EIO_AfterDrain@@YAXPEAUuv_work_s@@@Z 0000000180002760 f   serialport.obj
 0001:00001930       ?Flush@@YAXAEBV?$FunctionCallbackInfo@VValue@v8@@@Nan@@@Z 0000000180002930 f   serialport.obj
 0001:00001b00       ?Set@@YAXAEBV?$FunctionCallbackInfo@VValue@v8@@@Nan@@@Z 0000000180002b00 f   serialport.obj
 0001:00001ec0       ?EIO_AfterSet@@YAXPEAUuv_work_s@@@Z 0000000180002ec0 f   serialport.obj
 0001:00002090       ?Get@@YAXAEBV?$FunctionCallbackInfo@VValue@v8@@@Nan@@@Z 0000000180003090 f   serialport.obj
 0001:00002280       ?EIO_AfterGet@@YAXPEAUuv_work_s@@@Z 0000000180003280 f   serialport.obj
 0001:00002570       ?GetBaudRate@@YAXAEBV?$FunctionCallbackInfo@VValue@v8@@@Nan@@@Z 0000000180003570 f   serialport.obj
 0001:00002750       ?EIO_AfterGetBaudRate@@YAXPEAUuv_work_s@@@Z 0000000180003750 f   serialport.obj
 0001:000029d0       ?Drain@@YAXAEBV?$FunctionCallbackInfo@VValue@v8@@@Nan@@@Z 00000001800039d0 f   serialport.obj
 0001:00002bb0       ?ToParityEnum@@YA?AW4SerialPortParity@@AEBV?$Local@VString@v8@@@v8@@@Z 0000000180003bb0 f i serialport.obj
 0001:00002e20       ?init@@YAXV?$Local@VObject@v8@@@v8@@@Z 0000000180003e20 f   serialport.obj
 0001:00002f60       ??1?$Persistent@VObject@v8@@V?$NonCopyablePersistentTraits@VObject@v8@@@2@@v8@@QEAA@XZ 0000000180003f60 f i serialport_win.obj
 0001:00002f60       ??1?$Persistent@VFunction@v8@@V?$NonCopyablePersistentTraits@VFunction@v8@@@2@@v8@@QEAA@XZ 0000000180003f60 f i serialport.obj
 0001:00002f80       ??1?$basic_string@DU?$char_traits@D@std@@V?$allocator@D@2@@std@@QEAA@XZ 0000000180003f80 f i serialport.obj
 0001:00002ff0       ??0?$basic_string@DU?$char_traits@D@std@@V?$allocator@D@2@@std@@QEAA@AEBV01@@Z 0000000180003ff0 f i serialport.obj
 0001:000030d0       ?assign@?$basic_string@DU?$char_traits@D@std@@V?$allocator@D@2@@std@@QEAAAEAV12@QEBD@Z 00000001800040d0 f i serialport.obj
 0001:00003230       ??$New@VString@v8@@V?$basic_string@DU?$char_traits@D@std@@V?$allocator@D@2@@std@@@Nan@@YA?AV?$MaybeLocal@VString@v8@@@v8@@V?$basic_string@DU?$char_traits@D@std@@V?$allocator@D@2@@std@@@Z 0000000180004230 f i serialport.obj
 0001:00003330       ??$New@VFunctionTemplate@v8@@@Nan@@YA?AV?$Local@VFunctionTemplate@v8@@@v8@@P6AXAEBV?$FunctionCallbackInfo@VValue@v8@@@0@@ZV?$Local@VValue@v8@@@2@@Z 0000000180004330 f i serialport.obj
 0001:000034e0       ??$SetMethod@VObject@v8@@VLocal@2@@Nan@@YAXV?$Local@VObject@v8@@@v8@@PEBDP6AXAEBV?$FunctionCallbackInfo@VValue@v8@@@0@@Z@Z 00000001800044e0 f i serialport.obj
 0001:000035b0       ?_Xlen@?$basic_string@DU?$char_traits@D@std@@V?$allocator@D@2@@std@@SAXXZ 00000001800045b0 f i serialport.obj
 0001:000035d0       ??$SetMethodAux@V?$Local@VObject@v8@@@v8@@@imp@Nan@@YAXV?$Local@VObject@v8@@@v8@@V?$Local@VString@v8@@@3@V?$Local@VFunctionTemplate@v8@@@3@ZZ 00000001800045d0 f i serialport.obj
 0001:000036b0       _snprintf_s                00000001800046b0 f i serialport_win.obj
 0001:00003720       ??1EscapableHandleScope@Nan@@QEAA@XZ 0000000180004720 f i serialport_win.obj
 0001:00003750       ?ErrorCodeToString@@YAXPEBDHPEAD@Z 0000000180004750 f   serialport_win.obj
 0001:000037f0       ?AsyncCloseCallback@@YAXPEAUuv_handle_s@@@Z 00000001800047f0 f   serialport_win.obj
 0001:00003800       ?EIO_Open@@YAXPEAUuv_work_s@@@Z 0000000180004800 f   serialport_win.obj
 0001:00003bd0       ?EIO_Update@@YAXPEAUuv_work_s@@@Z 0000000180004bd0 f   serialport_win.obj
 0001:00003c90       ?EIO_Set@@YAXPEAUuv_work_s@@@Z 0000000180004c90 f   serialport_win.obj
 0001:00003d60       ?EIO_Get@@YAXPEAUuv_work_s@@@Z 0000000180004d60 f   serialport_win.obj
 0001:00003de0       ?EIO_GetBaudRate@@YAXPEAUuv_work_s@@@Z 0000000180004de0 f   serialport_win.obj
 0001:00003e80       ?Write@@YAXAEBV?$FunctionCallbackInfo@VValue@v8@@@Nan@@@Z 0000000180004e80 f   serialport_win.obj
 0001:000041b0       ?WriteIOCompletion@@YAXKKPEAU_OVERLAPPED@@@Z 00000001800051b0 f   serialport_win.obj
 0001:00004220       ?WriteThread@@YAKPEAX@Z    0000000180005220 f   serialport_win.obj
 0001:00004300       ?EIO_AfterWrite@@YAXPEAUuv_async_s@@@Z 0000000180005300 f   serialport_win.obj
 0001:00004510       ?Read@@YAXAEBV?$FunctionCallbackInfo@VValue@v8@@@Nan@@@Z 0000000180005510 f   serialport_win.obj
 0001:00004970       ?ReadIOCompletion@@YAXKKPEAU_OVERLAPPED@@@Z 0000000180005970 f   serialport_win.obj
 0001:00004b30       ?ReadThread@@YAKPEAX@Z     0000000180005b30 f   serialport_win.obj
 0001:00004c50       ?EIO_AfterRead@@YAXPEAUuv_async_s@@@Z 0000000180005c50 f   serialport_win.obj
 0001:00004ed0       ?EIO_Close@@YAXPEAUuv_work_s@@@Z 0000000180005ed0 f   serialport_win.obj
 0001:00004fa0       ?List@@YAXAEBV?$FunctionCallbackInfo@VValue@v8@@@Nan@@@Z 0000000180005fa0 f   serialport_win.obj
 0001:00005100       ?getSerialNumber@@YAXPEBD0QEAXU_SP_DEVINFO_DATA@@IPEAD@Z 0000000180006100 f   serialport_win.obj
 0001:00005490       ?EIO_List@@YAXPEAUuv_work_s@@@Z 0000000180006490 f   serialport_win.obj
 0001:000059a0       ?setIfNotEmpty@@YAXV?$Local@VObject@v8@@@v8@@V?$basic_string@DU?$char_traits@D@std@@V?$allocator@D@2@@std@@PEBD@Z 00000001800069a0 f   serialport_win.obj
 0001:00005b70       ?EIO_AfterList@@YAXPEAUuv_work_s@@@Z 0000000180006b70 f   serialport_win.obj
 0001:00006050       ??1ListResultItem@@QEAA@XZ 0000000180007050 f i serialport_win.obj
 0001:000062e0       ?EIO_Flush@@YAXPEAUuv_work_s@@@Z 00000001800072e0 f   serialport_win.obj
 0001:00006320       ?EIO_Drain@@YAXPEAUuv_work_s@@@Z 0000000180007320 f   serialport_win.obj
 0001:00006360       ??1?$list@PEAUListResultItem@@V?$allocator@PEAUListResultItem@@@std@@@std@@QEAA@XZ 0000000180007360 f i serialport_win.obj
 0001:000063d0       ??1?$_List_buy@HV?$allocator@H@std@@@std@@QEAA@XZ 00000001800073d0 f i serialport_win.obj
 0001:00006410       ??1?$_List_buy@PEAUListResultItem@@V?$allocator@PEAUListResultItem@@@std@@@std@@QEAA@XZ 0000000180007410 f i serialport_win.obj
 0001:00006440       ??1?$_List_alloc@U?$_List_base_types@HV?$allocator@H@std@@@std@@@std@@QEAA@XZ 0000000180007440 f i serialport_win.obj
 0001:00006470       ??1?$_List_alloc@U?$_List_base_types@PEAUListResultItem@@V?$allocator@PEAUListResultItem@@@std@@@std@@@std@@QEAA@XZ 0000000180007470 f i serialport_win.obj
 0001:000064dc       __imp_load_uv_queue_work   00000001800074dc f   node:node.exe
 0001:000064e8       __tailMerge_node_exe       00000001800074e8     node:node.exe
 0001:00006561       __imp_load_?Global@Context@v8@@QEAA?AV?$Local@VObject@v8@@@2@XZ 0000000180007561 f   node:node.exe
 0001:0000656d       __imp_load_?Value@External@v8@@QEBAPEAXXZ 000000018000756d f   node:node.exe
 0001:00006579       __imp_load_?New@External@v8@@SA?AV?$Local@VExternal@v8@@@2@PEAVIsolate@2@PEAX@Z 0000000180007579 f   node:node.exe
 0001:00006585       __imp_load_?New@Integer@v8@@SA?AV?$Local@VInteger@v8@@@2@PEAVIsolate@2@H@Z 0000000180007585 f   node:node.exe
 0001:00006591       __imp_load_?ThrowException@Isolate@v8@@QEAA?AV?$Local@VValue@v8@@@2@V32@@Z 0000000180007591 f   node:node.exe
 0001:0000659d       __imp_load_?GetCurrentContext@Isolate@v8@@QEAA?AV?$Local@VContext@v8@@@2@XZ 000000018000759d f   node:node.exe
 0001:000065a9       __imp_load_?GetCurrent@Isolate@v8@@SAPEAV12@XZ 00000001800075a9 f   node:node.exe
 0001:000065b5       __imp_load_?CreateHandle@HandleScope@v8@@KAPEAPEAVObject@internal@2@PEAVIsolate@42@PEAV342@@Z 00000001800075b5 f   node:node.exe
 0001:000065c1       __imp_load_?CreateHandle@HandleScope@v8@@CAPEAPEAVObject@internal@2@PEAVNeverReadOnlySpaceObject@42@PEAV342@@Z 00000001800075c1 f   node:node.exe
 0001:000065cd       __imp_load_??1HandleScope@v8@@QEAA@XZ 00000001800075cd f   node:node.exe
 0001:000065d9       __imp_load_??0HandleScope@v8@@QEAA@PEAVIsolate@1@@Z 00000001800075d9 f   node:node.exe
 0001:000065e5       __imp_load_?Error@Exception@v8@@SA?AV?$Local@VValue@v8@@@2@V?$Local@VString@v8@@@2@@Z 00000001800075e5 f   node:node.exe
 0001:000065f1       __imp_load_?TypeError@Exception@v8@@SA?AV?$Local@VValue@v8@@@2@V?$Local@VString@v8@@@2@@Z 00000001800075f1 f   node:node.exe
 0001:000065fd       __imp_load_?SetClassName@FunctionTemplate@v8@@QEAAXV?$Local@VString@v8@@@2@@Z 00000001800075fd f   node:node.exe
 0001:00006609       __imp_load_?GetFunction@FunctionTemplate@v8@@QEAA?AV?$MaybeLocal@VFunction@v8@@@2@V?$Local@VContext@v8@@@2@@Z 0000000180007609 f   node:node.exe
 0001:00006615       __imp_load_?New@FunctionTemplate@v8@@SA?AV?$Local@VFunctionTemplate@v8@@@2@PEAVIsolate@2@P6AXAEBV?$FunctionCallbackInfo@VValue@v8@@@2@@ZV?$Local@VValue@v8@@@2@V?$Local@VSignature@v8@@@2@HW4ConstructorBehavior@2@W4SideEffectType@2@@Z 0000000180007615 f   node:node.exe
 0001:00006621       __imp_load_?Value@Boolean@v8@@QEBA_NXZ 0000000180007621 f   node:node.exe
 0001:0000662d       __imp_load_?ToLocalEmpty@V8@v8@@CAXXZ 000000018000762d f   node:node.exe
 0001:00006639       __imp_load_?FromJustIsNothing@V8@v8@@CAXXZ 0000000180007639 f   node:node.exe
 0001:00006645       __imp_load_?DisposeGlobal@V8@v8@@CAXPEAPEAVObject@internal@2@@Z 0000000180007645 f   node:node.exe
 0001:00006651       __imp_load_?GlobalizeReference@V8@v8@@CAPEAPEAVObject@internal@2@PEAVIsolate@42@PEAPEAV342@@Z 0000000180007651 f   node:node.exe
 0001:0000665d       __imp_load_?Int32Value@Value@v8@@QEBA?AV?$Maybe@H@2@V?$Local@VContext@v8@@@2@@Z 000000018000765d f   node:node.exe
 0001:00006669       __imp_load_?NumberValue@Value@v8@@QEBA?AV?$Maybe@N@2@V?$Local@VContext@v8@@@2@@Z 0000000180007669 f   node:node.exe
 0001:00006675       __imp_load_?ToInt32@Value@v8@@QEBA?AV?$MaybeLocal@VInt32@v8@@@2@V?$Local@VContext@v8@@@2@@Z 0000000180007675 f   node:node.exe
 0001:00006681       __imp_load_?ToInteger@Value@v8@@QEBA?AV?$MaybeLocal@VInteger@v8@@@2@V?$Local@VContext@v8@@@2@@Z 0000000180007681 f   node:node.exe
 0001:0000668d       __imp_load_?ToObject@Value@v8@@QEBA?AV?$MaybeLocal@VObject@v8@@@2@V?$Local@VContext@v8@@@2@@Z 000000018000768d f   node:node.exe
 0001:00006699       __imp_load_?ToString@Value@v8@@QEBA?AV?$MaybeLocal@VString@v8@@@2@V?$Local@VContext@v8@@@2@@Z 0000000180007699 f   node:node.exe
 0001:000066a5       __imp_load_?ToBoolean@Value@v8@@QEBA?AV?$MaybeLocal@VBoolean@v8@@@2@V?$Local@VContext@v8@@@2@@Z 00000001800076a5 f   node:node.exe
 0001:000066b1       __imp_load_?IsInt32@Value@v8@@QEBA_NXZ 00000001800076b1 f   node:node.exe
 0001:000066bd       __imp_load_?IsObject@Value@v8@@QEBA_NXZ 00000001800076bd f   node:node.exe
 0001:000066c9       __imp_load_?IsFunction@Value@v8@@QEBA_NXZ 00000001800076c9 f   node:node.exe
 0001:000066d5       __imp_load_?Escape@EscapableHandleScope@v8@@AEAAPEAPEAVObject@internal@2@PEAPEAV342@@Z 00000001800076d5 f   node:node.exe
 0001:000066e1       __imp_load_??0EscapableHandleScope@v8@@QEAA@PEAVIsolate@1@@Z 00000001800076e1 f   node:node.exe
 0001:000066ed       __imp_load_??1Utf8Value@String@v8@@QEAA@XZ 00000001800076ed f   node:node.exe
 0001:000066f9       __imp_load_??0Utf8Value@String@v8@@QEAA@V?$Local@VValue@v8@@@2@@Z 00000001800076f9 f   node:node.exe
 0001:00006705       __imp_load_?NewFromUtf8@String@v8@@SA?AV?$MaybeLocal@VString@v8@@@2@PEAVIsolate@2@PEBDW4NewStringType@2@H@Z 0000000180007705 f   node:node.exe
 0001:00006711       __imp_load_?WriteUtf8@String@v8@@QEBAHPEADHPEAHH@Z 0000000180007711 f   node:node.exe
 0001:0000671d       __imp_load_?Length@String@v8@@QEBAHXZ 000000018000771d f   node:node.exe
 0001:00006729       __imp_load_?Value@Int32@v8@@QEBAHXZ 0000000180007729 f   node:node.exe
 0001:00006735       __imp_load_?SlowGetInternalField@Object@v8@@AEAA?AV?$Local@VValue@v8@@@2@H@Z 0000000180007735 f   node:node.exe
 0001:00006741       __imp_load_?New@Object@v8@@SA?AV?$Local@VObject@v8@@@2@PEAVIsolate@2@@Z 0000000180007741 f   node:node.exe
 0001:0000674d       __imp_load_?SetInternalField@Object@v8@@QEAAXHV?$Local@VValue@v8@@@2@@Z 000000018000774d f   node:node.exe
 0001:00006759       __imp_load_?Has@Object@v8@@QEAA?AV?$Maybe@_N@2@V?$Local@VContext@v8@@@2@V?$Local@VValue@v8@@@2@@Z 0000000180007759 f   node:node.exe
 0001:00006765       __imp_load_?Get@Object@v8@@QEAA?AV?$MaybeLocal@VValue@v8@@@2@V?$Local@VContext@v8@@@2@V?$Local@VValue@v8@@@2@@Z 0000000180007765 f   node:node.exe
 0001:00006771       __imp_load_?Set@Object@v8@@QEAA_NV?$Local@VValue@v8@@@2@0@Z 0000000180007771 f   node:node.exe
 0001:0000677d       __imp_load_?Set@Object@v8@@QEAA?AV?$Maybe@_N@2@V?$Local@VContext@v8@@@2@V?$Local@VValue@v8@@@2@1@Z 000000018000777d f   node:node.exe
 0001:00006789       __imp_load_?Call@Function@v8@@QEAA?AV?$MaybeLocal@VValue@v8@@@2@V?$Local@VContext@v8@@@2@V?$Local@VValue@v8@@@2@HQEAV52@@Z 0000000180007789 f   node:node.exe
 0001:00006795       __imp_load_?SetInternalFieldCount@ObjectTemplate@v8@@QEAAXH@Z 0000000180007795 f   node:node.exe
 0001:000067a1       __imp_load_?NewInstance@ObjectTemplate@v8@@QEAA?AV?$MaybeLocal@VObject@v8@@@2@V?$Local@VContext@v8@@@2@@Z 00000001800077a1 f   node:node.exe
 0001:000067ad       __imp_load_?New@ObjectTemplate@v8@@SA?AV?$Local@VObjectTemplate@v8@@@2@PEAVIsolate@2@V?$Local@VFunctionTemplate@v8@@@2@@Z 00000001800077ad f   node:node.exe
 0001:000067b9       __imp_load_node_module_register 00000001800077b9 f   node:node.exe
 0001:000067c5       __imp_load_uv_default_loop 00000001800077c5 f   node:node.exe
 0001:000067d1       __imp_load_??1EscapableHandleScope@v8@@QEAA@XZ 00000001800077d1 f   node:node.exe
 0001:000067dd       __imp_load_?New@Array@v8@@SA?AV?$Local@VArray@v8@@@2@PEAVIsolate@2@H@Z 00000001800077dd f   node:node.exe
 0001:000067e9       __imp_load_?Set@Object@v8@@QEAA?AV?$Maybe@_N@2@V?$Local@VContext@v8@@@2@IV?$Local@VValue@v8@@@2@@Z 00000001800077e9 f   node:node.exe
 0001:000067f5       __imp_load_uv_close        00000001800077f5 f   node:node.exe
 0001:00006801       __imp_load_?HasInstance@Buffer@node@@YA_NV?$Local@VValue@v8@@@v8@@@Z 0000000180007801 f   node:node.exe
 0001:0000680d       __imp_load_?Data@Buffer@node@@YAPEADV?$Local@VObject@v8@@@v8@@@Z 000000018000780d f   node:node.exe
 0001:00006819       __imp_load_?Length@Buffer@node@@YA_KV?$Local@VObject@v8@@@v8@@@Z 0000000180007819 f   node:node.exe
 0001:00006825       __imp_load_uv_async_send   0000000180007825 f   node:node.exe
 0001:00006831       __imp_load_uv_async_init   0000000180007831 f   node:node.exe
 0001:00006840       ??0bad_alloc@std@@QEAA@AEBV01@@Z 0000000180007840 f i libcpmt:xthrow.obj
 0001:00006880       ??0bad_alloc@std@@QEAA@XZ  0000000180007880 f i libcpmt:xthrow.obj
 0001:000068a0       ??0exception@std@@QEAA@AEBV01@@Z 00000001800078a0 f i libcpmt:xthrow.obj
 0001:000068d8       ??0length_error@std@@QEAA@AEBV01@@Z 00000001800078d8 f i libcpmt:xthrow.obj
 0001:00006918       ??0length_error@std@@QEAA@PEBD@Z 0000000180007918 f i libcpmt:xthrow.obj
 0001:00006964       ??0logic_error@std@@QEAA@AEBV01@@Z 0000000180007964 f i libcpmt:xthrow.obj
 0001:000069a4       ??1length_error@std@@UEAA@XZ 00000001800079a4 f i libcpmt:xthrow.obj
 0001:000069a4       ??1bad_alloc@std@@UEAA@XZ  00000001800079a4 f i libcpmt:xthrow.obj
 0001:000069a4       ??1bad_exception@std@@UEAA@XZ 00000001800079a4 f i libvcruntime:frame.obj
 0001:000069a4       ??1bad_array_new_length@std@@UEAA@XZ 00000001800079a4 f i LIBCMT:throw_bad_alloc.obj
 0001:000069b8       ??_Elogic_error@std@@UEAAPEAXI@Z 00000001800079b8 f i libcpmt:xthrow.obj
 0001:000069b8       ??_Eexception@std@@UEAAPEAXI@Z 00000001800079b8 f i libcpmt:xthrow.obj
 0001:000069b8       ??_Ebad_array_new_length@std@@UEAAPEAXI@Z 00000001800079b8 f i LIBCMT:throw_bad_alloc.obj
 0001:000069b8       ??_Gbad_array_new_length@std@@UEAAPEAXI@Z 00000001800079b8 f i LIBCMT:throw_bad_alloc.obj
 0001:000069b8       ??_Glength_error@std@@UEAAPEAXI@Z 00000001800079b8 f i libcpmt:xthrow.obj
 0001:000069b8       ??_Ebad_exception@std@@UEAAPEAXI@Z 00000001800079b8 f i libvcruntime:frame.obj
 0001:000069b8       ??_Elength_error@std@@UEAAPEAXI@Z 00000001800079b8 f i libcpmt:xthrow.obj
 0001:000069b8       ??_Ebad_alloc@std@@UEAAPEAXI@Z 00000001800079b8 f i libcpmt:xthrow.obj
 0001:000069b8       ??_Gbad_exception@std@@UEAAPEAXI@Z 00000001800079b8 f i libvcruntime:frame.obj
 0001:000069b8       ??_Gbad_alloc@std@@UEAAPEAXI@Z 00000001800079b8 f i libcpmt:xthrow.obj
 0001:000069b8       ??_Glogic_error@std@@UEAAPEAXI@Z 00000001800079b8 f i libcpmt:xthrow.obj
 0001:000069b8       ??_Gexception@std@@UEAAPEAXI@Z 00000001800079b8 f i libcpmt:xthrow.obj
 0001:000069fc       ?_Xlength_error@std@@YAXPEBD@Z 00000001800079fc f   libcpmt:xthrow.obj
 0001:00006a20       ?what@exception@std@@UEBAPEBDXZ 0000000180007a20 f i libcpmt:xthrow.obj
 0001:00006a50       __security_check_cookie    0000000180007a50 f   LIBCMT:amdsecgs.obj
 0001:00006a74       ??2@YAPEAX_K@Z             0000000180007a74 f   LIBCMT:new_scalar.obj
 0001:00006ab0       ??3@YAXPEAX_K@Z            0000000180007ab0 f   LIBCMT:delete_scalar_size.obj
 0001:00006ab8       __raise_securityfailure    0000000180007ab8 f   LIBCMT:gs_report.obj
 0001:00006aec       __report_gsfailure         0000000180007aec f   LIBCMT:gs_report.obj
 0001:00006bc0       __report_rangecheckfailure 0000000180007bc0 f   LIBCMT:gs_report.obj
 0001:00006bd4       __report_securityfailure   0000000180007bd4 f   LIBCMT:gs_report.obj
 0001:00006d54       __scrt_acquire_startup_lock 0000000180007d54 f   LIBCMT:utility.obj
 0001:00006d90       __scrt_dllmain_after_initialize_c 0000000180007d90 f   LIBCMT:utility.obj
 0001:00006dc4       __scrt_dllmain_before_initialize_c 0000000180007dc4 f   LIBCMT:utility.obj
 0001:00006ddc       __scrt_dllmain_crt_thread_attach 0000000180007ddc f   LIBCMT:utility.obj
 0001:00006e04       __scrt_dllmain_crt_thread_detach 0000000180007e04 f   LIBCMT:utility.obj
 0001:00006e1c       __scrt_dllmain_exception_filter 0000000180007e1c f   LIBCMT:utility.obj
 0001:00006e7c       __scrt_dllmain_uninitialize_c 0000000180007e7c f   LIBCMT:utility.obj
 0001:00006eac       __scrt_dllmain_uninitialize_critical 0000000180007eac f   LIBCMT:utility.obj
 0001:00006ec0       __scrt_initialize_crt      0000000180007ec0 f   LIBCMT:utility.obj
 0001:00006f0c       __scrt_initialize_onexit_tables 0000000180007f0c f   LIBCMT:utility.obj
 0001:00006fe4       __scrt_is_nonwritable_in_current_image 0000000180007fe4 f   LIBCMT:utility.obj
 0001:00007080       __scrt_release_startup_lock 0000000180008080 f   LIBCMT:utility.obj
 0001:000070a4       __scrt_uninitialize_crt    00000001800080a4 f   LIBCMT:utility.obj
 0001:000070d0       _onexit                    00000001800080d0 f   LIBCMT:utility.obj
 0001:00007120       atexit                     0000000180008120 f   LIBCMT:utility.obj
 0001:00007468       _DllMainCRTStartup         0000000180008468 f   LIBCMT:dll_dllmain.obj
 0001:000074a8       ??_Etype_info@@UEAAPEAXI@Z 00000001800084a8 f i LIBCMT:std_type_info_static.obj
 0001:000074a8       ??_Gtype_info@@UEAAPEAXI@Z 00000001800084a8 f i LIBCMT:std_type_info_static.obj
 0001:000074d4       ??0bad_array_new_length@std@@QEAA@AEBV01@@Z 00000001800084d4 f i LIBCMT:throw_bad_alloc.obj
 0001:00007514       ??0bad_array_new_length@std@@QEAA@XZ 0000000180008514 f i LIBCMT:throw_bad_alloc.obj
 0001:00007534       ?__scrt_throw_std_bad_alloc@@YAXXZ 0000000180008534 f   LIBCMT:throw_bad_alloc.obj
 0001:00007554       ?__scrt_throw_std_bad_array_new_length@@YAXXZ 0000000180008554 f   LIBCMT:throw_bad_alloc.obj
 0001:00007574       ??3@YAXPEAX@Z              0000000180008574 f   LIBCMT:delete_scalar.obj
 0001:0000757c       __isa_available_init       000000018000857c f   LIBCMT:cpu_disp.obj
 0001:00007738       DllMain                    0000000180008738 f   LIBCMT:dll_dllmain_stub.obj
 0001:00007738       _get_startup_argv_mode     0000000180008738 f   LIBCMT:argv_mode.obj
 0001:00007740       __scrt_is_ucrt_dll_in_use  0000000180008740 f   LIBCMT:ucrt_detection.obj
 0001:0000774c       __crt_debugger_hook        000000018000874c f   LIBCMT:utility_desktop.obj
 0001:00007754       __scrt_fastfail            0000000180008754 f   LIBCMT:utility_desktop.obj
 0001:000078a0       _guard_check_icall_nop     00000001800088a0 f i LIBCMT:guard_support.obj
 0001:000078a4       __security_init_cookie     00000001800088a4 f   LIBCMT:gs_support.obj
 0001:00007950       ?__scrt_initialize_type_info@@YAXXZ 0000000180008950 f   LIBCMT:tncleanup.obj
 0001:00007960       ?__scrt_uninitialize_type_info@@YAXXZ 0000000180008960 f   LIBCMT:tncleanup.obj
 0001:0000796c       __local_stdio_scanf_options 000000018000896c f i LIBCMT:default_local_stdio_options.obj
 0001:00007974       __scrt_initialize_default_local_stdio_options 0000000180008974 f   LIBCMT:default_local_stdio_options.obj
 0001:00007990       __scrt_get_dyn_tls_init_callback 0000000180008990 f   LIBCMT:dyn_tls_init.obj
 0001:00007998       _RTC_Initialize            0000000180008998 f   LIBCMT:initsect.obj
 0001:000079d4       _RTC_Terminate             00000001800089d4 f   LIBCMT:initsect.obj
 0001:00007a10       ??$_CallSETranslator@V__FrameHandler3@@@@YAHPEAUEHExceptionRecord@@PEA_KPEAU_CONTEXT@@PEAU_xDISPATCHER_CONTEXT@@PEBU_s_FuncInfo@@K1@Z 0000000180008a10 f i libvcruntime:risctrnsctrl.obj
 0001:00007a64       ?CatchTryBlock@__FrameHandler3@@SAPEBU_s_TryBlockMapEntry@@PEBU_s_FuncInfo@@H@Z 0000000180008a64 f   libvcruntime:risctrnsctrl.obj
 0001:00007abc       ?ExecutionInCatch@__FrameHandler3@@SA_NPEAU_xDISPATCHER_CONTEXT@@PEBU_s_FuncInfo@@@Z 0000000180008abc f   libvcruntime:risctrnsctrl.obj
 0001:00007ae8       ?FrameUnwindToEmptyState@__FrameHandler3@@SAXPEA_KPEAU_xDISPATCHER_CONTEXT@@PEBU_s_FuncInfo@@@Z 0000000180008ae8 f   libvcruntime:risctrnsctrl.obj
 0001:00007b4c       ?GetEstablisherFrame@__FrameHandler3@@SAPEA_KPEA_KPEAU_xDISPATCHER_CONTEXT@@PEBU_s_FuncInfo@@0@Z 0000000180008b4c f   libvcruntime:risctrnsctrl.obj
 0001:00007c18       ?GetRangeOfTrysToCheck@__FrameHandler3@@SA?AU?$pair@Viterator@TryBlockMap@__FrameHandler3@@V123@@std@@AEAVTryBlockMap@1@HH@Z 0000000180008c18 f   libvcruntime:risctrnsctrl.obj
 0001:00007d74       ?UnwindNestedFrames@__FrameHandler3@@SAXPEA_KPEAUEHExceptionRecord@@PEAU_CONTEXT@@0PEAXPEBU_s_FuncInfo@@HHPEBU_s_HandlerType@@PEAU_xDISPATCHER_CONTEXT@@E@Z 0000000180008d74 f   libvcruntime:risctrnsctrl.obj
 0001:00007e98       _CreateFrameInfo           0000000180008e98 f   libvcruntime:risctrnsctrl.obj
 0001:00007ed4       _FindAndUnlinkFrame        0000000180008ed4 f   libvcruntime:risctrnsctrl.obj
 0001:00007f28       _GetImageBase              0000000180008f28 f   libvcruntime:risctrnsctrl.obj
 0001:00007f3c       _GetThrowImageBase         0000000180008f3c f   libvcruntime:risctrnsctrl.obj
 0001:00007f50       _SetImageBase              0000000180008f50 f   libvcruntime:risctrnsctrl.obj
 0001:00007f68       _SetThrowImageBase         0000000180008f68 f   libvcruntime:risctrnsctrl.obj
 0001:00007f80       __CxxFrameHandler3         0000000180008f80 f   libvcruntime:risctrnsctrl.obj
 0001:00008000       strstr                     0000000180009000 f   libvcruntime:strstr.obj
 0001:00008200       __std_exception_copy       0000000180009200 f   libvcruntime:std_exception.obj
 0001:00008290       __std_exception_destroy    0000000180009290 f   libvcruntime:std_exception.obj
 0001:000082b8       _CxxThrowException         00000001800092b8 f   libvcruntime:throw.obj
 0001:00008378       __vcrt_initialize          0000000180009378 f   libvcruntime:initialization.obj
 0001:000083ac       __vcrt_thread_attach       00000001800093ac f   libvcruntime:initialization.obj
 0001:000083c0       __vcrt_thread_detach       00000001800093c0 f   libvcruntime:initialization.obj
 0001:000083d4       __vcrt_uninitialize        00000001800093d4 f   libvcruntime:initialization.obj
 0001:000083f4       __vcrt_uninitialize_critical 00000001800093f4 f   libvcruntime:initialization.obj
 0001:00008404       __C_specific_handler       0000000180009404 f   libvcruntime:riscchandler.obj
 0001:00008620       memset_repmovs             0000000180009620 f   libvcruntime:memset.obj
 0001:00008640       memset                     0000000180009640 f   libvcruntime:memset.obj
 0001:000087d0       __std_type_info_compare    00000001800097d0 f   libvcruntime:std_type_info.obj
 0001:000087f8       __std_type_info_destroy_list 00000001800097f8 f   libvcruntime:std_type_info.obj
 0001:00008824       __vcrt_freefls             0000000180009824 f   libvcruntime:per_thread_data.obj
 0001:00008844       __vcrt_freeptd             0000000180009844 f   libvcruntime:per_thread_data.obj
 0001:00008894       __vcrt_getptd              0000000180009894 f   libvcruntime:per_thread_data.obj
 0001:000088b0       __vcrt_getptd_noexit       00000001800098b0 f   libvcruntime:per_thread_data.obj
 0001:0000897c       __vcrt_initialize_ptd      000000018000997c f   libvcruntime:per_thread_data.obj
 0001:000089d0       __vcrt_uninitialize_ptd    00000001800099d0 f   libvcruntime:per_thread_data.obj
 0001:000089f4       ?GetCurrentState@__FrameHandler3@@SAHPEA_KPEAU_xDISPATCHER_CONTEXT@@PEBU_s_FuncInfo@@@Z 00000001800099f4 f   libvcruntime:ehstate.obj
 0001:00008a1c       ?GetUnwindTryBlock@__FrameHandler3@@SAHPEA_KPEAU_xDISPATCHER_CONTEXT@@PEBU_s_FuncInfo@@@Z 0000000180009a1c f   libvcruntime:ehstate.obj
 0001:00008a48       ?SetState@__FrameHandler3@@SAXPEA_KPEBU_s_FuncInfo@@H@Z 0000000180009a48 f   libvcruntime:ehstate.obj
 0001:00008a54       ?SetUnwindTryBlock@__FrameHandler3@@SAXPEA_KPEAU_xDISPATCHER_CONTEXT@@PEBU_s_FuncInfo@@H@Z 0000000180009a54 f   libvcruntime:ehstate.obj
 0001:00008a90       ?StateFromControlPc@__FrameHandler3@@SAHPEBU_s_FuncInfo@@PEAU_xDISPATCHER_CONTEXT@@@Z 0000000180009a90 f   libvcruntime:ehstate.obj
 0001:00008a98       ?StateFromIp@__FrameHandler3@@SAHPEBU_s_FuncInfo@@PEAU_xDISPATCHER_CONTEXT@@_K@Z 0000000180009a98 f   libvcruntime:ehstate.obj
 0001:00009524       ??$TypeMatchHelper@$$CBU_s_HandlerType@@@@YAHPEBU_s_HandlerType@@PEBU_s_CatchableType@@PEBU_s_ThrowInfo@@@Z 000000018000a524 f i libvcruntime:frame.obj
 0001:00009668       ??$__InternalCxxFrameHandler@V__FrameHandler3@@@@YA?AW4_EXCEPTION_DISPOSITION@@PEAUEHExceptionRecord@@PEA_KPEAU_CONTEXT@@PEAU_xDISPATCHER_CONTEXT@@PEBU_s_FuncInfo@@H1E@Z 000000018000a668 f i libvcruntime:frame.obj
 0001:000098b0       ??0bad_exception@std@@QEAA@AEBV01@@Z 000000018000a8b0 f i libvcruntime:frame.obj
 0001:000098f0       ??0bad_exception@std@@QEAA@XZ 000000018000a8f0 f i libvcruntime:frame.obj
 0001:00009910       ?CxxCallCatchBlock@__FrameHandler3@@SAPEAXPEAU_EXCEPTION_RECORD@@@Z 000000018000a910 f   libvcruntime:frame.obj
 0001:00009b84       ?FrameUnwindToState@__FrameHandler3@@SAXPEA_KPEAU_xDISPATCHER_CONTEXT@@PEBU_s_FuncInfo@@H@Z 000000018000ab84 f   libvcruntime:frame.obj
 0001:00009d18       ?GetHandlerSearchState@__FrameHandler3@@SAHPEA_KPEAU_xDISPATCHER_CONTEXT@@PEBU_s_FuncInfo@@@Z 000000018000ad18 f i libvcruntime:frame.obj
 0001:00009f1c       ?_CallMemberFunction1@@YAXQEAX00@Z 000000018000af1c f i libvcruntime:frame.obj
 0001:00009f28       ?_CallMemberFunction2@@YAXQEAX00H@Z 000000018000af28 f i libvcruntime:frame.obj
 0001:00009f38       __vcrt_initialize_locks    000000018000af38 f   libvcruntime:locks.obj
 0001:00009f80       __vcrt_uninitialize_locks  000000018000af80 f   libvcruntime:locks.obj
 0001:0000a190       __vcrt_FlsAlloc            000000018000b190 f   libvcruntime:winapi_downlevel.obj
 0001:0000a1d8       __vcrt_FlsFree             000000018000b1d8 f   libvcruntime:winapi_downlevel.obj
 0001:0000a220       __vcrt_FlsGetValue         000000018000b220 f   libvcruntime:winapi_downlevel.obj
 0001:0000a268       __vcrt_FlsSetValue         000000018000b268 f   libvcruntime:winapi_downlevel.obj
 0001:0000a2bc       __vcrt_InitializeCriticalSectionEx 000000018000b2bc f   libvcruntime:winapi_downlevel.obj
 0001:0000a320       __vcrt_initialize_winapi_thunks 000000018000b320 f   libvcruntime:winapi_downlevel.obj
 0001:0000a350       __vcrt_uninitialize_winapi_thunks 000000018000b350 f   libvcruntime:winapi_downlevel.obj
 0001:0000a390       __vcrt_initialize_pure_virtual_call_handler 000000018000b390 f   libvcruntime:purevirt_data.obj
 0001:0000a3b0       _NLG_Notify                000000018000b3b0 f   libvcruntime:notify.obj
 0001:0000a3d0       __NLG_Dispatch2            000000018000b3d0 f   libvcruntime:notify.obj
 0001:0000a3e0       __NLG_Return2              000000018000b3e0 f   libvcruntime:notify.obj
 0001:0000a3e4       __except_validate_context_record 000000018000b3e4 f   libvcruntime:jbcxrval.obj
 0001:0000a41c       __DestructExceptionObject  000000018000b41c f   libvcruntime:ehhelpers.obj
 0001:0000a490       ?_CallMemberFunction0@@YAXQEAX0@Z 000000018000b490 f i libvcruntime:ehhelpers.obj
 0001:0000a494       _IsExceptionObjectToBeDestroyed 000000018000b494 f   libvcruntime:ehhelpers.obj
 0001:0000a4c4       __AdjustPointer            000000018000b4c4 f   libvcruntime:ehhelpers.obj
 0001:0000a4e8       __FrameUnwindFilter        000000018000b4e8 f   libvcruntime:ehhelpers.obj
 0001:0000a550       _CallSettingFrame          000000018000b550 f   libvcruntime:handlers.obj
 0001:0000a5a0       _CallSettingFrameEncoded   000000018000b5a0 f   libvcruntime:handlers.obj
 0001:0000a600       memcpy_repmovs             000000018000b600 f   libvcruntime:memcpy.obj
 0001:0000a620       memmove                    000000018000b620 f   libvcruntime:memcpy.obj
 0001:0000a620       memcpy                     000000018000b620 f   libvcruntime:memcpy.obj
 0001:0000b004       ??$ensure_buffer_is_big_enough@D@formatting_buffer@__crt_stdio_output@@QEAA_N_K@Z 000000018000c004 f i libucrt:output.obj
 0001:0000b0ac       ??$ensure_buffer_is_big_enough@_W@formatting_buffer@__crt_stdio_output@@QEAA_N_K@Z 000000018000c0ac f i libucrt:output.obj
 0001:0000b158       ??$is_wide_character_specifier@_W@__crt_stdio_output@@YA_N_K_WW4length_modifier@0@@Z 000000018000c158 f i libucrt:output.obj
 0001:0000b198       ??$type_case_integer_parse_into_buffer@I@?$output_processor@DV?$string_output_adapter@D@__crt_stdio_output@@V?$standard_base@DV?$string_output_adapter@D@__crt_stdio_output@@@2@@__crt_stdio_output@@AEAAXII_N@Z 000000018000c198 f i libucrt:output.obj
 0001:0000b198       ??$type_case_integer_parse_into_buffer@I@?$output_processor@DV?$string_output_adapter@D@__crt_stdio_output@@V?$format_validation_base@DV?$string_output_adapter@D@__crt_stdio_output@@@2@@__crt_stdio_output@@AEAAXII_N@Z 000000018000c198 f i libucrt:output.obj
 0001:0000b228       ??$type_case_integer_parse_into_buffer@I@?$output_processor@_WV?$string_output_adapter@_W@__crt_stdio_output@@V?$standard_base@_WV?$string_output_adapter@_W@__crt_stdio_output@@@2@@__crt_stdio_output@@AEAAXII_N@Z 000000018000c228 f i libucrt:output.obj
 0001:0000b228       ??$type_case_integer_parse_into_buffer@I@?$output_processor@_WV?$stream_output_adapter@_W@__crt_stdio_output@@V?$standard_base@_WV?$stream_output_adapter@_W@__crt_stdio_output@@@2@@__crt_stdio_output@@AEAAXII_N@Z 000000018000c228 f i libucrt:output.obj
 0001:0000b2cc       ??$type_case_integer_parse_into_buffer@_K@?$output_processor@DV?$string_output_adapter@D@__crt_stdio_output@@V?$standard_base@DV?$string_output_adapter@D@__crt_stdio_output@@@2@@__crt_stdio_output@@AEAAX_KI_N@Z 000000018000c2cc f i libucrt:output.obj
 0001:0000b2cc       ??$type_case_integer_parse_into_buffer@_K@?$output_processor@DV?$string_output_adapter@D@__crt_stdio_output@@V?$format_validation_base@DV?$string_output_adapter@D@__crt_stdio_output@@@2@@__crt_stdio_output@@AEAAX_KI_N@Z 000000018000c2cc f i libucrt:output.obj
 0001:0000b360       ??$type_case_integer_parse_into_buffer@_K@?$output_processor@_WV?$string_output_adapter@_W@__crt_stdio_output@@V?$standard_base@_WV?$string_output_adapter@_W@__crt_stdio_output@@@2@@__crt_stdio_output@@AEAAX_KI_N@Z 000000018000c360 f i libucrt:output.obj
 0001:0000b360       ??$type_case_integer_parse_into_buffer@_K@?$output_processor@_WV?$stream_output_adapter@_W@__crt_stdio_output@@V?$standard_base@_WV?$stream_output_adapter@_W@__crt_stdio_output@@@2@@__crt_stdio_output@@AEAAX_KI_N@Z 000000018000c360 f i libucrt:output.obj
 0001:0000b404       ??$write_multiple_characters@V?$stream_output_adapter@_W@__crt_stdio_output@@D@__crt_stdio_output@@YAXAEBV?$stream_output_adapter@_W@0@DHQEAH@Z 000000018000c404 f i libucrt:output.obj
 0001:0000b498       ??$write_multiple_characters@V?$string_output_adapter@D@__crt_stdio_output@@D@__crt_stdio_output@@YAXAEBV?$string_output_adapter@D@0@DHQEAH@Z 000000018000c498 f i libucrt:output.obj
 0001:0000b510       ??$write_multiple_characters@V?$string_output_adapter@_W@__crt_stdio_output@@D@__crt_stdio_output@@YAXAEBV?$string_output_adapter@_W@0@DHQEAH@Z 000000018000c510 f i libucrt:output.obj
 0001:0000b58c       ??0_LocaleUpdate@@QEAA@QEAU__crt_locale_pointers@@@Z 000000018000c58c f i libucrt:output.obj
 0001:0000b75c       ?crop_zeroes@__crt_stdio_output@@YAXPEADQEAU__crt_locale_pointers@@@Z 000000018000c75c f i libucrt:output.obj
 0001:0000b7c8       ?force_decimal_point@__crt_stdio_output@@YAXPEADQEAU__crt_locale_pointers@@@Z 000000018000c7c8 f i libucrt:output.obj
 0001:0000b838       ?parse_int_from_format_string@?$output_processor@DV?$string_output_adapter@D@__crt_stdio_output@@V?$standard_base@DV?$string_output_adapter@D@__crt_stdio_output@@@2@@__crt_stdio_output@@AEAA_NQEAH@Z 000000018000c838 f i libucrt:output.obj
 0001:0000b838       ?parse_int_from_format_string@?$output_processor@DV?$string_output_adapter@D@__crt_stdio_output@@V?$format_validation_base@DV?$string_output_adapter@D@__crt_stdio_output@@@2@@__crt_stdio_output@@AEAA_NQEAH@Z 000000018000c838 f i libucrt:output.obj
 0001:0000b8dc       ?parse_int_from_format_string@?$output_processor@_WV?$stream_output_adapter@_W@__crt_stdio_output@@V?$standard_base@_WV?$stream_output_adapter@_W@__crt_stdio_output@@@2@@__crt_stdio_output@@AEAA_NQEAH@Z 000000018000c8dc f i libucrt:output.obj
 0001:0000b8dc       ?parse_int_from_format_string@?$output_processor@_WV?$string_output_adapter@_W@__crt_stdio_output@@V?$standard_base@_WV?$string_output_adapter@_W@__crt_stdio_output@@@2@@__crt_stdio_output@@AEAA_NQEAH@Z 000000018000c8dc f i libucrt:output.obj
 0001:0000b980       ?process@?$output_processor@DV?$string_output_adapter@D@__crt_stdio_output@@V?$format_validation_base@DV?$string_output_adapter@D@__crt_stdio_output@@@2@@__crt_stdio_output@@QEAAHXZ 000000018000c980 f i libucrt:output.obj
 0001:0000bb98       ?process@?$output_processor@DV?$string_output_adapter@D@__crt_stdio_output@@V?$standard_base@DV?$string_output_adapter@D@__crt_stdio_output@@@2@@__crt_stdio_output@@QEAAHXZ 000000018000cb98 f i libucrt:output.obj
 0001:0000bda4       ?process@?$output_processor@_WV?$stream_output_adapter@_W@__crt_stdio_output@@V?$standard_base@_WV?$stream_output_adapter@_W@__crt_stdio_output@@@2@@__crt_stdio_output@@QEAAHXZ 000000018000cda4 f i libucrt:output.obj
 0001:0000c010       ?process@?$output_processor@_WV?$string_output_adapter@_W@__crt_stdio_output@@V?$standard_base@_WV?$string_output_adapter@_W@__crt_stdio_output@@@2@@__crt_stdio_output@@QEAAHXZ 000000018000d010 f i libucrt:output.obj
 0001:0000c28c       ?state_case_normal@?$output_processor@DV?$string_output_adapter@D@__crt_stdio_output@@V?$standard_base@DV?$string_output_adapter@D@__crt_stdio_output@@@2@@__crt_stdio_output@@AEAA_NXZ 000000018000d28c f i libucrt:output.obj
 0001:0000c28c       ?state_case_normal@?$output_processor@DV?$string_output_adapter@D@__crt_stdio_output@@V?$format_validation_base@DV?$string_output_adapter@D@__crt_stdio_output@@@2@@__crt_stdio_output@@AEAA_NXZ 000000018000d28c f i libucrt:output.obj
 0001:0000c300       ?state_case_normal_tchar@?$output_processor@DV?$string_output_adapter@D@__crt_stdio_output@@V?$standard_base@DV?$string_output_adapter@D@__crt_stdio_output@@@2@@__crt_stdio_output@@AEAA_ND@Z 000000018000d300 f i libucrt:output.obj
 0001:0000c300       ?state_case_normal_tchar@?$output_processor@DV?$string_output_adapter@D@__crt_stdio_output@@V?$format_validation_base@DV?$string_output_adapter@D@__crt_stdio_output@@@2@@__crt_stdio_output@@AEAA_ND@Z 000000018000d300 f i libucrt:output.obj
 0001:0000c3a8       ?state_case_size@?$output_processor@DV?$string_output_adapter@D@__crt_stdio_output@@V?$format_validation_base@DV?$string_output_adapter@D@__crt_stdio_output@@@2@@__crt_stdio_output@@AEAA_NXZ 000000018000d3a8 f i libucrt:output.obj
 0001:0000c3a8       ?state_case_size@?$output_processor@DV?$string_output_adapter@D@__crt_stdio_output@@V?$standard_base@DV?$string_output_adapter@D@__crt_stdio_output@@@2@@__crt_stdio_output@@AEAA_NXZ 000000018000d3a8 f i libucrt:output.obj
 0001:0000c51c       ?state_case_size@?$output_processor@_WV?$stream_output_adapter@_W@__crt_stdio_output@@V?$standard_base@_WV?$stream_output_adapter@_W@__crt_stdio_output@@@2@@__crt_stdio_output@@AEAA_NXZ 000000018000d51c f i libucrt:output.obj
 0001:0000c6b4       ?state_case_size@?$output_processor@_WV?$string_output_adapter@_W@__crt_stdio_output@@V?$standard_base@_WV?$string_output_adapter@_W@__crt_stdio_output@@@2@@__crt_stdio_output@@AEAA_NXZ 000000018000d6b4 f i libucrt:output.obj
 0001:0000c84c       ?state_case_type@?$output_processor@DV?$string_output_adapter@D@__crt_stdio_output@@V?$standard_base@DV?$string_output_adapter@D@__crt_stdio_output@@@2@@__crt_stdio_output@@AEAA_NXZ 000000018000d84c f i libucrt:output.obj
 0001:0000c84c       ?state_case_type@?$output_processor@DV?$string_output_adapter@D@__crt_stdio_output@@V?$format_validation_base@DV?$string_output_adapter@D@__crt_stdio_output@@@2@@__crt_stdio_output@@AEAA_NXZ 000000018000d84c f i libucrt:output.obj
 0001:0000cab4       ?state_case_type@?$output_processor@_WV?$stream_output_adapter@_W@__crt_stdio_output@@V?$standard_base@_WV?$stream_output_adapter@_W@__crt_stdio_output@@@2@@__crt_stdio_output@@AEAA_NXZ 000000018000dab4 f i libucrt:output.obj
 0001:0000cd94       ?state_case_type@?$output_processor@_WV?$string_output_adapter@_W@__crt_stdio_output@@V?$standard_base@_WV?$string_output_adapter@_W@__crt_stdio_output@@@2@@__crt_stdio_output@@AEAA_NXZ 000000018000dd94 f i libucrt:output.obj
 0001:0000d060       ?type_case_Z@?$output_processor@DV?$string_output_adapter@D@__crt_stdio_output@@V?$format_validation_base@DV?$string_output_adapter@D@__crt_stdio_output@@@2@@__crt_stdio_output@@AEAA_NXZ 000000018000e060 f i libucrt:output.obj
 0001:0000d060       ?type_case_Z@?$output_processor@DV?$string_output_adapter@D@__crt_stdio_output@@V?$standard_base@DV?$string_output_adapter@D@__crt_stdio_output@@@2@@__crt_stdio_output@@AEAA_NXZ 000000018000e060 f i libucrt:output.obj
 0001:0000d0d8       ?type_case_Z@?$output_processor@_WV?$stream_output_adapter@_W@__crt_stdio_output@@V?$standard_base@_WV?$stream_output_adapter@_W@__crt_stdio_output@@@2@@__crt_stdio_output@@AEAA_NXZ 000000018000e0d8 f i libucrt:output.obj
 0001:0000d0d8       ?type_case_Z@?$output_processor@_WV?$string_output_adapter@_W@__crt_stdio_output@@V?$standard_base@_WV?$string_output_adapter@_W@__crt_stdio_output@@@2@@__crt_stdio_output@@AEAA_NXZ 000000018000e0d8 f i libucrt:output.obj
 0001:0000d154       ?type_case_a@?$output_processor@DV?$string_output_adapter@D@__crt_stdio_output@@V?$format_validation_base@DV?$string_output_adapter@D@__crt_stdio_output@@@2@@__crt_stdio_output@@AEAA_NXZ 000000018000e154 f i libucrt:output.obj
 0001:0000d154       ?type_case_a@?$output_processor@DV?$string_output_adapter@D@__crt_stdio_output@@V?$standard_base@DV?$string_output_adapter@D@__crt_stdio_output@@@2@@__crt_stdio_output@@AEAA_NXZ 000000018000e154 f i libucrt:output.obj
 0001:0000d310       ?type_case_a@?$output_processor@_WV?$stream_output_adapter@_W@__crt_stdio_output@@V?$standard_base@_WV?$stream_output_adapter@_W@__crt_stdio_output@@@2@@__crt_stdio_output@@AEAA_NXZ 000000018000e310 f i libucrt:output.obj
 0001:0000d310       ?type_case_a@?$output_processor@_WV?$string_output_adapter@_W@__crt_stdio_output@@V?$standard_base@_WV?$string_output_adapter@_W@__crt_stdio_output@@@2@@__crt_stdio_output@@AEAA_NXZ 000000018000e310 f i libucrt:output.obj
 0001:0000d4f0       ?type_case_c_tchar@?$output_processor@DV?$string_output_adapter@D@__crt_stdio_output@@V?$format_validation_base@DV?$string_output_adapter@D@__crt_stdio_output@@@2@@__crt_stdio_output@@AEAA_ND@Z 000000018000e4f0 f i libucrt:output.obj
 0001:0000d4f0       ?type_case_c_tchar@?$output_processor@DV?$string_output_adapter@D@__crt_stdio_output@@V?$standard_base@DV?$string_output_adapter@D@__crt_stdio_output@@@2@@__crt_stdio_output@@AEAA_ND@Z 000000018000e4f0 f i libucrt:output.obj
 0001:0000d5ac       ?type_case_c_tchar@?$output_processor@_WV?$stream_output_adapter@_W@__crt_stdio_output@@V?$standard_base@_WV?$stream_output_adapter@_W@__crt_stdio_output@@@2@@__crt_stdio_output@@AEAA_N_W@Z 000000018000e5ac f i libucrt:output.obj
 0001:0000d5ac       ?type_case_c_tchar@?$output_processor@_WV?$string_output_adapter@_W@__crt_stdio_output@@V?$standard_base@_WV?$string_output_adapter@_W@__crt_stdio_output@@@2@@__crt_stdio_output@@AEAA_N_W@Z 000000018000e5ac f i libucrt:output.obj
 0001:0000d654       ?type_case_integer@?$output_processor@DV?$string_output_adapter@D@__crt_stdio_output@@V?$standard_base@DV?$string_output_adapter@D@__crt_stdio_output@@@2@@__crt_stdio_output@@AEAA_NI_N@Z 000000018000e654 f i libucrt:output.obj
 0001:0000d654       ?type_case_integer@?$output_processor@DV?$string_output_adapter@D@__crt_stdio_output@@V?$format_validation_base@DV?$string_output_adapter@D@__crt_stdio_output@@@2@@__crt_stdio_output@@AEAA_NI_N@Z 000000018000e654 f i libucrt:output.obj
 0001:0000d81c       ?type_case_integer@?$output_processor@_WV?$stream_output_adapter@_W@__crt_stdio_output@@V?$standard_base@_WV?$stream_output_adapter@_W@__crt_stdio_output@@@2@@__crt_stdio_output@@AEAA_NI_N@Z 000000018000e81c f i libucrt:output.obj
 0001:0000d81c       ?type_case_integer@?$output_processor@_WV?$string_output_adapter@_W@__crt_stdio_output@@V?$standard_base@_WV?$string_output_adapter@_W@__crt_stdio_output@@@2@@__crt_stdio_output@@AEAA_NI_N@Z 000000018000e81c f i libucrt:output.obj
 0001:0000d9e8       ?type_case_n@?$output_processor@DV?$string_output_adapter@D@__crt_stdio_output@@V?$format_validation_base@DV?$string_output_adapter@D@__crt_stdio_output@@@2@@__crt_stdio_output@@AEAA_NXZ 000000018000e9e8 f i libucrt:output.obj
 0001:0000d9e8       ?type_case_n@?$output_processor@DV?$string_output_adapter@D@__crt_stdio_output@@V?$standard_base@DV?$string_output_adapter@D@__crt_stdio_output@@@2@@__crt_stdio_output@@AEAA_NXZ 000000018000e9e8 f i libucrt:output.obj
 0001:0000d9e8       ?type_case_n@?$output_processor@_WV?$stream_output_adapter@_W@__crt_stdio_output@@V?$standard_base@_WV?$stream_output_adapter@_W@__crt_stdio_output@@@2@@__crt_stdio_output@@AEAA_NXZ 000000018000e9e8 f i libucrt:output.obj
 0001:0000d9e8       ?type_case_n@?$output_processor@_WV?$string_output_adapter@_W@__crt_stdio_output@@V?$standard_base@_WV?$string_output_adapter@_W@__crt_stdio_output@@@2@@__crt_stdio_output@@AEAA_NXZ 000000018000e9e8 f i libucrt:output.obj
 0001:0000dac4       ?type_case_s@?$output_processor@DV?$string_output_adapter@D@__crt_stdio_output@@V?$format_validation_base@DV?$string_output_adapter@D@__crt_stdio_output@@@2@@__crt_stdio_output@@AEAA_NXZ 000000018000eac4 f i libucrt:output.obj
 0001:0000dac4       ?type_case_s@?$output_processor@DV?$string_output_adapter@D@__crt_stdio_output@@V?$standard_base@DV?$string_output_adapter@D@__crt_stdio_output@@@2@@__crt_stdio_output@@AEAA_NXZ 000000018000eac4 f i libucrt:output.obj
 0001:0000db5c       ?type_case_s@?$output_processor@_WV?$stream_output_adapter@_W@__crt_stdio_output@@V?$standard_base@_WV?$stream_output_adapter@_W@__crt_stdio_output@@@2@@__crt_stdio_output@@AEAA_NXZ 000000018000eb5c f i libucrt:output.obj
 0001:0000db5c       ?type_case_s@?$output_processor@_WV?$string_output_adapter@_W@__crt_stdio_output@@V?$standard_base@_WV?$string_output_adapter@_W@__crt_stdio_output@@@2@@__crt_stdio_output@@AEAA_NXZ 000000018000eb5c f i libucrt:output.obj
 0001:0000dc24       ?write_stored_string_tchar@?$output_processor@DV?$string_output_adapter@D@__crt_stdio_output@@V?$format_validation_base@DV?$string_output_adapter@D@__crt_stdio_output@@@2@@__crt_stdio_output@@AEAA_ND@Z 000000018000ec24 f i libucrt:output.obj
 0001:0000dc24       ?write_stored_string_tchar@?$output_processor@DV?$string_output_adapter@D@__crt_stdio_output@@V?$standard_base@DV?$string_output_adapter@D@__crt_stdio_output@@@2@@__crt_stdio_output@@AEAA_ND@Z 000000018000ec24 f i libucrt:output.obj
 0001:0000dcfc       ?write_stored_string_tchar@?$output_processor@_WV?$stream_output_adapter@_W@__crt_stdio_output@@V?$standard_base@_WV?$stream_output_adapter@_W@__crt_stdio_output@@@2@@__crt_stdio_output@@AEAA_N_W@Z 000000018000ecfc f i libucrt:output.obj
 0001:0000de04       ?write_stored_string_tchar@?$output_processor@_WV?$string_output_adapter@_W@__crt_stdio_output@@V?$standard_base@_WV?$string_output_adapter@_W@__crt_stdio_output@@@2@@__crt_stdio_output@@AEAA_N_W@Z 000000018000ee04 f i libucrt:output.obj
 0001:0000def0       ?write_string@?$string_output_adapter@D@__crt_stdio_output@@QEBAXQEBDHQEAHAEAV__crt_deferred_errno_cache@@@Z 000000018000eef0 f i libucrt:output.obj
 0001:0000df94       ?write_string@?$string_output_adapter@_W@__crt_stdio_output@@QEBAXQEB_WHQEAHAEAV__crt_deferred_errno_cache@@@Z 000000018000ef94 f i libucrt:output.obj
 0001:0000e03c       ?write_string_impl@?$output_adapter_common@_WV?$stream_output_adapter@_W@__crt_stdio_output@@@__crt_stdio_output@@IEBAXQEB_WHQEAHAEAV__crt_deferred_errno_cache@@@Z 000000018000f03c f i libucrt:output.obj
 0001:0000e140       __stdio_common_vfwprintf   000000018000f140 f   libucrt:output.obj
 0001:0000e1cc       __stdio_common_vsnprintf_s 000000018000f1cc f   libucrt:output.obj
 0001:0000e300       __stdio_common_vsprintf    000000018000f300 f   libucrt:output.obj
 0001:0000e308       __stdio_common_vswprintf   000000018000f308 f   libucrt:output.obj
 0001:0000e310       free                       000000018000f310 f   libucrt:free.obj
 0001:0000ea3c       ??$ftprintf@PEAU_iobuf@@PEB_WAEBQEB_WAEBQEB_WAEBI@?$__crt_char_traits@_W@@SAH$$QEAPEAU_iobuf@@$$QEAPEB_WAEBQEB_W2AEBI@Z 000000018000fa3c f i libucrt:assert.obj
 0001:0000ea64       _wassert                   000000018000fa64 f   libucrt:assert.obj
 0001:0000ead8       fwprintf                   000000018000fad8 f i libucrt:assert.obj
 0001:0000eb1c       swprintf                   000000018000fb1c f i libucrt:assert.obj
 0001:0000eb70       __acrt_call_reportfault    000000018000fb70 f   libucrt:invalid_parameter.obj
 0001:0000eccc       __acrt_initialize_invalid_parameter_handler 000000018000fccc f   libucrt:invalid_parameter.obj
 0001:0000ecd4       _invalid_parameter         000000018000fcd4 f   libucrt:invalid_parameter.obj
 0001:0000ed84       _invalid_parameter_noinfo  000000018000fd84 f   libucrt:invalid_parameter.obj
 0001:0000eda4       _invalid_parameter_noinfo_noreturn 000000018000fda4 f   libucrt:invalid_parameter.obj
 0001:0000edd4       _invoke_watson             000000018000fdd4 f   libucrt:invalid_parameter.obj
 0001:0000ee1c       malloc                     000000018000fe1c f   libucrt:malloc.obj
 0001:0000ee24       strncpy_s                  000000018000fe24 f   libucrt:strncpy_s.obj
 0001:0000ef10       strncpy                    000000018000ff10 f   libucrt:strncpy.obj
 0001:0000f074       __ascii_stricmp            0000000180010074 f   libucrt:stricmp.obj
 0001:0000f0b4       _stricmp                   00000001800100b4 f   libucrt:stricmp.obj
 0001:0000f0fc       _stricmp_l                 00000001800100fc f   libucrt:stricmp.obj
 0001:0000f1b0       __acrt_initialize_new_handler 00000001800101b0 f   libucrt:new_handler.obj
 0001:0000f1b8       _callnewh                  00000001800101b8 f   libucrt:new_handler.obj
 0001:0000f1e8       _query_new_handler         00000001800101e8 f   libucrt:new_handler.obj
 0001:0000f21c       _seh_filter_dll            000000018001021c f   libucrt:exception_filter.obj
 0001:0000f230       _seh_filter_exe            0000000180010230 f   libucrt:exception_filter.obj
 0001:0000f620       __acrt_initialize_thread_local_exit_callback 0000000180010620 f   libucrt:exit.obj
 0001:0000f628       _cexit                     0000000180010628 f   libucrt:exit.obj
 0001:0000f638       _exit                      0000000180010638 f   libucrt:exit.obj
 0001:0000f644       _is_c_termination_complete 0000000180010644 f   libucrt:exit.obj
 0001:0000f810       __acrt_allocate_buffer_for_argv 0000000180010810 f   libucrt:argv_parsing.obj
 0001:0000f870       _configure_narrow_argv     0000000180010870 f   libucrt:argv_parsing.obj
 0001:0000fbe8       __dcrt_uninitialize_environments_nolock 0000000180010be8 f   libucrt:environment_initialization.obj
 0001:0000fc20       _initialize_narrow_environment 0000000180010c20 f   libucrt:environment_initialization.obj
 0001:0000ff68       _crt_atexit                0000000180010f68 f   libucrt:onexit.obj
 0001:0000ff78       _execute_onexit_table      0000000180010f78 f   libucrt:onexit.obj
 0001:0000ffb4       _initialize_onexit_table   0000000180010fb4 f   libucrt:onexit.obj
 0001:0000ffdc       _register_onexit_function  0000000180010fdc f   libucrt:onexit.obj
 0001:0001005c       __acrt_uninitialize_command_line 000000018001105c f   libucrt:argv_data.obj
 0001:00010154       __acrt_initialize          0000000180011154 f   libucrt:initialization.obj
 0001:00010168       __acrt_thread_attach       0000000180011168 f   libucrt:initialization.obj
 0001:0001017c       __acrt_thread_detach       000000018001117c f   libucrt:initialization.obj
 0001:0001018c       __acrt_uninitialize        000000018001118c f   libucrt:initialization.obj
 0001:000101c4       __acrt_uninitialize_critical 00000001800111c4 f   libucrt:initialization.obj
 0001:000101d4       _initterm                  00000001800111d4 f   libucrt:initterm.obj
 0001:00010238       _initterm_e                0000000180011238 f   libucrt:initterm.obj
 0001:00010278       terminate                  0000000180011278 f   libucrt:terminate.obj
 0001:00010298       __ascii_strnicmp           0000000180011298 f   libucrt:strnicmp.obj
 0001:000102f4       strnicmp                   00000001800112f4 f   libucrt:strnicmp.obj
 0001:000102f4       _strnicmp                  00000001800112f4 f   libucrt:strnicmp.obj
 0001:00010344       _strnicmp_l                0000000180011344 f   libucrt:strnicmp.obj
 0001:00010420       strdup                     0000000180011420 f   libucrt:strdup.obj
 0001:00010420       _strdup                    0000000180011420 f   libucrt:strdup.obj
 0001:0001069c       strlwr                     000000018001169c f   libucrt:strlwr.obj
 0001:0001069c       _strlwr                    000000018001169c f   libucrt:strlwr.obj
 0001:000106fc       _strlwr_s_l                00000001800116fc f   libucrt:strlwr.obj
 0001:00010748       strcpy_s                   0000000180011748 f   libucrt:strcpy_s.obj
 0001:000107a8       abort                      00000001800117a8 f   libucrt:abort.obj
 0001:00010800       calloc                     0000000180011800 f   libucrt:calloc.obj
 0001:00010808       wcsncmp                    0000000180011808 f   libucrt:wcsncmp.obj
 0001:00010834       ??$parse_integer@KV?$c_string_character_source@D@__crt_strtox@@@__crt_strtox@@YAKQEAU__crt_locale_pointers@@V?$c_string_character_source@D@0@H_N@Z 0000000180011834 f i libucrt:atox.obj
 0001:00010b70       ??$parse_integer@KV?$c_string_character_source@_W@__crt_strtox@@@__crt_strtox@@YAKQEAU__crt_locale_pointers@@V?$c_string_character_source@_W@0@H_N@Z 0000000180011b70 f i libucrt:atox.obj
 0001:00011240       strncmp                    0000000180012240 f   libucrt:strncmp.obj
 0001:000112c0       isdigit                    00000001800122c0 f i libucrt:_ctype.obj
 0001:000113b4       _tolower_l                 00000001800123b4 f   libucrt:tolower_toupper.obj
 0001:000114f4       tolower                    00000001800124f4 f   libucrt:tolower_toupper.obj
 0001:00011520       __acrt_errno_from_os_error 0000000180012520 f   libucrt:errno.obj
 0001:00011568       __acrt_errno_map_os_error  0000000180012568 f   libucrt:errno.obj
 0001:000115b8       __doserrno                 00000001800125b8 f   libucrt:errno.obj
 0001:000115d8       _errno                     00000001800125d8 f   libucrt:errno.obj
 0001:000115f8       _free_base                 00000001800125f8 f   libucrt:free_base.obj
 0001:00011638       _malloc_base               0000000180012638 f   libucrt:malloc_base.obj
 0001:00011698       strtol                     0000000180012698 f   libucrt:strtox.obj
 0001:000116c4       wcstol                     00000001800126c4 f   libucrt:strtox.obj
 0001:000116f0       _mbtowc_l                  00000001800126f0 f   libucrt:mbtowc.obj
 0001:0001186c       mbtowc                     000000018001286c f   libucrt:mbtowc.obj
 0001:00011874       _wctomb_s_l                0000000180012874 f   libucrt:wctomb.obj
 0001:00011a14       wctomb_s                   0000000180012a14 f   libucrt:wctomb.obj
 0001:00011a28       strnlen                    0000000180012a28 f   libucrt:strnlen.obj
 0001:00011b78       wcsnlen                    0000000180012b78 f   libucrt:strnlen.obj
 0001:000120c8       __acrt_freeptd             00000001800130c8 f   libucrt:per_thread_data.obj
 0001:0001210c       __acrt_getptd              000000018001310c f   libucrt:per_thread_data.obj
 0001:000121e0       __acrt_getptd_head         00000001800131e0 f   libucrt:per_thread_data.obj
 0001:00012288       __acrt_getptd_noexit       0000000180013288 f   libucrt:per_thread_data.obj
 0001:00012354       __acrt_initialize_ptd      0000000180013354 f   libucrt:per_thread_data.obj
 0001:00012390       __acrt_uninitialize_ptd    0000000180013390 f   libucrt:per_thread_data.obj
 0001:000123b4       __acrt_update_locale_info  00000001800133b4 f   libucrt:locale_update.obj
 0001:000123e8       __acrt_update_multibyte_info 00000001800133e8 f   libucrt:locale_update.obj
 0001:00012df0       __acrt_fp_format           0000000180013df0 f   libucrt:cvt.obj
 0001:00013078       _fputwc_nolock             0000000180014078 f   libucrt:fputwc.obj
 0001:000131f4       _fileno                    00000001800141f4 f   libucrt:fileno.obj
 0001:0001321c       __acrt_initialize_stdio    000000018001421c f   libucrt:_file.obj
 0001:0001333c       __acrt_iob_func            000000018001433c f   libucrt:_file.obj
 0001:00013350       __acrt_uninitialize_stdio  0000000180014350 f   libucrt:_file.obj
 0001:000133ac       _lock_file                 00000001800143ac f   libucrt:_file.obj
 0001:000133b8       _unlock_file               00000001800143b8 f   libucrt:_file.obj
 0001:000133c4       _fputc_nolock              00000001800143c4 f   libucrt:fputc.obj
 0001:000133dc       _get_printf_count_output   00000001800143dc f   libucrt:printf_count_output.obj
 0001:000133f4       __acrt_stdio_begin_temporary_buffering_nolock 00000001800143f4 f   libucrt:_sftbuf.obj
 0001:000134c4       __acrt_stdio_end_temporary_buffering_nolock 00000001800144c4 f   libucrt:_sftbuf.obj
 0001:00013570       __acrt_set_locale_changed  0000000180014570 f   libucrt:wsetlocale.obj
 0001:0001357c       __acrt_uninitialize_locale 000000018001457c f   libucrt:wsetlocale.obj
 0001:000137a8       __acrt_initialize_lowio    00000001800147a8 f   libucrt:ioinit.obj
 0001:000137e4       __acrt_uninitialize_lowio  00000001800147e4 f   libucrt:ioinit.obj
 0001:00013824       _query_app_type            0000000180014824 f   libucrt:report_runtime_error.obj
 0001:0001396c       _itow_s                    000000018001496c f   libucrt:xtoa.obj
 0001:0001398c       _set_error_mode            000000018001498c f   libucrt:set_error_mode.obj
 0001:000139cc       wcscat_s                   00000001800149cc f   libucrt:wcscat_s.obj
 0001:00013a4c       wcscpy_s                   0000000180014a4c f   libucrt:wcscpy_s.obj
 0001:00013ab4       wcsncat_s                  0000000180014ab4 f   libucrt:wcsncat_s.obj
 0001:00013bb4       ??$__acrt_wcs_to_mbs_cp@U__crt_win32_buffer_no_resizing@@@@YAHQEB_WAEAV?$__crt_win32_buffer@DU__crt_win32_buffer_no_resizing@@@@I@Z 0000000180014bb4 f i libucrt:getmodulefilenamea.obj
 0001:00013cc8       __acrt_GetModuleFileNameA  0000000180014cc8 f   libucrt:getmodulefilenamea.obj
 0001:00013de8       __acrt_show_wide_message_box 0000000180014de8 f   libucrt:crtmbox.obj
 0001:000140a8       __acrt_stdio_flush_nolock  00000001800150a8 f   libucrt:fflush.obj
 0001:00014124       _fflush_nolock             0000000180015124 f   libucrt:fflush.obj
 0001:00014170       _flushall                  0000000180015170 f   libucrt:fflush.obj
 0001:00014178       fflush                     0000000180015178 f   libucrt:fflush.obj
 0001:00014300       setvbuf                    0000000180015300 f   libucrt:setvbuf.obj
 0001:000143e4       __acrt_get_sigabrt_handler 00000001800153e4 f   libucrt:signal.obj
 0001:00014414       __acrt_initialize_signal_handlers 0000000180015414 f   libucrt:signal.obj
 0001:00014434       raise                      0000000180015434 f   libucrt:signal.obj
 0001:000146a0       __acrt_initialize_locks    00000001800156a0 f   libucrt:locks.obj
 0001:000146e8       __acrt_lock                00000001800156e8 f   libucrt:locks.obj
 0001:00014704       __acrt_uninitialize_locks  0000000180015704 f   libucrt:locks.obj
 0001:0001473c       __acrt_unlock              000000018001573c f   libucrt:locks.obj
 0001:00014758       __acrt_get_developer_information_policy 0000000180015758 f   libucrt:win_policies.obj
 0001:000147ac       __acrt_get_process_end_policy 00000001800157ac f   libucrt:win_policies.obj
 0001:000147e8       __acrt_get_windowing_model_policy 00000001800157e8 f   libucrt:win_policies.obj
 0001:00014854       _calloc_base               0000000180015854 f   libucrt:calloc_base.obj
 0001:000148e0       ??$__acrt_mbs_to_wcs_cp@U__crt_win32_buffer_internal_dynamic_resizing@@@@YAHQEBDAEAV?$__crt_win32_buffer@_WU__crt_win32_buffer_internal_dynamic_resizing@@@@I@Z 00000001800158e0 f i libucrt:argv_wildcards.obj
 0001:00014a58       ??$__acrt_wcs_to_mbs_cp@U__crt_win32_buffer_internal_dynamic_resizing@@@@YAHQEB_WAEAV?$__crt_win32_buffer@DU__crt_win32_buffer_internal_dynamic_resizing@@@@I@Z 0000000180015a58 f i libucrt:argv_wildcards.obj
 0001:00015288       __acrt_expand_narrow_argv_wildcards 0000000180016288 f   libucrt:argv_wildcards.obj
 0001:000159bc       __acrt_initialize_multibyte 00000001800169bc f   libucrt:mbctype.obj
 0001:00015a1c       __acrt_update_thread_multibyte_data 0000000180016a1c f   libucrt:mbctype.obj
 0001:00015a38       _setmbcp_nolock            0000000180016a38 f   libucrt:mbctype.obj
 0001:00015d6c       _ismbblead                 0000000180016d6c f   libucrt:ismbbyte.obj
 0001:00015d80       __acrt_initialize_command_line 0000000180016d80 f   libucrt:argv_data.obj
 0001:00015da8       __acrt_MultiByteToWideChar 0000000180016da8 f   libucrt:multibytetowidechar.obj
 0001:00015e04       __acrt_WideCharToMultiByte 0000000180016e04 f   libucrt:widechartomultibyte.obj
 0001:00015e9c       __dcrt_get_narrow_environment_from_os 0000000180016e9c f   libucrt:get_environment_from_os.obj
 0001:00015fa0       _recalloc_base             0000000180016fa0 f   libucrt:recalloc.obj
 0001:00016210       __acrt_AppPolicyGetProcessTerminationMethodInternal 0000000180017210 f   libucrt:winapi_thunks.obj
 0001:00016260       __acrt_AppPolicyGetShowDeveloperDiagnosticInternal 0000000180017260 f   libucrt:winapi_thunks.obj
 0001:000162b0       __acrt_AppPolicyGetWindowingModelInternal 00000001800172b0 f   libucrt:winapi_thunks.obj
 0001:00016300       __acrt_AreFileApisANSI     0000000180017300 f   libucrt:winapi_thunks.obj
 0001:0001633c       __acrt_FlsAlloc            000000018001733c f   libucrt:winapi_thunks.obj
 0001:00016384       __acrt_FlsFree             0000000180017384 f   libucrt:winapi_thunks.obj
 0001:000163cc       __acrt_FlsGetValue         00000001800173cc f   libucrt:winapi_thunks.obj
 0001:00016414       __acrt_FlsSetValue         0000000180017414 f   libucrt:winapi_thunks.obj
 0001:00016468       __acrt_InitializeCriticalSectionEx 0000000180017468 f   libucrt:winapi_thunks.obj
 0001:000164cc       __acrt_LCMapStringEx       00000001800174cc f   libucrt:winapi_thunks.obj
 0001:000165a8       __acrt_LocaleNameToLCID    00000001800175a8 f   libucrt:winapi_thunks.obj
 0001:000165f8       __acrt_MessageBoxW         00000001800175f8 f   libucrt:winapi_thunks.obj
 0001:0001666c       __acrt_can_show_message_box 000000018001766c f   libucrt:winapi_thunks.obj
 0001:000166dc       __acrt_get_parent_window   00000001800176dc f   libucrt:winapi_thunks.obj
 0001:00016754       __acrt_initialize_winapi_thunks 0000000180017754 f   libucrt:winapi_thunks.obj
 0001:00016788       __acrt_is_interactive      0000000180017788 f   libucrt:winapi_thunks.obj
 0001:00016850       __acrt_uninitialize_winapi_thunks 0000000180017850 f   libucrt:winapi_thunks.obj
 0001:00016894       __acrt_initialize_heap     0000000180017894 f   libucrt:heap_handle.obj
 0001:000168b0       __acrt_uninitialize_heap   00000001800178b0 f   libucrt:heap_handle.obj
 0001:000168bc       __acrt_execute_initializers 00000001800178bc f   libucrt:shared_initialization.obj
 0001:0001693c       __acrt_execute_uninitializers 000000018001793c f   libucrt:shared_initialization.obj
 0001:00016978       __acrt_has_user_matherr    0000000180017978 f   libucrt:matherr.obj
 0001:00016998       __acrt_initialize_user_matherr 0000000180017998 f   libucrt:matherr.obj
 0001:000169a0       __acrt_invoke_user_matherr 00000001800179a0 f   libucrt:matherr.obj
 0001:00016ce8       __acrt_LCMapStringA        0000000180017ce8 f   libucrt:lcmapstringa.obj
 0001:00016d80       __pctype_func              0000000180017d80 f   libucrt:ctype.obj
 0001:00016db0       iswctype                   0000000180017db0 f   libucrt:iswctype.obj
 0001:00016e20       _isctype_l                 0000000180017e20 f   libucrt:isctype.obj
 0001:00016f30       _isleadbyte_l              0000000180017f30 f i libucrt:_wctype.obj
 0001:00016f7c       _query_new_mode            0000000180017f7c f   libucrt:new_mode.obj
 0001:00016f84       ?__mbrtowc_utf8@__crt_mbstring@@YA_KPEA_WPEBD_KPEAU_Mbstatet@@@Z 0000000180017f84 f   libucrt:mbrtowc.obj
 0001:00016fc0       ?__mbsrtowcs_utf8@__crt_mbstring@@YA_KPEA_WPEAPEBD_KPEAU_Mbstatet@@@Z 0000000180017fc0 f   libucrt:mbrtowc.obj
 0001:00017138       ?__c32rtomb_utf8@__crt_mbstring@@YA_KPEAD_UPEAU_Mbstatet@@@Z 0000000180018138 f   libucrt:c32rtomb.obj
 0001:000171f0       __acrt_add_locale_ref      00000001800181f0 f   libucrt:locale_refcounting.obj
 0001:0001727c       __acrt_free_locale         000000018001827c f   libucrt:locale_refcounting.obj
 0001:000173f4       __acrt_locale_add_lc_time_reference 00000001800183f4 f   libucrt:locale_refcounting.obj
 0001:0001741c       __acrt_locale_free_lc_time_if_unreferenced 000000018001841c f   libucrt:locale_refcounting.obj
 0001:00017454       __acrt_locale_release_lc_time_reference 0000000180018454 f   libucrt:locale_refcounting.obj
 0001:0001747c       __acrt_release_locale_ref  000000018001847c f   libucrt:locale_refcounting.obj
 0001:00017524       __acrt_update_thread_locale_data 0000000180018524 f   libucrt:locale_refcounting.obj
 0001:00017594       _updatetlocinfoEx_nolock   0000000180018594 f   libucrt:locale_refcounting.obj
 0001:000175fc       __acrt_fp_strflt_to_string 00000001800185fc f   libucrt:_fptostr.obj
 0001:000176e0       ?divide@__crt_strtox@@YA_KAEAUbig_integer@1@AEBU21@@Z 00000001800186e0 f i libucrt:cfout.obj
 0001:00017b0c       __acrt_fltout              0000000180018b0c f   libucrt:cfout.obj
 0001:0001900c       __acrt_stdio_flush_and_write_narrow_nolock 000000018001a00c f   libucrt:_flsbuf.obj
 0001:000190f8       __acrt_stdio_flush_and_write_wide_nolock 000000018001a0f8 f   libucrt:_flsbuf.obj
 0001:000191e4       _fcloseall                 000000018001a1e4 f   libucrt:closeall.obj
 0001:00019298       __acrt_stdio_free_buffer_nolock 000000018001a298 f   libucrt:_freebuf.obj
 0001:000192d8       _isatty                    000000018001a2d8 f   libucrt:isatty.obj
 0001:00019338       __acrt_locale_free_monetary 000000018001a338 f   libucrt:initmon.obj
 0001:00019444       __acrt_locale_free_numeric 000000018001a444 f   libucrt:initnum.obj
 0001:00019508       __acrt_locale_free_time    000000018001a508 f   libucrt:inittime.obj
 0001:00019610       __acrt_GetStringTypeA      000000018001a610 f   libucrt:getstringtypea.obj
 0001:000197a0       __acrt_lowio_create_handle_array 000000018001a7a0 f   libucrt:osfinfo.obj
 0001:00019848       __acrt_lowio_destroy_handle_array 000000018001a848 f   libucrt:osfinfo.obj
 0001:00019898       __acrt_lowio_ensure_fh_exists 000000018001a898 f   libucrt:osfinfo.obj
 0001:00019940       __acrt_lowio_lock_fh       000000018001a940 f   libucrt:osfinfo.obj
 0001:00019968       __acrt_lowio_unlock_fh     000000018001a968 f   libucrt:osfinfo.obj
 0001:00019990       _free_osfhnd               000000018001a990 f   libucrt:osfinfo.obj
 0001:00019a4c       _get_osfhandle             000000018001aa4c f   libucrt:osfinfo.obj
 0001:00019b50       _commit                    000000018001ab50 f   libucrt:commit.obj
 0001:0001a450       _write                     000000018001b450 f   libucrt:write.obj
 0001:0001a53c       _write_nolock              000000018001b53c f   libucrt:write.obj
 0001:0001a820       qsort                      000000018001b820 f   libucrt:qsort.obj
 0001:0001ac80       strpbrk                    000000018001bc80 f   libucrt:strpbrk.obj
 0001:0001b060       _mbsdec                    000000018001c060 f   libucrt:mbsdec.obj
 0001:0001b068       _mbsdec_l                  000000018001c068 f   libucrt:mbsdec.obj
 0001:0001b114       _msize_base                000000018001c114 f   libucrt:msize.obj
 0001:0001b150       _realloc_base              000000018001c150 f   libucrt:realloc_base.obj
 0001:0001b2b4       __acrt_DownlevelLocaleNameToLCID 000000018001c2b4 f   libucrt:lcidtoname_downlevel.obj
 0001:0001b2e8       __strncnt                  000000018001c2e8 f   libucrt:strncnt.obj
 0001:0001b300       __acrt_GetStringTypeW      000000018001c300 f   libucrt:getstringtypew.obj
 0001:0001b308       ?__mbrtoc32_utf8@__crt_mbstring@@YA_KPEA_UPEBD_KPEAU_Mbstatet@@@Z 000000018001c308 f   libucrt:mbrtoc32.obj
 0001:0001b4e4       fegetenv                   000000018001c4e4 f   libucrt:fegetenv.obj
 0001:0001b504       fesetenv                   000000018001c504 f   libucrt:fesetenv.obj
 0001:0001b554       feholdexcept               000000018001c554 f   libucrt:feholdexcept.obj
 0001:0001b5a4       ceil                       000000018001c5a4 f   libucrt:ceil.obj
 0001:0001b670       log10                      000000018001c670 f   libucrt:log10.obj
 0001:0001bda8       _lseeki64                  000000018001cda8 f   libucrt:lseek.obj
 0001:0001bdb0       _lseeki64_nolock           000000018001cdb0 f   libucrt:lseek.obj
 0001:0001bdb8       __acrt_stdio_allocate_buffer_nolock 000000018001cdb8 f   libucrt:_getbuf.obj
 0001:0001be20       _fclose_nolock             000000018001ce20 f   libucrt:fclose.obj
 0001:0001bea4       fclose                     000000018001cea4 f   libucrt:fclose.obj
 0001:0001bf08       _putwch_nolock             000000018001cf08 f   libucrt:putwch.obj
 0001:0001bf44       __acrt_fenv_get_control    000000018001cf44 f   libucrt:_fenvutils.obj
 0001:0001c038       __acrt_fenv_get_status     000000018001d038 f   libucrt:_fenvutils.obj
 0001:0001c08c       __acrt_fenv_set_control    000000018001d08c f   libucrt:_fenvutils.obj
 0001:0001c1d4       __acrt_fenv_set_status     000000018001d1d4 f   libucrt:_fenvutils.obj
 0001:0001c258       _clearfp                   000000018001d258 f   libucrt:ieee.obj
 0001:0001c3ec       _handle_error              000000018001d3ec f   libucrt:libm_error.obj
 0001:0001c514       _handle_nan                000000018001d514 f   libucrt:libm_error.obj
 0001:0001c530       __acrt_initialize_fma3     000000018001d530 f   libucrt:fma3_available.obj
 0001:0001c5a0       _log10_special             000000018001d5a0 f   libucrt:log_special.obj
 0001:0001c6cc       _close                     000000018001d6cc f   libucrt:close.obj
 0001:0001c770       _close_nolock              000000018001d770 f   libucrt:close.obj
 0001:0001c830       ?__acrt_stdio_free_stream@@YAXV__crt_stdio_stream@@@Z 000000018001d830 f   libucrt:stream.obj
 0001:0001c84c       __dcrt_lowio_ensure_console_output_initialized 000000018001d84c f   libucrt:initcon.obj
 0001:0001c8a0       __dcrt_terminate_console_output 000000018001d8a0 f   libucrt:initcon.obj
 0001:0001c8bc       __dcrt_write_console       000000018001d8bc f   libucrt:initcon.obj
 0001:0001c990       _get_fpsr                  000000018001d990 f   libucrt:fpsr.obj
 0001:0001c9a0       _set_fpsr                  000000018001d9a0 f   libucrt:fpsr.obj
 0001:0001c9aa       _fclrf                     000000018001d9aa f   libucrt:fpsr.obj
 0001:0001c9be       _frnd                      000000018001d9be f   libucrt:fpsr.obj
 0001:0001c9e0       _raise_exc                 000000018001d9e0 f   libucrt:fpexcept.obj
 0001:0001ca08       _raise_exc_ex              000000018001da08 f   libucrt:fpexcept.obj
 0001:0001cd18       _set_errno_from_matherr    000000018001dd18 f   libucrt:fpexcept.obj
 0001:0001cd48       _clrfp                     000000018001dd48 f   libucrt:fpctrl.obj
 0001:0001cd68       _ctrlfp                    000000018001dd68 f   libucrt:fpctrl.obj
 0001:0001cde4       _set_statfp                000000018001dde4 f   libucrt:fpctrl.obj
 0001:0001ce04       _statfp                    000000018001de04 f   libucrt:fpctrl.obj
 0001:0001ce15       IsProcessorFeaturePresent  000000018001de15 f   kernel32:KERNEL32.dll
 0001:0001ce1c       ?DloadAcquireSectionWriteAccess@@YAXXZ 000000018001de1c f i DelayImp:delayhlp.obj
 0001:0001cec8       ?DloadGetSRWLockFunctionPointers@@YAEXZ 000000018001dec8 f i DelayImp:delayhlp.obj
 0001:0001cf64       ?DloadMakePermanentImageCommit@@YAXPEAX_K@Z 000000018001df64 f i DelayImp:delayhlp.obj
 0001:0001cffc       ?DloadObtainSection@@YAPEAXPEAK0@Z 000000018001dffc f i DelayImp:delayhlp.obj
 0001:0001d098       ?DloadProtectSection@@YAXKPEAK@Z 000000018001e098 f i DelayImp:delayhlp.obj
 0001:0001d128       ?DloadReleaseSectionWriteAccess@@YAXXZ 000000018001e128 f i DelayImp:delayhlp.obj
 0001:0001d1bc       __delayLoadHelper2         000000018001e1bc f   DelayImp:delayhlp.obj
 0001:0001d47c       __GSHandlerCheck           000000018001e47c f   LIBCMT:gshandler.obj
 0001:0001d49c       __GSHandlerCheckCommon     000000018001e49c f   LIBCMT:gshandler.obj
 0001:0001d500       _FindPESection             000000018001e500 f   LIBCMT:pesect.obj
 0001:0001d550       _IsNonwritableInCurrentImage 000000018001e550 f   LIBCMT:pesect.obj
 0001:0001d5a0       _ValidateImageBase         000000018001e5a0 f   LIBCMT:pesect.obj
 0001:0001d5e0       __chkstk                   000000018001e5e0 f   LIBCMT:chkstk.obj
 0001:0001d5e0       _alloca_probe              000000018001e5e0 f   LIBCMT:chkstk.obj
 0001:0001d634       strrchr                    000000018001e634 f   libvcruntime:strrchr.obj
 0001:0001d790       memcmp                     000000018001e790 f   libvcruntime:memcmp.obj
 0001:0001d858       __GSHandlerCheck_EH        000000018001e858 f   LIBCMT:gshandlereh.obj
 0001:0001d8f0       _guard_dispatch_icall_nop  000000018001e8f0 f   LIBCMT:guard_dispatch.obj
 0002:00000000       __imp_RegQueryValueExA     0000000180020000     advapi32:ADVAPI32.dll
 0002:00000008       __imp_RegQueryInfoKeyA     0000000180020008     advapi32:ADVAPI32.dll
 0002:00000010       __imp_RegOpenKeyExA        0000000180020010     advapi32:ADVAPI32.dll
 0002:00000018       __imp_RegEnumKeyExA        0000000180020018     advapi32:ADVAPI32.dll
 0002:00000020       __imp_RegCloseKey          0000000180020020     advapi32:ADVAPI32.dll
 0002:00000028       \177ADVAPI32_NULL_THUNK_DATA 0000000180020028     advapi32:ADVAPI32.dll
 0002:00000030       __imp_GetCommMask          0000000180020030     kernel32:KERNEL32.dll
 0002:00000038       __imp_ExitThread           0000000180020038     kernel32:KERNEL32.dll
 0002:00000040       __imp_GetModuleHandleA     0000000180020040     kernel32:KERNEL32.dll
 0002:00000048       __imp_GetLastError         0000000180020048     kernel32:KERNEL32.dll
 0002:00000050       __imp_EscapeCommFunction   0000000180020050     kernel32:KERNEL32.dll
 0002:00000058       __imp_CreateFileA          0000000180020058     kernel32:KERNEL32.dll
 0002:00000060       __imp_LoadLibraryA         0000000180020060     kernel32:KERNEL32.dll
 0002:00000068       __imp_GetCommState         0000000180020068     kernel32:KERNEL32.dll
 0002:00000070       __imp_CloseHandle          0000000180020070     kernel32:KERNEL32.dll
 0002:00000078       __imp_WaitForSingleObject  0000000180020078     kernel32:KERNEL32.dll
 0002:00000080       __imp_CreateThread         0000000180020080     kernel32:KERNEL32.dll
 0002:00000088       __imp_GetOverlappedResult  0000000180020088     kernel32:KERNEL32.dll
 0002:00000090       __imp_SetCommMask          0000000180020090     kernel32:KERNEL32.dll
 0002:00000098       __imp_GetProcAddress       0000000180020098     kernel32:KERNEL32.dll
 0002:000000a0       __imp_SleepEx              00000001800200a0     kernel32:KERNEL32.dll
 0002:000000a8       __imp_CreateEventA         00000001800200a8     kernel32:KERNEL32.dll
 0002:000000b0       __imp_SetCommTimeouts      00000001800200b0     kernel32:KERNEL32.dll
 0002:000000b8       __imp_SetCommState         00000001800200b8     kernel32:KERNEL32.dll
 0002:000000c0       __imp_FlushFileBuffers     00000001800200c0     kernel32:KERNEL32.dll
 0002:000000c8       __imp_LoadLibraryExA       00000001800200c8     kernel32:KERNEL32.dll
[...]
 0004:000014c4       $pdata$?stream_is_at_end_of_file_nolock@@YA_NV__crt_stdio_stream@@@Z 00000001800324c4     libucrt:_flsbuf.obj
 0004:000014d0       $pdata$__acrt_stdio_flush_and_write_narrow_nolock 00000001800324d0     libucrt:_flsbuf.obj
 0004:000014dc       $pdata$__acrt_stdio_flush_and_write_wide_nolock 00000001800324dc     libucrt:_flsbuf.obj
 0004:000014e8       $pdata$_fcloseall          00000001800324e8     libucrt:closeall.obj
 0004:000014f4       $pdata$__acrt_stdio_free_buffer_nolock 00000001800324f4     libucrt:_freebuf.obj
 0004:00001500       $pdata$_isatty             0000000180032500     libucrt:isatty.obj
 0004:0000150c       $pdata$__acrt_locale_free_monetary 000000018003250c     libucrt:initmon.obj
 0004:00001518       $pdata$__acrt_locale_free_numeric 0000000180032518     libucrt:initnum.obj
 0004:00001524       $pdata$?free_crt_array_internal@@YAXQEAPEBX_K@Z 0000000180032524     libucrt:inittime.obj
 0004:00001530       $pdata$__acrt_locale_free_time 0000000180032530     libucrt:inittime.obj
 0004:0000153c       $pdata$__acrt_GetStringTypeA 000000018003253c     libucrt:getstringtypea.obj
 0004:00001548       $pdata$__acrt_lowio_create_handle_array 0000000180032548     libucrt:osfinfo.obj
 0004:00001554       $pdata$__acrt_lowio_destroy_handle_array 0000000180032554     libucrt:osfinfo.obj
 0004:00001560       $pdata$__acrt_lowio_ensure_fh_exists 0000000180032560     libucrt:osfinfo.obj
 0004:0000156c       $pdata$_free_osfhnd        000000018003256c     libucrt:osfinfo.obj
 0004:00001578       $pdata$_get_osfhandle      0000000180032578     libucrt:osfinfo.obj
 0004:00001584       $pdata$??$?RV<lambda_a37b2b86f63e897a80ea819b0eb08c01>@@AEAV<lambda_38ce7e780aa69e748d6df282ebc68efe>@@V<lambda_99fb1378e971ab6e7edea83e3a7a83a2>@@@?$__crt_seh_guarded_call@H@@QEAAH$$QEAV<lambda_a37b2b86f63e897a80ea819b0eb08c01>@@AEAV<lambda_38ce7e780aa69e748d6df282ebc68efe>@@$$QEAV<lambda_99fb1378e971ab6e7edea83e3a7a83a2>@@@Z 0000000180032584     libucrt:commit.obj
 0004:00001590       $pdata$_commit             0000000180032590     libucrt:commit.obj
 0004:0000159c       $pdata$?write_double_translated_ansi_nolock@@YA?AUwrite_result@?A0x17268360@@HQEBDI@Z 000000018003259c     libucrt:write.obj
 0004:000015a8       $pdata$?write_text_ansi_nolock@@YA?AUwrite_result@?A0x17268360@@HQEBDI@Z 00000001800325a8     libucrt:write.obj
 0004:000015b4       $pdata$?write_text_utf16le_nolock@@YA?AUwrite_result@?A0x17268360@@HQEBDI@Z 00000001800325b4     libucrt:write.obj
 0004:000015c0       $pdata$?write_text_utf8_nolock@@YA?AUwrite_result@?A0x17268360@@HQEBDI@Z 00000001800325c0     libucrt:write.obj
 0004:000015cc       $pdata$_write              00000001800325cc     libucrt:write.obj
 0004:000015d8       $pdata$_write_nolock       00000001800325d8     libucrt:write.obj
 0004:000015e4       $pdata$qsort               00000001800325e4     libucrt:qsort.obj
 0004:000015f0       $pdata$4$qsort             00000001800325f0     libucrt:qsort.obj
 0004:000015fc       $pdata$5$qsort             00000001800325fc     libucrt:qsort.obj
 0004:00001608       $pdata$fallbackMethod      0000000180032608     libucrt:strpbrk.obj
 0004:00001614       $pdata$strpbrk             0000000180032614     libucrt:strpbrk.obj
 0004:00001620       $pdata$_mbsdec_l           0000000180032620     libucrt:mbsdec.obj
 0004:0000162c       $pdata$?initialize_multibyte@@YAHXZ 000000018003262c     libucrt:multibyte_initializer.obj
 0004:00001638       $pdata$_msize_base         0000000180032638     libucrt:msize.obj
 0004:00001644       $pdata$_realloc_base       0000000180032644     libucrt:realloc_base.obj
 0004:00001650       $pdata$?GetTableIndexFromLocaleName@@YAHPEB_W@Z 0000000180032650     libucrt:lcidtoname_downlevel.obj
 0004:0000165c       $pdata$__acrt_DownlevelLocaleNameToLCID 000000018003265c     libucrt:lcidtoname_downlevel.obj
 0004:00001668       $pdata$?__mbrtoc32_utf8@__crt_mbstring@@YA_KPEA_UPEBD_KPEAU_Mbstatet@@@Z 0000000180032668     libucrt:mbrtoc32.obj
 0004:00001674       $pdata$fegetenv            0000000180032674     libucrt:fegetenv.obj
 0004:00001680       $pdata$fesetenv            0000000180032680     libucrt:fesetenv.obj
 0004:0000168c       $pdata$feholdexcept        000000018003268c     libucrt:feholdexcept.obj
 0004:000016a4       $pdata$??$common_lseek@_J@@YA_JH_JH@Z 00000001800326a4     libucrt:lseek.obj
 0004:000016b0       $pdata$??$common_lseek_nolock@_J@@YA_JH_JH@Z 00000001800326b0     libucrt:lseek.obj
 0004:000016bc       $pdata$__acrt_stdio_allocate_buffer_nolock 00000001800326bc     libucrt:_getbuf.obj
 0004:000016c8       $pdata$_fclose_nolock      00000001800326c8     libucrt:fclose.obj
 0004:000016d4       $pdata$fclose              00000001800326d4     libucrt:fclose.obj
 0004:000016e0       $pdata$_putwch_nolock      00000001800326e0     libucrt:putwch.obj
 0004:000016ec       $pdata$__acrt_fenv_set_control 00000001800326ec     libucrt:_fenvutils.obj
 0004:000016f8       $pdata$_clearfp            00000001800326f8     libucrt:ieee.obj
 0004:00001704       $pdata$_call_matherr       0000000180032704     libucrt:libm_error.obj
 0004:00001710       $pdata$_exception_enabled  0000000180032710     libucrt:libm_error.obj
 0004:0000171c       $pdata$_handle_error       000000018003271c     libucrt:libm_error.obj
 0004:00001728       $pdata$__acrt_initialize_fma3 0000000180032728     libucrt:fma3_available.obj
 0004:00001734       $pdata$_log10_special      0000000180032734     libucrt:log_special.obj
 0004:00001740       $pdata$_log_special_common 0000000180032740     libucrt:log_special.obj
 0004:0000174c       $pdata$??$?RV<lambda_751a882b2c74d4b022dec766aa51a29a>@@AEAV<lambda_628dfdc04ba53c8bfc02c9951375f3f5>@@V<lambda_f6c7be5f7998530c34de24c7437d6b54>@@@?$__crt_seh_guarded_call@H@@QEAAH$$QEAV<lambda_751a882b2c74d4b022dec766aa51a29a>@@AEAV<lambda_628dfdc04ba53c8bfc02c9951375f3f5>@@$$QEAV<lambda_f6c7be5f7998530c34de24c7437d6b54>@@@Z 000000018003274c     libucrt:close.obj
 0004:00001758       $pdata$_close              0000000180032758     libucrt:close.obj
 0004:00001764       $pdata$_close_nolock       0000000180032764     libucrt:close.obj
 0004:00001770       $pdata$__dcrt_lowio_ensure_console_output_initialized 0000000180032770     libucrt:initcon.obj
 0004:0000177c       $pdata$__dcrt_terminate_console_output 000000018003277c     libucrt:initcon.obj
 0004:00001788       $pdata$__dcrt_write_console 0000000180032788     libucrt:initcon.obj
 0004:000017a0       $pdata$_raise_exc          00000001800327a0     libucrt:fpexcept.obj
 0004:000017ac       $pdata$_raise_exc_ex       00000001800327ac     libucrt:fpexcept.obj
 0004:000017b8       $pdata$_set_errno_from_matherr 00000001800327b8     libucrt:fpexcept.obj
 0004:000017c4       $pdata$_clrfp              00000001800327c4     libucrt:fpctrl.obj
 0004:000017d0       $pdata$_ctrlfp             00000001800327d0     libucrt:fpctrl.obj
 0004:000017dc       $pdata$_set_statfp         00000001800327dc     libucrt:fpctrl.obj
 0004:000017e8       $pdata$_statfp             00000001800327e8     libucrt:fpctrl.obj
 0004:000017f4       $pdata$?DloadAcquireSectionWriteAccess@@YAXXZ 00000001800327f4     DelayImp:delayhlp.obj
 0004:00001800       $pdata$?DloadGetSRWLockFunctionPointers@@YAEXZ 0000000180032800     DelayImp:delayhlp.obj
 0004:0000180c       $pdata$?DloadMakePermanentImageCommit@@YAXPEAX_K@Z 000000018003280c     DelayImp:delayhlp.obj
 0004:00001818       $pdata$?DloadObtainSection@@YAPEAXPEAK0@Z 0000000180032818     DelayImp:delayhlp.obj
 0004:00001824       $pdata$?DloadProtectSection@@YAXKPEAK@Z 0000000180032824     DelayImp:delayhlp.obj
 0004:00001830       $pdata$?DloadReleaseSectionWriteAccess@@YAXXZ 0000000180032830     DelayImp:delayhlp.obj
 0004:0000183c       $pdata$__delayLoadHelper2  000000018003283c     DelayImp:delayhlp.obj
 0004:00001848       $pdata$__GSHandlerCheck    0000000180032848     LIBCMT:gshandler.obj
 0004:00001854       $pdata$__GSHandlerCheckCommon 0000000180032854     LIBCMT:gshandler.obj
 0004:00001860       $pdata$_IsNonwritableInCurrentImage 0000000180032860     LIBCMT:pesect.obj
 0004:00001878       $pdata$strrchr             0000000180032878     libvcruntime:strrchr.obj
 0004:00001890       $pdata$__GSHandlerCheck_EH 0000000180032890     LIBCMT:gshandlereh.obj
 0004:000018a8       $pdata$?dtor$1@?0??Open@@YAXAEBV?$FunctionCallbackInfo@VValue@v8@@@Nan@@@Z@4HA 00000001800328a8     serialport.obj
 0004:000018b4       $pdata$?dtor$0@?0??Update@@YAXAEBV?$FunctionCallbackInfo@VValue@v8@@@Nan@@@Z@4HA 00000001800328b4     serialport.obj
 0004:000018c0       $pdata$?dtor$0@?0??Close@@YAXAEBV?$FunctionCallbackInfo@VValue@v8@@@Nan@@@Z@4HA 00000001800328c0     serialport.obj
 0004:000018cc       $pdata$?dtor$0@?0??Flush@@YAXAEBV?$FunctionCallbackInfo@VValue@v8@@@Nan@@@Z@4HA 00000001800328cc     serialport.obj
 0004:000018cc       $pdata$?dtor$0@?0??Drain@@YAXAEBV?$FunctionCallbackInfo@VValue@v8@@@Nan@@@Z@4HA 00000001800328cc     serialport.obj
 0004:000018d8       $pdata$?dtor$0@?0??Set@@YAXAEBV?$FunctionCallbackInfo@VValue@v8@@@Nan@@@Z@4HA 00000001800328d8     serialport.obj
 0004:000018e4       $pdata$?dtor$0@?0??Get@@YAXAEBV?$FunctionCallbackInfo@VValue@v8@@@Nan@@@Z@4HA 00000001800328e4     serialport.obj
 0004:000018e4       $pdata$?dtor$0@?0??GetBaudRate@@YAXAEBV?$FunctionCallbackInfo@VValue@v8@@@Nan@@@Z@4HA 00000001800328e4     serialport.obj
 0004:000018f0       $pdata$?dtor$0@?0??Write@@YAXAEBV?$FunctionCallbackInfo@VValue@v8@@@Nan@@@Z@4HA 00000001800328f0     serialport_win.obj
 0004:000018fc       $pdata$?dtor$0@?0??Read@@YAXAEBV?$FunctionCallbackInfo@VValue@v8@@@Nan@@@Z@4HA 00000001800328fc     serialport_win.obj
 0004:00001908       $pdata$?dtor$0@?0??List@@YAXAEBV?$FunctionCallbackInfo@VValue@v8@@@Nan@@@Z@4HA 0000000180032908     serialport_win.obj
 0004:00001914       $pdata$__scrt_is_nonwritable_in_current_image$filt$0 0000000180032914     LIBCMT:utility.obj
 0004:00001920       $pdata$?fin$0@?0??dllmain_crt_process_attach@@YAHQEAUHINSTANCE__@@QEAX@Z@4HA 0000000180032920     LIBCMT:dll_dllmain.obj
 0004:0000192c       $pdata$?fin$0@?0??dllmain_crt_process_detach@@YAH_N@Z@4HA 000000018003292c     LIBCMT:dll_dllmain.obj
 0004:00001938       $pdata$?filt$0@?0??dllmain_dispatch@@YAHQEAUHINSTANCE__@@KQEAX@Z@4HA 0000000180032938     LIBCMT:dll_dllmain.obj
 0004:00001944       $pdata$?filt$0@?0???$_CallSETranslator@V__FrameHandler3@@@@YAHPEAUEHExceptionRecord@@PEA_KPEAU_CONTEXT@@PEAU_xDISPATCHER_CONTEXT@@PEBU_s_FuncInfo@@K1@Z@4HA 0000000180032944     libvcruntime:risctrnsctrl.obj
 0004:00001950       $pdata$?filt$0@?0??CxxCallCatchBlock@__FrameHandler3@@SAPEAXPEAU_EXCEPTION_RECORD@@@Z@4HA 0000000180032950     libvcruntime:frame.obj
 0004:0000195c       $pdata$?fin$1@?0??CxxCallCatchBlock@__FrameHandler3@@SAPEAXPEAU_EXCEPTION_RECORD@@@Z@4HA 000000018003295c     libvcruntime:frame.obj
 0004:00001968       $pdata$?filt$0@?0??FrameUnwindToState@__FrameHandler3@@SAXPEA_KPEAU_xDISPATCHER_CONTEXT@@PEBU_s_FuncInfo@@H@Z@4HA 0000000180032968     libvcruntime:frame.obj
 0004:00001974       $pdata$?fin$1@?0??FrameUnwindToState@__FrameHandler3@@SAXPEA_KPEAU_xDISPATCHER_CONTEXT@@PEBU_s_FuncInfo@@H@Z@4HA 0000000180032974     libvcruntime:frame.obj
 0004:00001980       $pdata$__DestructExceptionObject$filt$0 0000000180032980     libvcruntime:ehhelpers.obj
 0004:0000198c       $pdata$?fin$0@?0???$?RV<lambda_c376a267cfb53b6959b3b692ec76b120>@@AEAV<lambda_9a32fed5bf61b6b509b2d3f6003082a1>@@V<lambda_572fbb9fa0ab338edf41edfd4b5fcc8d>@@@?$__crt_seh_guarded_call@H@@QEAAH$$QEAV<lambda_c376a267cfb53b6959b3b692ec76b120>@@AEAV<lambda_9a32fed5bf61b6b509b2d3f6003082a1>@@$$QEAV<lambda_572fbb9fa0ab338edf41edfd4b5fcc8d>@@@Z@4HA 000000018003298c     libucrt:fflush.obj
 0004:0000198c       $pdata$?fin$0@?0???$?RV<lambda_0d412022a4b28cc8a401ea49574e8ae6>@@AEAV<lambda_a775ed57af18ba8e4d5dc780aa9068fe>@@V<lambda_975a71a6baa488a08f4e15f6b0339b9e>@@@?$__crt_seh_guarded_call@H@@QEAAH$$QEAV<lambda_0d412022a4b28cc8a401ea49574e8ae6>@@AEAV<lambda_a775ed57af18ba8e4d5dc780aa9068fe>@@$$QEAV<lambda_975a71a6baa488a08f4e15f6b0339b9e>@@@Z@4HA 000000018003298c     libucrt:output.obj
 0004:0000198c       $pdata$?fin$0@?0???$?RV<lambda_842d9ff0dc9ef11c61343bbaebe7f885>@@AEAV<lambda_c5860995281e5c4ce005b3de8f5874ee>@@V<lambda_d90129c13df834fdcbf8d2b88dafcf2d>@@@?$__crt_seh_guarded_call@X@@QEAAX$$QEAV<lambda_842d9ff0dc9ef11c61343bbaebe7f885>@@AEAV<lambda_c5860995281e5c4ce005b3de8f5874ee>@@$$QEAV<lambda_d90129c13df834fdcbf8d2b88dafcf2d>@@@Z@4HA 000000018003298c     libucrt:fflush.obj
 0004:0000198c       $pdata$?fin$0@?0???$?RV<lambda_84ec643ea9557e2f7dc01bb0e9624395>@@AEAV<lambda_ca71763b3c0644891230e4f79ea54fa6>@@V<lambda_439a761618c59b0600e24586724d733b>@@@?$__crt_seh_guarded_call@H@@QEAAH$$QEAV<lambda_84ec643ea9557e2f7dc01bb0e9624395>@@AEAV<lambda_ca71763b3c0644891230e4f79ea54fa6>@@$$QEAV<lambda_439a761618c59b0600e24586724d733b>@@@Z@4HA 000000018003298c     libucrt:setvbuf.obj
 0004:00001998       $pdata$_query_new_handler$fin$0 0000000180032998     libucrt:new_handler.obj
 0004:000019a4       $pdata$?fin$0@?0???$?RV<lambda_450d765d439847d4c735a33c368b5fc0>@@AEAV<lambda_44731a7d0e6d81c3e6aa82d741081786>@@V<lambda_601a2a7da3b7a96e9554ac7215c4b07c>@@@?$__crt_seh_guarded_call@P6AXH@Z@@QEAAP6AXH@Z$$QEAV<lambda_450d765d439847d4c735a33c368b5fc0>@@AEAV<lambda_44731a7d0e6d81c3e6aa82d741081786>@@$$QEAV<lambda_601a2a7da3b7a96e9554ac7215c4b07c>@@@Z@4HA 00000001800329a4     libucrt:signal.obj
 0004:000019a4       $pdata$?fin$0@?0???$?RV<lambda_efdfa57d1f175319df784efa44bb7b81>@@AEAV<lambda_5f0a4c1567f8adc6734073e5d1e1b35c>@@V<lambda_2e8a7d3640ea6ccb4c2413664c2db6fd>@@@?$__crt_seh_guarded_call@X@@QEAAX$$QEAV<lambda_efdfa57d1f175319df784efa44bb7b81>@@AEAV<lambda_5f0a4c1567f8adc6734073e5d1e1b35c>@@$$QEAV<lambda_2e8a7d3640ea6ccb4c2413664c2db6fd>@@@Z@4HA 00000001800329a4     libucrt:mbctype.obj
 0004:000019a4       $pdata$?fin$0@?0???$?RV<lambda_2d41944a1d46af3157314b8a01080d33>@@AEAV<lambda_8f455de75cd7d7f24b4096f044d8b9e6>@@V<lambda_aa500f224e6afead328df44964fe2772>@@@?$__crt_seh_guarded_call@X@@QEAAX$$QEAV<lambda_2d41944a1d46af3157314b8a01080d33>@@AEAV<lambda_8f455de75cd7d7f24b4096f044d8b9e6>@@$$QEAV<lambda_aa500f224e6afead328df44964fe2772>@@@Z@4HA 00000001800329a4     libucrt:per_thread_data.obj
 0004:000019a4       $pdata$?fin$0@?0???$?RV<lambda_f2e299630e499de9f9a165e60fcd3db5>@@AEAV<lambda_2ae9d31cdba2644fcbeaf08da7c24588>@@V<lambda_40d01ff24d0e7b3814fdbdcee8eab3c7>@@@?$__crt_seh_guarded_call@X@@QEAAX$$QEAV<lambda_f2e299630e499de9f9a165e60fcd3db5>@@AEAV<lambda_2ae9d31cdba2644fcbeaf08da7c24588>@@$$QEAV<lambda_40d01ff24d0e7b3814fdbdcee8eab3c7>@@@Z@4HA 00000001800329a4     libucrt:per_thread_data.obj
 0004:000019a4       $pdata$?fin$0@?0???$?RV<lambda_aa87e3671a710a21b5dc78c0bdf72e11>@@AEAV<lambda_92619d2358a28f41a33ba319515a20b9>@@V<lambda_6992ecaafeb10aed2b74cb1fae11a551>@@@?$__crt_seh_guarded_call@X@@QEAAX$$QEAV<lambda_aa87e3671a710a21b5dc78c0bdf72e11>@@AEAV<lambda_92619d2358a28f41a33ba319515a20b9>@@$$QEAV<lambda_6992ecaafeb10aed2b74cb1fae11a551>@@@Z@4HA 00000001800329a4     libucrt:per_thread_data.obj
 0004:000019a4       $pdata$?fin$0@?0???$?RV<lambda_0ae27a3a962d80f24befdcbee591983d>@@AEAV<lambda_8d0ee55de4b1038c4002e0adecdf1839>@@V<lambda_dc504788e8f1664fe9b84e20bfb512f2>@@@?$__crt_seh_guarded_call@X@@QEAAX$$QEAV<lambda_0ae27a3a962d80f24befdcbee591983d>@@AEAV<lambda_8d0ee55de4b1038c4002e0adecdf1839>@@$$QEAV<lambda_dc504788e8f1664fe9b84e20bfb512f2>@@@Z@4HA 00000001800329a4     libucrt:per_thread_data.obj
 0004:000019a4       $pdata$?fin$0@?0???$?RV<lambda_7777bce6b2f8c936911f934f8298dc43>@@AEAV<lambda_f03950bc5685219e0bcd2087efbe011e>@@V<lambda_3883c3dff614d5e0c5f61bb1ac94921c>@@@?$__crt_seh_guarded_call@H@@QEAAH$$QEAV<lambda_7777bce6b2f8c936911f934f8298dc43>@@AEAV<lambda_f03950bc5685219e0bcd2087efbe011e>@@$$QEAV<lambda_3883c3dff614d5e0c5f61bb1ac94921c>@@@Z@4HA 00000001800329a4     libucrt:onexit.obj
 0004:000019a4       $pdata$?fin$0@?0???$?RV<lambda_638799b9deba96c50f710eeac98168cd>@@AEAV<lambda_22ebabd17bc4fa466a2aca6d8deb888d>@@V<lambda_a6f7d7db0129f75315ebf26d50c089f1>@@@?$__crt_seh_guarded_call@H@@QEAAH$$QEAV<lambda_638799b9deba96c50f710eeac98168cd>@@AEAV<lambda_22ebabd17bc4fa466a2aca6d8deb888d>@@$$QEAV<lambda_a6f7d7db0129f75315ebf26d50c089f1>@@@Z@4HA 00000001800329a4     libucrt:onexit.obj
 0004:000019a4       $pdata$?fin$0@?0???$?RV<lambda_d80eeec6fff315bfe5c115232f3240e3>@@AEAV<lambda_6e4b09c48022b2350581041d5f6b0c4c>@@V<lambda_2358e3775559c9db80273638284d5e45>@@@?$__crt_seh_guarded_call@X@@QEAAX$$QEAV<lambda_d80eeec6fff315bfe5c115232f3240e3>@@AEAV<lambda_6e4b09c48022b2350581041d5f6b0c4c>@@$$QEAV<lambda_2358e3775559c9db80273638284d5e45>@@@Z@4HA 00000001800329a4     libucrt:exit.obj
 0004:000019b0       $pdata$?filt$0@?0???R<lambda_6e4b09c48022b2350581041d5f6b0c4c>@@QEBA@XZ@4HA 00000001800329b0     libucrt:exit.obj
 0004:000019bc       $pdata$?fin$0@?0???$?RV<lambda_410d79af7f07d98d83a3f525b3859a53>@@AEAV<lambda_3e16ef9562a7dcce91392c22ab16ea36>@@V<lambda_38119f0e861e05405d8a144b9b982f0a>@@@?$__crt_seh_guarded_call@X@@QEAAX$$QEAV<lambda_410d79af7f07d98d83a3f525b3859a53>@@AEAV<lambda_3e16ef9562a7dcce91392c22ab16ea36>@@$$QEAV<lambda_38119f0e861e05405d8a144b9b982f0a>@@@Z@4HA 00000001800329bc     libucrt:wsetlocale.obj
 0004:000019c8       $pdata$__acrt_initialize_lowio$fin$0 00000001800329c8     libucrt:ioinit.obj
 0004:000019c8       $pdata$__acrt_lowio_ensure_fh_exists$fin$0 00000001800329c8     libucrt:osfinfo.obj
 0004:000019d4       $pdata$?fin$0@?0???$?RV<lambda_886d6c58226a84441f68b9f2b8217b83>@@AEAV<lambda_ab61a845afdef5b7c387490eaf3616ee>@@V<lambda_f7f22ab5edc0698d5f6905b0d3f44752>@@@?$__crt_seh_guarded_call@X@@QEAAX$$QEAV<lambda_886d6c58226a84441f68b9f2b8217b83>@@AEAV<lambda_ab61a845afdef5b7c387490eaf3616ee>@@$$QEAV<lambda_f7f22ab5edc0698d5f6905b0d3f44752>@@@Z@4HA 00000001800329d4     libucrt:fflush.obj
 0004:000019e0       $pdata$raise$fin$0         00000001800329e0     libucrt:signal.obj
 0004:000019ec       $pdata$?fin$0@?0??update_thread_multibyte_data_internal@@YAPEAU__crt_multibyte_data@@QEAU__acrt_ptd@@QEAPEAU1@@Z@4HA 00000001800329ec     libucrt:mbctype.obj
 0004:000019f8       $pdata$__acrt_update_thread_locale_data$fin$0 00000001800329f8     libucrt:locale_refcounting.obj
 0004:00001a04       $pdata$_fcloseall$fin$0    0000000180032a04     libucrt:closeall.obj
 0004:00001a10       $pdata$?fin$0@?0???$?RV<lambda_751a882b2c74d4b022dec766aa51a29a>@@AEAV<lambda_628dfdc04ba53c8bfc02c9951375f3f5>@@V<lambda_f6c7be5f7998530c34de24c7437d6b54>@@@?$__crt_seh_guarded_call@H@@QEAAH$$QEAV<lambda_751a882b2c74d4b022dec766aa51a29a>@@AEAV<lambda_628dfdc04ba53c8bfc02c9951375f3f5>@@$$QEAV<lambda_f6c7be5f7998530c34de24c7437d6b54>@@@Z@4HA 0000000180032a10     libucrt:close.obj
 0004:00001a10       $pdata$?fin$0@?0???$?RV<lambda_a37b2b86f63e897a80ea819b0eb08c01>@@AEAV<lambda_38ce7e780aa69e748d6df282ebc68efe>@@V<lambda_99fb1378e971ab6e7edea83e3a7a83a2>@@@?$__crt_seh_guarded_call@H@@QEAAH$$QEAV<lambda_a37b2b86f63e897a80ea819b0eb08c01>@@AEAV<lambda_38ce7e780aa69e748d6df282ebc68efe>@@$$QEAV<lambda_99fb1378e971ab6e7edea83e3a7a83a2>@@@Z@4HA 0000000180032a10     libucrt:commit.obj
 0004:00001a1c       $pdata$?fin$0@?0???$common_lseek@_J@@YA_JH_JH@Z@4HA 0000000180032a1c     libucrt:lseek.obj
 0004:00001a1c       $pdata$_write$fin$0        0000000180032a1c     libucrt:write.obj
 0004:00001a28       $pdata$fclose$fin$0        0000000180032a28     libucrt:fclose.obj
 0004:00001a34       $pdata$_ctrlfp$filt$0      0000000180032a34     libucrt:fpctrl.obj
 0004:00001a40       $pdata$_IsNonwritableInCurrentImage$filt$0 0000000180032a40     LIBCMT:pesect.obj
 0004:00001a4c       $pdata$??__Fg_closingHandles@@YAXXZ 0000000180032a4c     serialport_win.obj
 0005:00000060       $R000000                   0000000180033060     * linker generated manifest res *

 Exports

  ordinal    name

        1    _register_serialport_
