 bindings

 Timestamp is 5c5b8d49 (Thu Feb  7 10:43:37 2019)

 Preferred load address is 0000000180000000

 Start         Length     Name                   Class
 0001:00000000 00000040H .text$di                CODE
 0001:00000040 0001d970H .text$mn                CODE
 0001:0001d9b0 00000020H .text$mn$00             CODE
 0001:0001d9d0 000012b0H .text$x                 CODE
 0001:0001ec80 0000006fH .text$yd                CODE
 0002:00000000 00000370H .idata$5                DATA
 0002:00000370 00000010H .00cfg                  DATA
 0002:00000380 00000008H .CRT$XCA                DATA
 0002:00000388 00000010H .CRT$XCU                DATA
 0002:00000398 00000008H .CRT$XCZ                DATA
 0002:000003a0 00000008H .CRT$XIA                DATA
 0002:000003a8 00000018H .CRT$XIC                DATA
 0002:000003c0 00000008H .CRT$XIZ                DATA
 0002:000003c8 00000008H .CRT$XPA                DATA
 0002:000003d0 00000010H .CRT$XPX                DATA
 0002:000003e0 00000008H .CRT$XPXA               DATA
 0002:000003e8 00000008H .CRT$XPZ                DATA
 0002:000003f0 00000008H .CRT$XTA                DATA
 0002:000003f8 00000008H .CRT$XTZ                DATA
 0002:00000400 00000000H .gfids$y                DATA
 0002:00000400 00009860H .rdata                  DATA
 0002:00009c60 0000037cH .rdata$r                DATA
 0002:00009fdc 000003fcH .rdata$zzzdbg           DATA
 0002:0000a3d8 00000008H .rtc$IAA                DATA
 0002:0000a3e0 00000008H .rtc$IZZ                DATA
 0002:0000a3e8 00000008H .rtc$TAA                DATA
 0002:0000a3f0 00000010H .rtc$TZZ                DATA
 0002:0000a400 000029b8H .xdata                  DATA
 0002:0000cdb8 000001dcH .xdata$x                DATA
 0002:0000cf94 00000020H .didat$2                DATA
 0002:0000cfb4 00000024H .didat$3                DATA
 0002:0000cfd8 00000208H .didat$4                DATA
 0002:0000d1e0 00001040H .didat$6                DATA
 0002:0000e220 00000210H .didat$7                DATA
 0002:0000e430 00000058H .edata                  DATA
 0002:0000e488 00000050H .idata$2                DATA
 0002:0000e4d8 00000018H .idata$3                DATA
 0002:0000e4f0 00000370H .idata$4                DATA
 0002:0000e860 000007ecH .idata$6                DATA
 0003:00000000 00000a90H .data                   DATA
 0003:00000a90 00000118H .data$r                 DATA
 0003:00000ba8 00000208H .didat$5                DATA
 0003:00000db0 00001234H .bss                    DATA
 0004:00000000 00001a94H .pdata                  DATA
 0005:00000000 00000060H .rsrc$01                DATA
 0005:00000060 00000180H .rsrc$02                DATA

  Address         Publics by Value              Rva+Base               Lib:Object

 0000:00000000       __guard_fids_count         0000000000000000     <absolute>
 0000:00000000       __hybrid_code_map          0000000000000000     <absolute>
 0000:00000000       __guard_longjmp_count      0000000000000000     <absolute>
 0000:00000000       __guard_iat_count          0000000000000000     <absolute>
 0000:00000000       __guard_longjmp_table      0000000000000000     <absolute>
 0000:00000000       __volatile_metadata        0000000000000000     <absolute>
 0000:00000000       __guard_iat_table          0000000000000000     <absolute>
 0000:00000000       __hybrid_code_map_count    0000000000000000     <absolute>
 0000:00000000       ___safe_se_handler_count   0000000000000000     <absolute>
 0000:00000000       __enclave_config           0000000000000000     <absolute>
 0000:00000000       ___safe_se_handler_table   0000000000000000     <absolute>
 0000:00000000       __guard_fids_table         0000000000000000     <absolute>
 0000:00000000       __hybrid_auxiliary_iat     0000000000000000     <absolute>
 0000:00000000       __dynamic_value_reloc_table 0000000000000000     <absolute>
 0000:00000100       __guard_flags              0000000000000100     <absolute>
 0000:00000000       __ImageBase                0000000180000000     <linker-defined>
 0001:00000040       __local_stdio_printf_options 0000000180001040 f i serialport.obj
 0001:00000050       snprintf                   0000000180001050 f i serialport.obj
 0001:00000190       ??0AsyncResource@Nan@@QEAA@PEBDV?$Local@VObject@v8@@@v8@@@Z 0000000180001190 f i serialport.obj
 0001:00000250       ??1AsyncResource@Nan@@QEAA@XZ 0000000180001250 f i serialport.obj
 0001:00000290       ??1EscapableHandleScope@Nan@@QEAA@XZ 0000000180001290 f i serialport.obj
 0001:000002c0       ??1HandleScope@Nan@@QEAA@XZ 00000001800012c0 f i serialport.obj
 0001:000002e0       ?ThrowTypeError@Nan@@YAXPEBD@Z 00000001800012e0 f i serialport.obj
 0001:00000380       ??1Utf8String@Nan@@QEAA@XZ 0000000180001380 f i serialport.obj
 0001:000003b0       ??1Callback@Nan@@QEAA@XZ   00000001800013b0 f i serialport.obj
 0001:000003f0       ?Call@Callback@Nan@@QEBA?AV?$MaybeLocal@VValue@v8@@@v8@@HQEAV?$Local@VValue@v8@@@4@PEAVAsyncResource@2@@Z 00000001800013f0 f i serialport.obj
 0001:00000520       ??1?$Persistent@VFunction@v8@@V?$NonCopyablePersistentTraits@VFunction@v8@@@2@@Nan@@QEAA@XZ 0000000180001520 f i serialport.obj
 0001:00000520       ??1?$Persistent@VObject@v8@@V?$NonCopyablePersistentTraits@VObject@v8@@@2@@Nan@@QEAA@XZ 0000000180001520 f i serialport_win.obj
 0001:00000540       ??0VoidBaton@@QEAA@XZ      0000000180001540 f i serialport.obj
 0001:000005b0       ?getValueFromObject@@YA?AV?$Local@VValue@v8@@@v8@@V?$Local@VObject@v8@@@2@V?$basic_string@DU?$char_traits@D@std@@V?$allocator@D@2@@std@@@Z 00000001800015b0 f   serialport.obj
 0001:00000700       ?getIntFromObject@@YAHV?$Local@VObject@v8@@@v8@@V?$basic_string@DU?$char_traits@D@std@@V?$allocator@D@2@@std@@@Z 0000000180001700 f   serialport.obj
 0001:00000840       ?getBoolFromObject@@YA_NV?$Local@VObject@v8@@@v8@@V?$basic_string@DU?$char_traits@D@std@@V?$allocator@D@2@@std@@@Z 0000000180001840 f   serialport.obj
 0001:00000980       ?Open@@YAXAEBV?$FunctionCallbackInfo@VValue@v8@@@Nan@@@Z 0000000180001980 f   serialport.obj
 0001:00001130       ?EIO_AfterOpen@@YAXPEAUuv_work_s@@@Z 0000000180002130 f   serialport.obj
 0001:00001320       ?Update@@YAXAEBV?$FunctionCallbackInfo@VValue@v8@@@Nan@@@Z 0000000180002320 f   serialport.obj
 0001:000016a0       ?EIO_AfterUpdate@@YAXPEAUuv_work_s@@@Z 00000001800026a0 f   serialport.obj
 0001:00001800       ?Close@@YAXAEBV?$FunctionCallbackInfo@VValue@v8@@@Nan@@@Z 0000000180002800 f   serialport.obj
 0001:000019f0       ?EIO_AfterFlush@@YAXPEAUuv_work_s@@@Z 00000001800029f0 f   serialport.obj
 0001:000019f0       ?EIO_AfterDrain@@YAXPEAUuv_work_s@@@Z 00000001800029f0 f   serialport.obj
 0001:000019f0       ?EIO_AfterClose@@YAXPEAUuv_work_s@@@Z 00000001800029f0 f   serialport.obj
 0001:00001ad0       ??_GVoidBaton@@QEAAPEAXI@Z 0000000180002ad0 f i serialport.obj
 0001:00001b50       ?Flush@@YAXAEBV?$FunctionCallbackInfo@VValue@v8@@@Nan@@@Z 0000000180002b50 f   serialport.obj
 0001:00001d20       ?Set@@YAXAEBV?$FunctionCallbackInfo@VValue@v8@@@Nan@@@Z 0000000180002d20 f   serialport.obj
 0001:00002120       ?EIO_AfterSet@@YAXPEAUuv_work_s@@@Z 0000000180003120 f   serialport.obj
 0001:00002260       ?Get@@YAXAEBV?$FunctionCallbackInfo@VValue@v8@@@Nan@@@Z 0000000180003260 f   serialport.obj
 0001:000024a0       ?EIO_AfterGet@@YAXPEAUuv_work_s@@@Z 00000001800034a0 f   serialport.obj
 0001:00002730       ?GetBaudRate@@YAXAEBV?$FunctionCallbackInfo@VValue@v8@@@Nan@@@Z 0000000180003730 f   serialport.obj
 0001:00002960       ?EIO_AfterGetBaudRate@@YAXPEAUuv_work_s@@@Z 0000000180003960 f   serialport.obj
 0001:00002b70       ?Drain@@YAXAEBV?$FunctionCallbackInfo@VValue@v8@@@Nan@@@Z 0000000180003b70 f   serialport.obj
 0001:00002d40       ?ToParityEnum@@YA?AW4SerialPortParity@@AEBV?$Local@VString@v8@@@v8@@@Z 0000000180003d40 f i serialport.obj
 0001:00002fb0       ?init@@YAXV?$Local@VObject@v8@@@v8@@@Z 0000000180003fb0 f   serialport.obj
 0001:000030f0       ??1?$Persistent@VFunction@v8@@V?$NonCopyablePersistentTraits@VFunction@v8@@@2@@v8@@QEAA@XZ 00000001800040f0 f i serialport.obj
 0001:000030f0       ??1?$Persistent@VObject@v8@@V?$NonCopyablePersistentTraits@VObject@v8@@@2@@v8@@QEAA@XZ 00000001800040f0 f i serialport_win.obj
 0001:00003110       ??1?$basic_string@DU?$char_traits@D@std@@V?$allocator@D@2@@std@@QEAA@XZ 0000000180004110 f i serialport.obj
 0001:00003180       ??0?$basic_string@DU?$char_traits@D@std@@V?$allocator@D@2@@std@@QEAA@AEBV01@@Z 0000000180004180 f i serialport.obj
 0001:00003260       ?assign@?$basic_string@DU?$char_traits@D@std@@V?$allocator@D@2@@std@@QEAAAEAV12@QEBD@Z 0000000180004260 f i serialport.obj
 0001:000033c0       ??$New@VString@v8@@V?$basic_string@DU?$char_traits@D@std@@V?$allocator@D@2@@std@@@Nan@@YA?AV?$MaybeLocal@VString@v8@@@v8@@V?$basic_string@DU?$char_traits@D@std@@V?$allocator@D@2@@std@@@Z 00000001800043c0 f i serialport.obj
 0001:000034c0       ??$New@VFunctionTemplate@v8@@@Nan@@YA?AV?$Local@VFunctionTemplate@v8@@@v8@@P6AXAEBV?$FunctionCallbackInfo@VValue@v8@@@0@@ZV?$Local@VValue@v8@@@2@@Z 00000001800044c0 f i serialport.obj
 0001:00003670       ??$SetMethod@VObject@v8@@VLocal@2@@Nan@@YAXV?$Local@VObject@v8@@@v8@@PEBDP6AXAEBV?$FunctionCallbackInfo@VValue@v8@@@0@@Z@Z 0000000180004670 f i serialport.obj
 0001:00003740       ?_Xlen@?$basic_string@DU?$char_traits@D@std@@V?$allocator@D@2@@std@@SAXXZ 0000000180004740 f i serialport.obj
 0001:00003760       ??$SetMethodAux@V?$Local@VObject@v8@@@v8@@@imp@Nan@@YAXV?$Local@VObject@v8@@@v8@@V?$Local@VString@v8@@@3@V?$Local@VFunctionTemplate@v8@@@3@ZZ 0000000180004760 f i serialport.obj
 0001:00003840       _snprintf_s                0000000180004840 f i serialport_win.obj
 0001:000038b0       ?ErrorCodeToString@@YAXPEBDHPEAD@Z 00000001800048b0 f   serialport_win.obj
 0001:00003950       ?AsyncCloseCallback@@YAXPEAUuv_handle_s@@@Z 0000000180004950 f   serialport_win.obj
 0001:00003960       ?EIO_Open@@YAXPEAUuv_work_s@@@Z 0000000180004960 f   serialport_win.obj
 0001:00003d30       ?EIO_Update@@YAXPEAUuv_work_s@@@Z 0000000180004d30 f   serialport_win.obj
 0001:00003df0       ?EIO_Set@@YAXPEAUuv_work_s@@@Z 0000000180004df0 f   serialport_win.obj
 0001:00003ed0       ?EIO_Get@@YAXPEAUuv_work_s@@@Z 0000000180004ed0 f   serialport_win.obj
 0001:00003f50       ?EIO_GetBaudRate@@YAXPEAUuv_work_s@@@Z 0000000180004f50 f   serialport_win.obj
 0001:00003ff0       ?Write@@YAXAEBV?$FunctionCallbackInfo@VValue@v8@@@Nan@@@Z 0000000180004ff0 f   serialport_win.obj
 0001:00004370       ?WriteIOCompletion@@YAXKKPEAU_OVERLAPPED@@@Z 0000000180005370 f   serialport_win.obj
 0001:000043e0       ?WriteThread@@YAKPEAX@Z    00000001800053e0 f   serialport_win.obj
 0001:000044c0       ?EIO_AfterWrite@@YAXPEAUuv_async_s@@@Z 00000001800054c0 f   serialport_win.obj
 0001:00004640       ?Read@@YAXAEBV?$FunctionCallbackInfo@VValue@v8@@@Nan@@@Z 0000000180005640 f   serialport_win.obj
 0001:00004af0       ?ReadIOCompletion@@YAXKKPEAU_OVERLAPPED@@@Z 0000000180005af0 f   serialport_win.obj
 0001:00004cb0       ?ReadThread@@YAKPEAX@Z     0000000180005cb0 f   serialport_win.obj
 0001:00004dd0       ?EIO_AfterRead@@YAXPEAUuv_async_s@@@Z 0000000180005dd0 f   serialport_win.obj
 0001:00004fe0       ?EIO_Close@@YAXPEAUuv_work_s@@@Z 0000000180005fe0 f   serialport_win.obj
 0001:000050b0       ?List@@YAXAEBV?$FunctionCallbackInfo@VValue@v8@@@Nan@@@Z 00000001800060b0 f   serialport_win.obj
 0001:00005240       ?getSerialNumber@@YAXPEBD0QEAXU_SP_DEVINFO_DATA@@IPEAD@Z 0000000180006240 f   serialport_win.obj
 0001:000055d0       ?EIO_List@@YAXPEAUuv_work_s@@@Z 00000001800065d0 f   serialport_win.obj
 0001:00005ae0       ?setIfNotEmpty@@YAXV?$Local@VObject@v8@@@v8@@V?$basic_string@DU?$char_traits@D@std@@V?$allocator@D@2@@std@@PEBD@Z 0000000180006ae0 f   serialport_win.obj
 0001:00005cb0       ?EIO_AfterList@@YAXPEAUuv_work_s@@@Z 0000000180006cb0 f   serialport_win.obj
 0001:00006110       ??1ListResultItem@@QEAA@XZ 0000000180007110 f i serialport_win.obj
 0001:000063a0       ?EIO_Flush@@YAXPEAUuv_work_s@@@Z 00000001800073a0 f   serialport_win.obj
 0001:000063e0       ?EIO_Drain@@YAXPEAUuv_work_s@@@Z 00000001800073e0 f   serialport_win.obj
 0001:00006420       ??1?$list@PEAUListResultItem@@V?$allocator@PEAUListResultItem@@@std@@@std@@QEAA@XZ 0000000180007420 f i serialport_win.obj
 0001:00006490       ??1?$_List_buy@HV?$allocator@H@std@@@std@@QEAA@XZ 0000000180007490 f i serialport_win.obj
 0001:000064d0       ??1?$_List_buy@PEAUListResultItem@@V?$allocator@PEAUListResultItem@@@std@@@std@@QEAA@XZ 00000001800074d0 f i serialport_win.obj
 0001:00006500       ??1?$_List_alloc@U?$_List_base_types@HV?$allocator@H@std@@@std@@@std@@QEAA@XZ 0000000180007500 f i serialport_win.obj
 0001:00006530       ??1?$_List_alloc@U?$_List_base_types@PEAUListResultItem@@V?$allocator@PEAUListResultItem@@@std@@@std@@@std@@QEAA@XZ 0000000180007530 f i serialport_win.obj
 0001:0000659c       __imp_load_uv_queue_work   000000018000759c f   node:node.exe
 0001:000065a8       __tailMerge_node_exe       00000001800075a8     node:node.exe
 0001:00006621       __imp_load_?Global@Context@v8@@QEAA?AV?$Local@VObject@v8@@@2@XZ 0000000180007621 f   node:node.exe
 0001:0000662d       __imp_load_?Value@External@v8@@QEBAPEAXXZ 000000018000762d f   node:node.exe
 0001:00006639       __imp_load_?New@External@v8@@SA?AV?$Local@VExternal@v8@@@2@PEAVIsolate@2@PEAX@Z 0000000180007639 f   node:node.exe
 0001:00006645       __imp_load_?New@Integer@v8@@SA?AV?$Local@VInteger@v8@@@2@PEAVIsolate@2@H@Z 0000000180007645 f   node:node.exe
 0001:00006651       __imp_load_?ThrowException@Isolate@v8@@QEAA?AV?$Local@VValue@v8@@@2@V32@@Z 0000000180007651 f   node:node.exe
 0001:0000665d       __imp_load_?GetCurrentContext@Isolate@v8@@QEAA?AV?$Local@VContext@v8@@@2@XZ 000000018000765d f   node:node.exe
 0001:00006669       __imp_load_?GetCurrent@Isolate@v8@@SAPEAV12@XZ 0000000180007669 f   node:node.exe
 0001:00006675       __imp_load_?CreateHandle@HandleScope@v8@@KAPEAPEAVObject@internal@2@PEAVIsolate@42@PEAV342@@Z 0000000180007675 f   node:node.exe
 0001:00006681       __imp_load_?CreateHandle@HandleScope@v8@@CAPEAPEAVObject@internal@2@PEAVNeverReadOnlySpaceObject@42@PEAV342@@Z 0000000180007681 f   node:node.exe
 0001:0000668d       __imp_load_??1HandleScope@v8@@QEAA@XZ 000000018000768d f   node:node.exe
 0001:00006699       __imp_load_??0HandleScope@v8@@QEAA@PEAVIsolate@1@@Z 0000000180007699 f   node:node.exe
 0001:000066a5       __imp_load_?Error@Exception@v8@@SA?AV?$Local@VValue@v8@@@2@V?$Local@VString@v8@@@2@@Z 00000001800076a5 f   node:node.exe
 0001:000066b1       __imp_load_?TypeError@Exception@v8@@SA?AV?$Local@VValue@v8@@@2@V?$Local@VString@v8@@@2@@Z 00000001800076b1 f   node:node.exe
 0001:000066bd       __imp_load_?SetClassName@FunctionTemplate@v8@@QEAAXV?$Local@VString@v8@@@2@@Z 00000001800076bd f   node:node.exe
 0001:000066c9       __imp_load_?GetFunction@FunctionTemplate@v8@@QEAA?AV?$MaybeLocal@VFunction@v8@@@2@V?$Local@VContext@v8@@@2@@Z 00000001800076c9 f   node:node.exe
 0001:000066d5       __imp_load_?New@FunctionTemplate@v8@@SA?AV?$Local@VFunctionTemplate@v8@@@2@PEAVIsolate@2@P6AXAEBV?$FunctionCallbackInfo@VValue@v8@@@2@@ZV?$Local@VValue@v8@@@2@V?$Local@VSignature@v8@@@2@HW4ConstructorBehavior@2@W4SideEffectType@2@@Z 00000001800076d5 f   node:node.exe
 0001:000066e1       __imp_load_?Value@Boolean@v8@@QEBA_NXZ 00000001800076e1 f   node:node.exe
 0001:000066ed       __imp_load_?ToLocalEmpty@V8@v8@@CAXXZ 00000001800076ed f   node:node.exe
 0001:000066f9       __imp_load_?FromJustIsNothing@V8@v8@@CAXXZ 00000001800076f9 f   node:node.exe
 0001:00006705       __imp_load_?DisposeGlobal@V8@v8@@CAXPEAPEAVObject@internal@2@@Z 0000000180007705 f   node:node.exe
 0001:00006711       __imp_load_?GlobalizeReference@V8@v8@@CAPEAPEAVObject@internal@2@PEAVIsolate@42@PEAPEAV342@@Z 0000000180007711 f   node:node.exe
 0001:0000671d       __imp_load_?Int32Value@Value@v8@@QEBA?AV?$Maybe@H@2@V?$Local@VContext@v8@@@2@@Z 000000018000771d f   node:node.exe
 0001:00006729       __imp_load_?NumberValue@Value@v8@@QEBA?AV?$Maybe@N@2@V?$Local@VContext@v8@@@2@@Z 0000000180007729 f   node:node.exe
 0001:00006735       __imp_load_?ToInt32@Value@v8@@QEBA?AV?$MaybeLocal@VInt32@v8@@@2@V?$Local@VContext@v8@@@2@@Z 0000000180007735 f   node:node.exe
 0001:00006741       __imp_load_?ToInteger@Value@v8@@QEBA?AV?$MaybeLocal@VInteger@v8@@@2@V?$Local@VContext@v8@@@2@@Z 0000000180007741 f   node:node.exe
 0001:0000674d       __imp_load_?ToObject@Value@v8@@QEBA?AV?$MaybeLocal@VObject@v8@@@2@V?$Local@VContext@v8@@@2@@Z 000000018000774d f   node:node.exe
 0001:00006759       __imp_load_?ToString@Value@v8@@QEBA?AV?$MaybeLocal@VString@v8@@@2@V?$Local@VContext@v8@@@2@@Z 0000000180007759 f   node:node.exe
 0001:00006765       __imp_load_?ToBoolean@Value@v8@@QEBA?AV?$MaybeLocal@VBoolean@v8@@@2@V?$Local@VContext@v8@@@2@@Z 0000000180007765 f   node:node.exe
 0001:00006771       __imp_load_?IsInt32@Value@v8@@QEBA_NXZ 0000000180007771 f   node:node.exe
 0001:0000677d       __imp_load_?IsObject@Value@v8@@QEBA_NXZ 000000018000777d f   node:node.exe
 0001:00006789       __imp_load_?IsFunction@Value@v8@@QEBA_NXZ 0000000180007789 f   node:node.exe
 0001:00006795       __imp_load_?Escape@EscapableHandleScope@v8@@AEAAPEAPEAVObject@internal@2@PEAPEAV342@@Z 0000000180007795 f   node:node.exe
 0001:000067a1       __imp_load_??0EscapableHandleScope@v8@@QEAA@PEAVIsolate@1@@Z 00000001800077a1 f   node:node.exe
 0001:000067ad       __imp_load_??1Utf8Value@String@v8@@QEAA@XZ 00000001800077ad f   node:node.exe
 0001:000067b9       __imp_load_??0Utf8Value@String@v8@@QEAA@V?$Local@VValue@v8@@@2@@Z 00000001800077b9 f   node:node.exe
 0001:000067c5       __imp_load_?NewFromUtf8@String@v8@@SA?AV?$MaybeLocal@VString@v8@@@2@PEAVIsolate@2@PEBDW4NewStringType@2@H@Z 00000001800077c5 f   node:node.exe
 0001:000067d1       __imp_load_?WriteUtf8@String@v8@@QEBAHPEADHPEAHH@Z 00000001800077d1 f   node:node.exe
 0001:000067dd       __imp_load_?Length@String@v8@@QEBAHXZ 00000001800077dd f   node:node.exe
 0001:000067e9       __imp_load_?Value@Int32@v8@@QEBAHXZ 00000001800077e9 f   node:node.exe
 0001:000067f5       __imp_load_?SlowGetInternalField@Object@v8@@AEAA?AV?$Local@VValue@v8@@@2@H@Z 00000001800077f5 f   node:node.exe
 0001:00006801       __imp_load_?New@Object@v8@@SA?AV?$Local@VObject@v8@@@2@PEAVIsolate@2@@Z 0000000180007801 f   node:node.exe
 0001:0000680d       __imp_load_?SetInternalField@Object@v8@@QEAAXHV?$Local@VValue@v8@@@2@@Z 000000018000780d f   node:node.exe
 0001:00006819       __imp_load_?Has@Object@v8@@QEAA?AV?$Maybe@_N@2@V?$Local@VContext@v8@@@2@V?$Local@VValue@v8@@@2@@Z 0000000180007819 f   node:node.exe
 0001:00006825       __imp_load_?Get@Object@v8@@QEAA?AV?$MaybeLocal@VValue@v8@@@2@V?$Local@VContext@v8@@@2@V?$Local@VValue@v8@@@2@@Z 0000000180007825 f   node:node.exe
 0001:00006831       __imp_load_?Set@Object@v8@@QEAA_NV?$Local@VValue@v8@@@2@0@Z 0000000180007831 f   node:node.exe
 0001:0000683d       __imp_load_?Set@Object@v8@@QEAA?AV?$Maybe@_N@2@V?$Local@VContext@v8@@@2@V?$Local@VValue@v8@@@2@1@Z 000000018000783d f   node:node.exe
 0001:00006849       __imp_load_?SetInternalFieldCount@ObjectTemplate@v8@@QEAAXH@Z 0000000180007849 f   node:node.exe
 0001:00006855       __imp_load_?NewInstance@ObjectTemplate@v8@@QEAA?AV?$MaybeLocal@VObject@v8@@@2@V?$Local@VContext@v8@@@2@@Z 0000000180007855 f   node:node.exe
 0001:00006861       __imp_load_?New@ObjectTemplate@v8@@SA?AV?$Local@VObjectTemplate@v8@@@2@PEAVIsolate@2@V?$Local@VFunctionTemplate@v8@@@2@@Z 0000000180007861 f   node:node.exe
 0001:0000686d       __imp_load_?EmitAsyncDestroy@node@@YAXPEAVIsolate@v8@@Uasync_context@1@@Z 000000018000786d f   node:node.exe
 0001:00006879       __imp_load_node_module_register 0000000180007879 f   node:node.exe
 0001:00006885       __imp_load_?MakeCallback@node@@YA?AV?$MaybeLocal@VValue@v8@@@v8@@PEAVIsolate@3@V?$Local@VObject@v8@@@3@V?$Local@VFunction@v8@@@3@HPEAV?$Local@VValue@v8@@@3@Uasync_context@1@@Z 0000000180007885 f   node:node.exe
 0001:00006891       __imp_load_?EmitAsyncInit@node@@YA?AUasync_context@1@PEAVIsolate@v8@@V?$Local@VObject@v8@@@4@V?$Local@VString@v8@@@4@N@Z 0000000180007891 f   node:node.exe
 0001:0000689d       __imp_load_uv_default_loop 000000018000789d f   node:node.exe
 0001:000068a9       __imp_load_??1EscapableHandleScope@v8@@QEAA@XZ 00000001800078a9 f   node:node.exe
 0001:000068b5       __imp_load_?New@Array@v8@@SA?AV?$Local@VArray@v8@@@2@PEAVIsolate@2@H@Z 00000001800078b5 f   node:node.exe
 0001:000068c1       __imp_load_?Set@Object@v8@@QEAA?AV?$Maybe@_N@2@V?$Local@VContext@v8@@@2@IV?$Local@VValue@v8@@@2@@Z 00000001800078c1 f   node:node.exe
 0001:000068cd       __imp_load_uv_close        00000001800078cd f   node:node.exe
 0001:000068d9       __imp_load_?HasInstance@Buffer@node@@YA_NV?$Local@VValue@v8@@@v8@@@Z 00000001800078d9 f   node:node.exe
 0001:000068e5       __imp_load_?Data@Buffer@node@@YAPEADV?$Local@VObject@v8@@@v8@@@Z 00000001800078e5 f   node:node.exe
 0001:000068f1       __imp_load_?Length@Buffer@node@@YA_KV?$Local@VObject@v8@@@v8@@@Z 00000001800078f1 f   node:node.exe
 0001:000068fd       __imp_load_uv_async_send   00000001800078fd f   node:node.exe
 0001:00006909       __imp_load_uv_async_init   0000000180007909 f   node:node.exe
 0001:00006918       ??0bad_alloc@std@@QEAA@AEBV01@@Z 0000000180007918 f i libcpmt:xthrow.obj
 0001:00006958       ??0bad_alloc@std@@QEAA@XZ  0000000180007958 f i libcpmt:xthrow.obj
 0001:00006978       ??0exception@std@@QEAA@AEBV01@@Z 0000000180007978 f i libcpmt:xthrow.obj
 0001:000069b0       ??0length_error@std@@QEAA@AEBV01@@Z 00000001800079b0 f i libcpmt:xthrow.obj
 0001:000069f0       ??0length_error@std@@QEAA@PEBD@Z 00000001800079f0 f i libcpmt:xthrow.obj
 0001:00006a3c       ??0logic_error@std@@QEAA@AEBV01@@Z 0000000180007a3c f i libcpmt:xthrow.obj
 0001:00006a7c       ??1length_error@std@@UEAA@XZ 0000000180007a7c f i libcpmt:xthrow.obj
 0001:00006a7c       ??1bad_alloc@std@@UEAA@XZ  0000000180007a7c f i libcpmt:xthrow.obj
 0001:00006a7c       ??1bad_array_new_length@std@@UEAA@XZ 0000000180007a7c f i LIBCMT:throw_bad_alloc.obj
 0001:00006a7c       ??1bad_exception@std@@UEAA@XZ 0000000180007a7c f i libvcruntime:frame.obj
 0001:00006a90       ??_Elogic_error@std@@UEAAPEAXI@Z 0000000180007a90 f i libcpmt:xthrow.obj
 0001:00006a90       ??_Gbad_exception@std@@UEAAPEAXI@Z 0000000180007a90 f i libvcruntime:frame.obj
 0001:00006a90       ??_Glength_error@std@@UEAAPEAXI@Z 0000000180007a90 f i libcpmt:xthrow.obj
 0001:00006a90       ??_Eexception@std@@UEAAPEAXI@Z 0000000180007a90 f i libcpmt:xthrow.obj
 0001:00006a90       ??_Gexception@std@@UEAAPEAXI@Z 0000000180007a90 f i libcpmt:xthrow.obj
 0001:00006a90       ??_Glogic_error@std@@UEAAPEAXI@Z 0000000180007a90 f i libcpmt:xthrow.obj
 0001:00006a90       ??_Gbad_alloc@std@@UEAAPEAXI@Z 0000000180007a90 f i libcpmt:xthrow.obj
 0001:00006a90       ??_Gbad_array_new_length@std@@UEAAPEAXI@Z 0000000180007a90 f i LIBCMT:throw_bad_alloc.obj
 0001:00006a90       ??_Elength_error@std@@UEAAPEAXI@Z 0000000180007a90 f i libcpmt:xthrow.obj
 0001:00006a90       ??_Ebad_alloc@std@@UEAAPEAXI@Z 0000000180007a90 f i libcpmt:xthrow.obj
 0001:00006a90       ??_Ebad_exception@std@@UEAAPEAXI@Z 0000000180007a90 f i libvcruntime:frame.obj
 0001:00006a90       ??_Ebad_array_new_length@std@@UEAAPEAXI@Z 0000000180007a90 f i LIBCMT:throw_bad_alloc.obj
 0001:00006ad4       ?_Xlength_error@std@@YAXPEBD@Z 0000000180007ad4 f   libcpmt:xthrow.obj
 0001:00006af8       ?what@exception@std@@UEBAPEBDXZ 0000000180007af8 f i libcpmt:xthrow.obj
 0001:00006b20       __security_check_cookie    0000000180007b20 f   LIBCMT:amdsecgs.obj
 0001:00006b44       ??2@YAPEAX_K@Z             0000000180007b44 f   LIBCMT:new_scalar.obj
 0001:00006b80       ??3@YAXPEAX_K@Z            0000000180007b80 f   LIBCMT:delete_scalar_size.obj
 0001:00006b88       __raise_securityfailure    0000000180007b88 f   LIBCMT:gs_report.obj
 0001:00006bbc       __report_gsfailure         0000000180007bbc f   LIBCMT:gs_report.obj
 0001:00006c90       __report_rangecheckfailure 0000000180007c90 f   LIBCMT:gs_report.obj
 0001:00006ca4       __report_securityfailure   0000000180007ca4 f   LIBCMT:gs_report.obj
 0001:00006e24       __scrt_acquire_startup_lock 0000000180007e24 f   LIBCMT:utility.obj
 0001:00006e60       __scrt_dllmain_after_initialize_c 0000000180007e60 f   LIBCMT:utility.obj
 0001:00006e94       __scrt_dllmain_before_initialize_c 0000000180007e94 f   LIBCMT:utility.obj
 0001:00006eac       __scrt_dllmain_crt_thread_attach 0000000180007eac f   LIBCMT:utility.obj
 0001:00006ed4       __scrt_dllmain_crt_thread_detach 0000000180007ed4 f   LIBCMT:utility.obj
 0001:00006eec       __scrt_dllmain_exception_filter 0000000180007eec f   LIBCMT:utility.obj
 0001:00006f4c       __scrt_dllmain_uninitialize_c 0000000180007f4c f   LIBCMT:utility.obj
 0001:00006f7c       __scrt_dllmain_uninitialize_critical 0000000180007f7c f   LIBCMT:utility.obj
 0001:00006f90       __scrt_initialize_crt      0000000180007f90 f   LIBCMT:utility.obj
 0001:00006fdc       __scrt_initialize_onexit_tables 0000000180007fdc f   LIBCMT:utility.obj
 0001:000070b4       __scrt_is_nonwritable_in_current_image 00000001800080b4 f   LIBCMT:utility.obj
 0001:00007150       __scrt_release_startup_lock 0000000180008150 f   LIBCMT:utility.obj
 0001:00007174       __scrt_uninitialize_crt    0000000180008174 f   LIBCMT:utility.obj
 0001:000071a0       _onexit                    00000001800081a0 f   LIBCMT:utility.obj
 0001:000071f0       atexit                     00000001800081f0 f   LIBCMT:utility.obj
 0001:00007538       _DllMainCRTStartup         0000000180008538 f   LIBCMT:dll_dllmain.obj
 0001:00007578       ??_Gtype_info@@UEAAPEAXI@Z 0000000180008578 f i LIBCMT:std_type_info_static.obj
 0001:00007578       ??_Etype_info@@UEAAPEAXI@Z 0000000180008578 f i LIBCMT:std_type_info_static.obj
 0001:000075a4       ??0bad_array_new_length@std@@QEAA@AEBV01@@Z 00000001800085a4 f i LIBCMT:throw_bad_alloc.obj
 0001:000075e4       ??0bad_array_new_length@std@@QEAA@XZ 00000001800085e4 f i LIBCMT:throw_bad_alloc.obj
 0001:00007604       ?__scrt_throw_std_bad_alloc@@YAXXZ 0000000180008604 f   LIBCMT:throw_bad_alloc.obj
 0001:00007624       ?__scrt_throw_std_bad_array_new_length@@YAXXZ 0000000180008624 f   LIBCMT:throw_bad_alloc.obj
 0001:00007644       ??3@YAXPEAX@Z              0000000180008644 f   LIBCMT:delete_scalar.obj
 0001:0000764c       __isa_available_init       000000018000864c f   LIBCMT:cpu_disp.obj
 0001:00007808       _get_startup_argv_mode     0000000180008808 f   LIBCMT:argv_mode.obj
 0001:00007808       DllMain                    0000000180008808 f   LIBCMT:dll_dllmain_stub.obj
 0001:00007810       __scrt_is_ucrt_dll_in_use  0000000180008810 f   LIBCMT:ucrt_detection.obj
 0001:0000781c       __crt_debugger_hook        000000018000881c f   LIBCMT:utility_desktop.obj
 0001:00007824       __scrt_fastfail            0000000180008824 f   LIBCMT:utility_desktop.obj
 0001:00007970       _guard_check_icall_nop     0000000180008970 f i LIBCMT:guard_support.obj
 0001:00007974       __security_init_cookie     0000000180008974 f   LIBCMT:gs_support.obj
 0001:00007a20       ?__scrt_initialize_type_info@@YAXXZ 0000000180008a20 f   LIBCMT:tncleanup.obj
 0001:00007a30       ?__scrt_uninitialize_type_info@@YAXXZ 0000000180008a30 f   LIBCMT:tncleanup.obj
 0001:00007a3c       __local_stdio_scanf_options 0000000180008a3c f i LIBCMT:default_local_stdio_options.obj
 0001:00007a44       __scrt_initialize_default_local_stdio_options 0000000180008a44 f   LIBCMT:default_local_stdio_options.obj
 0001:00007a60       __scrt_get_dyn_tls_init_callback 0000000180008a60 f   LIBCMT:dyn_tls_init.obj
 0001:00007a68       _RTC_Initialize            0000000180008a68 f   LIBCMT:initsect.obj
 0001:00007aa4       _RTC_Terminate             0000000180008aa4 f   LIBCMT:initsect.obj
 0001:00007ae0       ??$_CallSETranslator@V__FrameHandler3@@@@YAHPEAUEHExceptionRecord@@PEA_KPEAU_CONTEXT@@PEAU_xDISPATCHER_CONTEXT@@PEBU_s_FuncInfo@@K1@Z 0000000180008ae0 f i libvcruntime:risctrnsctrl.obj
 0001:00007b34       ?CatchTryBlock@__FrameHandler3@@SAPEBU_s_TryBlockMapEntry@@PEBU_s_FuncInfo@@H@Z 0000000180008b34 f   libvcruntime:risctrnsctrl.obj
 0001:00007b8c       ?ExecutionInCatch@__FrameHandler3@@SA_NPEAU_xDISPATCHER_CONTEXT@@PEBU_s_FuncInfo@@@Z 0000000180008b8c f   libvcruntime:risctrnsctrl.obj
 0001:00007bb8       ?FrameUnwindToEmptyState@__FrameHandler3@@SAXPEA_KPEAU_xDISPATCHER_CONTEXT@@PEBU_s_FuncInfo@@@Z 0000000180008bb8 f   libvcruntime:risctrnsctrl.obj
 0001:00007c1c       ?GetEstablisherFrame@__FrameHandler3@@SAPEA_KPEA_KPEAU_xDISPATCHER_CONTEXT@@PEBU_s_FuncInfo@@0@Z 0000000180008c1c f   libvcruntime:risctrnsctrl.obj
 0001:00007ce8       ?GetRangeOfTrysToCheck@__FrameHandler3@@SA?AU?$pair@Viterator@TryBlockMap@__FrameHandler3@@V123@@std@@AEAVTryBlockMap@1@HH@Z 0000000180008ce8 f   libvcruntime:risctrnsctrl.obj
 0001:00007e44       ?UnwindNestedFrames@__FrameHandler3@@SAXPEA_KPEAUEHExceptionRecord@@PEAU_CONTEXT@@0PEAXPEBU_s_FuncInfo@@HHPEBU_s_HandlerType@@PEAU_xDISPATCHER_CONTEXT@@E@Z 0000000180008e44 f   libvcruntime:risctrnsctrl.obj
 0001:00007f68       _CreateFrameInfo           0000000180008f68 f   libvcruntime:risctrnsctrl.obj
 0001:00007fa4       _FindAndUnlinkFrame        0000000180008fa4 f   libvcruntime:risctrnsctrl.obj
 0001:00007ff8       _GetImageBase              0000000180008ff8 f   libvcruntime:risctrnsctrl.obj
 0001:0000800c       _GetThrowImageBase         000000018000900c f   libvcruntime:risctrnsctrl.obj
 0001:00008020       _SetImageBase              0000000180009020 f   libvcruntime:risctrnsctrl.obj
 0001:00008038       _SetThrowImageBase         0000000180009038 f   libvcruntime:risctrnsctrl.obj
 0001:00008050       __CxxFrameHandler3         0000000180009050 f   libvcruntime:risctrnsctrl.obj
 0001:000080d0       strstr                     00000001800090d0 f   libvcruntime:strstr.obj
 0001:000082d0       __std_exception_copy       00000001800092d0 f   libvcruntime:std_exception.obj
 0001:00008360       __std_exception_destroy    0000000180009360 f   libvcruntime:std_exception.obj
 0001:00008388       _CxxThrowException         0000000180009388 f   libvcruntime:throw.obj
 0001:00008448       __vcrt_initialize          0000000180009448 f   libvcruntime:initialization.obj
 0001:0000847c       __vcrt_thread_attach       000000018000947c f   libvcruntime:initialization.obj
 0001:00008490       __vcrt_thread_detach       0000000180009490 f   libvcruntime:initialization.obj
 0001:000084a4       __vcrt_uninitialize        00000001800094a4 f   libvcruntime:initialization.obj
 0001:000084c4       __vcrt_uninitialize_critical 00000001800094c4 f   libvcruntime:initialization.obj
 0001:000084d4       __C_specific_handler       00000001800094d4 f   libvcruntime:riscchandler.obj
 0001:000086f0       memset_repmovs             00000001800096f0 f   libvcruntime:memset.obj
 0001:00008710       memset                     0000000180009710 f   libvcruntime:memset.obj
 0001:000088a0       __std_type_info_compare    00000001800098a0 f   libvcruntime:std_type_info.obj
 0001:000088c8       __std_type_info_destroy_list 00000001800098c8 f   libvcruntime:std_type_info.obj
 0001:000088f4       __vcrt_freefls             00000001800098f4 f   libvcruntime:per_thread_data.obj
 0001:00008914       __vcrt_freeptd             0000000180009914 f   libvcruntime:per_thread_data.obj
 0001:00008964       __vcrt_getptd              0000000180009964 f   libvcruntime:per_thread_data.obj
 0001:00008980       __vcrt_getptd_noexit       0000000180009980 f   libvcruntime:per_thread_data.obj
 0001:00008a4c       __vcrt_initialize_ptd      0000000180009a4c f   libvcruntime:per_thread_data.obj
 0001:00008aa0       __vcrt_uninitialize_ptd    0000000180009aa0 f   libvcruntime:per_thread_data.obj
 0001:00008ac4       ?GetCurrentState@__FrameHandler3@@SAHPEA_KPEAU_xDISPATCHER_CONTEXT@@PEBU_s_FuncInfo@@@Z 0000000180009ac4 f   libvcruntime:ehstate.obj
 0001:00008aec       ?GetUnwindTryBlock@__FrameHandler3@@SAHPEA_KPEAU_xDISPATCHER_CONTEXT@@PEBU_s_FuncInfo@@@Z 0000000180009aec f   libvcruntime:ehstate.obj
 0001:00008b18       ?SetState@__FrameHandler3@@SAXPEA_KPEBU_s_FuncInfo@@H@Z 0000000180009b18 f   libvcruntime:ehstate.obj
 0001:00008b24       ?SetUnwindTryBlock@__FrameHandler3@@SAXPEA_KPEAU_xDISPATCHER_CONTEXT@@PEBU_s_FuncInfo@@H@Z 0000000180009b24 f   libvcruntime:ehstate.obj
 0001:00008b60       ?StateFromControlPc@__FrameHandler3@@SAHPEBU_s_FuncInfo@@PEAU_xDISPATCHER_CONTEXT@@@Z 0000000180009b60 f   libvcruntime:ehstate.obj
 0001:00008b68       ?StateFromIp@__FrameHandler3@@SAHPEBU_s_FuncInfo@@PEAU_xDISPATCHER_CONTEXT@@_K@Z 0000000180009b68 f   libvcruntime:ehstate.obj
 0001:000095f4       ??$TypeMatchHelper@$$CBU_s_HandlerType@@@@YAHPEBU_s_HandlerType@@PEBU_s_CatchableType@@PEBU_s_ThrowInfo@@@Z 000000018000a5f4 f i libvcruntime:frame.obj
 0001:00009738       ??$__InternalCxxFrameHandler@V__FrameHandler3@@@@YA?AW4_EXCEPTION_DISPOSITION@@PEAUEHExceptionRecord@@PEA_KPEAU_CONTEXT@@PEAU_xDISPATCHER_CONTEXT@@PEBU_s_FuncInfo@@H1E@Z 000000018000a738 f i libvcruntime:frame.obj
 0001:00009980       ??0bad_exception@std@@QEAA@AEBV01@@Z 000000018000a980 f i libvcruntime:frame.obj
 0001:000099c0       ??0bad_exception@std@@QEAA@XZ 000000018000a9c0 f i libvcruntime:frame.obj
 0001:000099e0       ?CxxCallCatchBlock@__FrameHandler3@@SAPEAXPEAU_EXCEPTION_RECORD@@@Z 000000018000a9e0 f   libvcruntime:frame.obj
 0001:00009c54       ?FrameUnwindToState@__FrameHandler3@@SAXPEA_KPEAU_xDISPATCHER_CONTEXT@@PEBU_s_FuncInfo@@H@Z 000000018000ac54 f   libvcruntime:frame.obj
 0001:00009de8       ?GetHandlerSearchState@__FrameHandler3@@SAHPEA_KPEAU_xDISPATCHER_CONTEXT@@PEBU_s_FuncInfo@@@Z 000000018000ade8 f i libvcruntime:frame.obj
 0001:00009fec       ?_CallMemberFunction1@@YAXQEAX00@Z 000000018000afec f i libvcruntime:frame.obj
 0001:00009ff8       ?_CallMemberFunction2@@YAXQEAX00H@Z 000000018000aff8 f i libvcruntime:frame.obj
 0001:0000a008       __vcrt_initialize_locks    000000018000b008 f   libvcruntime:locks.obj
 0001:0000a050       __vcrt_uninitialize_locks  000000018000b050 f   libvcruntime:locks.obj
 0001:0000a260       __vcrt_FlsAlloc            000000018000b260 f   libvcruntime:winapi_downlevel.obj
 0001:0000a2a8       __vcrt_FlsFree             000000018000b2a8 f   libvcruntime:winapi_downlevel.obj
 0001:0000a2f0       __vcrt_FlsGetValue         000000018000b2f0 f   libvcruntime:winapi_downlevel.obj
 0001:0000a338       __vcrt_FlsSetValue         000000018000b338 f   libvcruntime:winapi_downlevel.obj
 0001:0000a38c       __vcrt_InitializeCriticalSectionEx 000000018000b38c f   libvcruntime:winapi_downlevel.obj
 0001:0000a3f0       __vcrt_initialize_winapi_thunks 000000018000b3f0 f   libvcruntime:winapi_downlevel.obj
 0001:0000a420       __vcrt_uninitialize_winapi_thunks 000000018000b420 f   libvcruntime:winapi_downlevel.obj
 0001:0000a460       __vcrt_initialize_pure_virtual_call_handler 000000018000b460 f   libvcruntime:purevirt_data.obj
 0001:0000a480       _NLG_Notify                000000018000b480 f   libvcruntime:notify.obj
 0001:0000a4a0       __NLG_Dispatch2            000000018000b4a0 f   libvcruntime:notify.obj
 0001:0000a4b0       __NLG_Return2              000000018000b4b0 f   libvcruntime:notify.obj
 0001:0000a4b4       __except_validate_context_record 000000018000b4b4 f   libvcruntime:jbcxrval.obj
 0001:0000a4ec       __DestructExceptionObject  000000018000b4ec f   libvcruntime:ehhelpers.obj
 0001:0000a560       ?_CallMemberFunction0@@YAXQEAX0@Z 000000018000b560 f i libvcruntime:ehhelpers.obj
 0001:0000a564       _IsExceptionObjectToBeDestroyed 000000018000b564 f   libvcruntime:ehhelpers.obj
 0001:0000a594       __AdjustPointer            000000018000b594 f   libvcruntime:ehhelpers.obj
 0001:0000a5b8       __FrameUnwindFilter        000000018000b5b8 f   libvcruntime:ehhelpers.obj
 0001:0000a620       _CallSettingFrame          000000018000b620 f   libvcruntime:handlers.obj
 0001:0000a670       _CallSettingFrameEncoded   000000018000b670 f   libvcruntime:handlers.obj
 0001:0000a6d0       memcpy_repmovs             000000018000b6d0 f   libvcruntime:memcpy.obj
 0001:0000a6f0       memcpy                     000000018000b6f0 f   libvcruntime:memcpy.obj
 0001:0000a6f0       memmove                    000000018000b6f0 f   libvcruntime:memcpy.obj
 0001:0000b0d4       ??$ensure_buffer_is_big_enough@D@formatting_buffer@__crt_stdio_output@@QEAA_N_K@Z 000000018000c0d4 f i libucrt:output.obj
 0001:0000b17c       ??$ensure_buffer_is_big_enough@_W@formatting_buffer@__crt_stdio_output@@QEAA_N_K@Z 000000018000c17c f i libucrt:output.obj
 0001:0000b228       ??$is_wide_character_specifier@_W@__crt_stdio_output@@YA_N_K_WW4length_modifier@0@@Z 000000018000c228 f i libucrt:output.obj
 0001:0000b268       ??$type_case_integer_parse_into_buffer@I@?$output_processor@DV?$string_output_adapter@D@__crt_stdio_output@@V?$format_validation_base@DV?$string_output_adapter@D@__crt_stdio_output@@@2@@__crt_stdio_output@@AEAAXII_N@Z 000000018000c268 f i libucrt:output.obj
 0001:0000b268       ??$type_case_integer_parse_into_buffer@I@?$output_processor@DV?$string_output_adapter@D@__crt_stdio_output@@V?$standard_base@DV?$string_output_adapter@D@__crt_stdio_output@@@2@@__crt_stdio_output@@AEAAXII_N@Z 000000018000c268 f i libucrt:output.obj
 0001:0000b2f8       ??$type_case_integer_parse_into_buffer@I@?$output_processor@_WV?$string_output_adapter@_W@__crt_stdio_output@@V?$standard_base@_WV?$string_output_adapter@_W@__crt_stdio_output@@@2@@__crt_stdio_output@@AEAAXII_N@Z 000000018000c2f8 f i libucrt:output.obj
 0001:0000b2f8       ??$type_case_integer_parse_into_buffer@I@?$output_processor@_WV?$stream_output_adapter@_W@__crt_stdio_output@@V?$standard_base@_WV?$stream_output_adapter@_W@__crt_stdio_output@@@2@@__crt_stdio_output@@AEAAXII_N@Z 000000018000c2f8 f i libucrt:output.obj
 0001:0000b39c       ??$type_case_integer_parse_into_buffer@_K@?$output_processor@DV?$string_output_adapter@D@__crt_stdio_output@@V?$format_validation_base@DV?$string_output_adapter@D@__crt_stdio_output@@@2@@__crt_stdio_output@@AEAAX_KI_N@Z 000000018000c39c f i libucrt:output.obj
 0001:0000b39c       ??$type_case_integer_parse_into_buffer@_K@?$output_processor@DV?$string_output_adapter@D@__crt_stdio_output@@V?$standard_base@DV?$string_output_adapter@D@__crt_stdio_output@@@2@@__crt_stdio_output@@AEAAX_KI_N@Z 000000018000c39c f i libucrt:output.obj
 0001:0000b430       ??$type_case_integer_parse_into_buffer@_K@?$output_processor@_WV?$string_output_adapter@_W@__crt_stdio_output@@V?$standard_base@_WV?$string_output_adapter@_W@__crt_stdio_output@@@2@@__crt_stdio_output@@AEAAX_KI_N@Z 000000018000c430 f i libucrt:output.obj
 0001:0000b430       ??$type_case_integer_parse_into_buffer@_K@?$output_processor@_WV?$stream_output_adapter@_W@__crt_stdio_output@@V?$standard_base@_WV?$stream_output_adapter@_W@__crt_stdio_output@@@2@@__crt_stdio_output@@AEAAX_KI_N@Z 000000018000c430 f i libucrt:output.obj
 0001:0000b4d4       ??$write_multiple_characters@V?$stream_output_adapter@_W@__crt_stdio_output@@D@__crt_stdio_output@@YAXAEBV?$stream_output_adapter@_W@0@DHQEAH@Z 000000018000c4d4 f i libucrt:output.obj
 0001:0000b568       ??$write_multiple_characters@V?$string_output_adapter@D@__crt_stdio_output@@D@__crt_stdio_output@@YAXAEBV?$string_output_adapter@D@0@DHQEAH@Z 000000018000c568 f i libucrt:output.obj
 0001:0000b5e0       ??$write_multiple_characters@V?$string_output_adapter@_W@__crt_stdio_output@@D@__crt_stdio_output@@YAXAEBV?$string_output_adapter@_W@0@DHQEAH@Z 000000018000c5e0 f i libucrt:output.obj
 0001:0000b65c       ??0_LocaleUpdate@@QEAA@QEAU__crt_locale_pointers@@@Z 000000018000c65c f i libucrt:output.obj
 0001:0000b82c       ?crop_zeroes@__crt_stdio_output@@YAXPEADQEAU__crt_locale_pointers@@@Z 000000018000c82c f i libucrt:output.obj
 0001:0000b898       ?force_decimal_point@__crt_stdio_output@@YAXPEADQEAU__crt_locale_pointers@@@Z 000000018000c898 f i libucrt:output.obj
 0001:0000b908       ?parse_int_from_format_string@?$output_processor@DV?$string_output_adapter@D@__crt_stdio_output@@V?$format_validation_base@DV?$string_output_adapter@D@__crt_stdio_output@@@2@@__crt_stdio_output@@AEAA_NQEAH@Z 000000018000c908 f i libucrt:output.obj
 0001:0000b908       ?parse_int_from_format_string@?$output_processor@DV?$string_output_adapter@D@__crt_stdio_output@@V?$standard_base@DV?$string_output_adapter@D@__crt_stdio_output@@@2@@__crt_stdio_output@@AEAA_NQEAH@Z 000000018000c908 f i libucrt:output.obj
 0001:0000b9ac       ?parse_int_from_format_string@?$output_processor@_WV?$stream_output_adapter@_W@__crt_stdio_output@@V?$standard_base@_WV?$stream_output_adapter@_W@__crt_stdio_output@@@2@@__crt_stdio_output@@AEAA_NQEAH@Z 000000018000c9ac f i libucrt:output.obj
 0001:0000b9ac       ?parse_int_from_format_string@?$output_processor@_WV?$string_output_adapter@_W@__crt_stdio_output@@V?$standard_base@_WV?$string_output_adapter@_W@__crt_stdio_output@@@2@@__crt_stdio_output@@AEAA_NQEAH@Z 000000018000c9ac f i libucrt:output.obj
 0001:0000ba50       ?process@?$output_processor@DV?$string_output_adapter@D@__crt_stdio_output@@V?$format_validation_base@DV?$string_output_adapter@D@__crt_stdio_output@@@2@@__crt_stdio_output@@QEAAHXZ 000000018000ca50 f i libucrt:output.obj
 0001:0000bc68       ?process@?$output_processor@DV?$string_output_adapter@D@__crt_stdio_output@@V?$standard_base@DV?$string_output_adapter@D@__crt_stdio_output@@@2@@__crt_stdio_output@@QEAAHXZ 000000018000cc68 f i libucrt:output.obj
 0001:0000be74       ?process@?$output_processor@_WV?$stream_output_adapter@_W@__crt_stdio_output@@V?$standard_base@_WV?$stream_output_adapter@_W@__crt_stdio_output@@@2@@__crt_stdio_output@@QEAAHXZ 000000018000ce74 f i libucrt:output.obj
 0001:0000c0e0       ?process@?$output_processor@_WV?$string_output_adapter@_W@__crt_stdio_output@@V?$standard_base@_WV?$string_output_adapter@_W@__crt_stdio_output@@@2@@__crt_stdio_output@@QEAAHXZ 000000018000d0e0 f i libucrt:output.obj
 0001:0000c35c       ?state_case_normal@?$output_processor@DV?$string_output_adapter@D@__crt_stdio_output@@V?$standard_base@DV?$string_output_adapter@D@__crt_stdio_output@@@2@@__crt_stdio_output@@AEAA_NXZ 000000018000d35c f i libucrt:output.obj
 0001:0000c35c       ?state_case_normal@?$output_processor@DV?$string_output_adapter@D@__crt_stdio_output@@V?$format_validation_base@DV?$string_output_adapter@D@__crt_stdio_output@@@2@@__crt_stdio_output@@AEAA_NXZ 000000018000d35c f i libucrt:output.obj
 0001:0000c3d0       ?state_case_normal_tchar@?$output_processor@DV?$string_output_adapter@D@__crt_stdio_output@@V?$format_validation_base@DV?$string_output_adapter@D@__crt_stdio_output@@@2@@__crt_stdio_output@@AEAA_ND@Z 000000018000d3d0 f i libucrt:output.obj
 0001:0000c3d0       ?state_case_normal_tchar@?$output_processor@DV?$string_output_adapter@D@__crt_stdio_output@@V?$standard_base@DV?$string_output_adapter@D@__crt_stdio_output@@@2@@__crt_stdio_output@@AEAA_ND@Z 000000018000d3d0 f i libucrt:output.obj
 0001:0000c478       ?state_case_size@?$output_processor@DV?$string_output_adapter@D@__crt_stdio_output@@V?$format_validation_base@DV?$string_output_adapter@D@__crt_stdio_output@@@2@@__crt_stdio_output@@AEAA_NXZ 000000018000d478 f i libucrt:output.obj
 0001:0000c478       ?state_case_size@?$output_processor@DV?$string_output_adapter@D@__crt_stdio_output@@V?$standard_base@DV?$string_output_adapter@D@__crt_stdio_output@@@2@@__crt_stdio_output@@AEAA_NXZ 000000018000d478 f i libucrt:output.obj
 0001:0000c5ec       ?state_case_size@?$output_processor@_WV?$stream_output_adapter@_W@__crt_stdio_output@@V?$standard_base@_WV?$stream_output_adapter@_W@__crt_stdio_output@@@2@@__crt_stdio_output@@AEAA_NXZ 000000018000d5ec f i libucrt:output.obj
 0001:0000c784       ?state_case_size@?$output_processor@_WV?$string_output_adapter@_W@__crt_stdio_output@@V?$standard_base@_WV?$string_output_adapter@_W@__crt_stdio_output@@@2@@__crt_stdio_output@@AEAA_NXZ 000000018000d784 f i libucrt:output.obj
 0001:0000c91c       ?state_case_type@?$output_processor@DV?$string_output_adapter@D@__crt_stdio_output@@V?$standard_base@DV?$string_output_adapter@D@__crt_stdio_output@@@2@@__crt_stdio_output@@AEAA_NXZ 000000018000d91c f i libucrt:output.obj
 0001:0000c91c       ?state_case_type@?$output_processor@DV?$string_output_adapter@D@__crt_stdio_output@@V?$format_validation_base@DV?$string_output_adapter@D@__crt_stdio_output@@@2@@__crt_stdio_output@@AEAA_NXZ 000000018000d91c f i libucrt:output.obj
 0001:0000cb84       ?state_case_type@?$output_processor@_WV?$stream_output_adapter@_W@__crt_stdio_output@@V?$standard_base@_WV?$stream_output_adapter@_W@__crt_stdio_output@@@2@@__crt_stdio_output@@AEAA_NXZ 000000018000db84 f i libucrt:output.obj
 0001:0000ce64       ?state_case_type@?$output_processor@_WV?$string_output_adapter@_W@__crt_stdio_output@@V?$standard_base@_WV?$string_output_adapter@_W@__crt_stdio_output@@@2@@__crt_stdio_output@@AEAA_NXZ 000000018000de64 f i libucrt:output.obj
 0001:0000d130       ?type_case_Z@?$output_processor@DV?$string_output_adapter@D@__crt_stdio_output@@V?$format_validation_base@DV?$string_output_adapter@D@__crt_stdio_output@@@2@@__crt_stdio_output@@AEAA_NXZ 000000018000e130 f i libucrt:output.obj
 0001:0000d130       ?type_case_Z@?$output_processor@DV?$string_output_adapter@D@__crt_stdio_output@@V?$standard_base@DV?$string_output_adapter@D@__crt_stdio_output@@@2@@__crt_stdio_output@@AEAA_NXZ 000000018000e130 f i libucrt:output.obj
 0001:0000d1a8       ?type_case_Z@?$output_processor@_WV?$string_output_adapter@_W@__crt_stdio_output@@V?$standard_base@_WV?$string_output_adapter@_W@__crt_stdio_output@@@2@@__crt_stdio_output@@AEAA_NXZ 000000018000e1a8 f i libucrt:output.obj
 0001:0000d1a8       ?type_case_Z@?$output_processor@_WV?$stream_output_adapter@_W@__crt_stdio_output@@V?$standard_base@_WV?$stream_output_adapter@_W@__crt_stdio_output@@@2@@__crt_stdio_output@@AEAA_NXZ 000000018000e1a8 f i libucrt:output.obj
 0001:0000d224       ?type_case_a@?$output_processor@DV?$string_output_adapter@D@__crt_stdio_output@@V?$standard_base@DV?$string_output_adapter@D@__crt_stdio_output@@@2@@__crt_stdio_output@@AEAA_NXZ 000000018000e224 f i libucrt:output.obj
 0001:0000d224       ?type_case_a@?$output_processor@DV?$string_output_adapter@D@__crt_stdio_output@@V?$format_validation_base@DV?$string_output_adapter@D@__crt_stdio_output@@@2@@__crt_stdio_output@@AEAA_NXZ 000000018000e224 f i libucrt:output.obj
 0001:0000d3e0       ?type_case_a@?$output_processor@_WV?$stream_output_adapter@_W@__crt_stdio_output@@V?$standard_base@_WV?$stream_output_adapter@_W@__crt_stdio_output@@@2@@__crt_stdio_output@@AEAA_NXZ 000000018000e3e0 f i libucrt:output.obj
 0001:0000d3e0       ?type_case_a@?$output_processor@_WV?$string_output_adapter@_W@__crt_stdio_output@@V?$standard_base@_WV?$string_output_adapter@_W@__crt_stdio_output@@@2@@__crt_stdio_output@@AEAA_NXZ 000000018000e3e0 f i libucrt:output.obj
 0001:0000d5c0       ?type_case_c_tchar@?$output_processor@DV?$string_output_adapter@D@__crt_stdio_output@@V?$format_validation_base@DV?$string_output_adapter@D@__crt_stdio_output@@@2@@__crt_stdio_output@@AEAA_ND@Z 000000018000e5c0 f i libucrt:output.obj
 0001:0000d5c0       ?type_case_c_tchar@?$output_processor@DV?$string_output_adapter@D@__crt_stdio_output@@V?$standard_base@DV?$string_output_adapter@D@__crt_stdio_output@@@2@@__crt_stdio_output@@AEAA_ND@Z 000000018000e5c0 f i libucrt:output.obj
 0001:0000d67c       ?type_case_c_tchar@?$output_processor@_WV?$stream_output_adapter@_W@__crt_stdio_output@@V?$standard_base@_WV?$stream_output_adapter@_W@__crt_stdio_output@@@2@@__crt_stdio_output@@AEAA_N_W@Z 000000018000e67c f i libucrt:output.obj
 0001:0000d67c       ?type_case_c_tchar@?$output_processor@_WV?$string_output_adapter@_W@__crt_stdio_output@@V?$standard_base@_WV?$string_output_adapter@_W@__crt_stdio_output@@@2@@__crt_stdio_output@@AEAA_N_W@Z 000000018000e67c f i libucrt:output.obj
 0001:0000d724       ?type_case_integer@?$output_processor@DV?$string_output_adapter@D@__crt_stdio_output@@V?$standard_base@DV?$string_output_adapter@D@__crt_stdio_output@@@2@@__crt_stdio_output@@AEAA_NI_N@Z 000000018000e724 f i libucrt:output.obj
 0001:0000d724       ?type_case_integer@?$output_processor@DV?$string_output_adapter@D@__crt_stdio_output@@V?$format_validation_base@DV?$string_output_adapter@D@__crt_stdio_output@@@2@@__crt_stdio_output@@AEAA_NI_N@Z 000000018000e724 f i libucrt:output.obj
 0001:0000d8ec       ?type_case_integer@?$output_processor@_WV?$stream_output_adapter@_W@__crt_stdio_output@@V?$standard_base@_WV?$stream_output_adapter@_W@__crt_stdio_output@@@2@@__crt_stdio_output@@AEAA_NI_N@Z 000000018000e8ec f i libucrt:output.obj
 0001:0000d8ec       ?type_case_integer@?$output_processor@_WV?$string_output_adapter@_W@__crt_stdio_output@@V?$standard_base@_WV?$string_output_adapter@_W@__crt_stdio_output@@@2@@__crt_stdio_output@@AEAA_NI_N@Z 000000018000e8ec f i libucrt:output.obj
 0001:0000dab8       ?type_case_n@?$output_processor@DV?$string_output_adapter@D@__crt_stdio_output@@V?$standard_base@DV?$string_output_adapter@D@__crt_stdio_output@@@2@@__crt_stdio_output@@AEAA_NXZ 000000018000eab8 f i libucrt:output.obj
 0001:0000dab8       ?type_case_n@?$output_processor@_WV?$string_output_adapter@_W@__crt_stdio_output@@V?$standard_base@_WV?$string_output_adapter@_W@__crt_stdio_output@@@2@@__crt_stdio_output@@AEAA_NXZ 000000018000eab8 f i libucrt:output.obj
 0001:0000dab8       ?type_case_n@?$output_processor@_WV?$stream_output_adapter@_W@__crt_stdio_output@@V?$standard_base@_WV?$stream_output_adapter@_W@__crt_stdio_output@@@2@@__crt_stdio_output@@AEAA_NXZ 000000018000eab8 f i libucrt:output.obj
 0001:0000dab8       ?type_case_n@?$output_processor@DV?$string_output_adapter@D@__crt_stdio_output@@V?$format_validation_base@DV?$string_output_adapter@D@__crt_stdio_output@@@2@@__crt_stdio_output@@AEAA_NXZ 000000018000eab8 f i libucrt:output.obj
 0001:0000db94       ?type_case_s@?$output_processor@DV?$string_output_adapter@D@__crt_stdio_output@@V?$format_validation_base@DV?$string_output_adapter@D@__crt_stdio_output@@@2@@__crt_stdio_output@@AEAA_NXZ 000000018000eb94 f i libucrt:output.obj
 0001:0000db94       ?type_case_s@?$output_processor@DV?$string_output_adapter@D@__crt_stdio_output@@V?$standard_base@DV?$string_output_adapter@D@__crt_stdio_output@@@2@@__crt_stdio_output@@AEAA_NXZ 000000018000eb94 f i libucrt:output.obj
 0001:0000dc2c       ?type_case_s@?$output_processor@_WV?$string_output_adapter@_W@__crt_stdio_output@@V?$standard_base@_WV?$string_output_adapter@_W@__crt_stdio_output@@@2@@__crt_stdio_output@@AEAA_NXZ 000000018000ec2c f i libucrt:output.obj
 0001:0000dc2c       ?type_case_s@?$output_processor@_WV?$stream_output_adapter@_W@__crt_stdio_output@@V?$standard_base@_WV?$stream_output_adapter@_W@__crt_stdio_output@@@2@@__crt_stdio_output@@AEAA_NXZ 000000018000ec2c f i libucrt:output.obj
 0001:0000dcf4       ?write_stored_string_tchar@?$output_processor@DV?$string_output_adapter@D@__crt_stdio_output@@V?$standard_base@DV?$string_output_adapter@D@__crt_stdio_output@@@2@@__crt_stdio_output@@AEAA_ND@Z 000000018000ecf4 f i libucrt:output.obj
 0001:0000dcf4       ?write_stored_string_tchar@?$output_processor@DV?$string_output_adapter@D@__crt_stdio_output@@V?$format_validation_base@DV?$string_output_adapter@D@__crt_stdio_output@@@2@@__crt_stdio_output@@AEAA_ND@Z 000000018000ecf4 f i libucrt:output.obj
 0001:0000ddcc       ?write_stored_string_tchar@?$output_processor@_WV?$stream_output_adapter@_W@__crt_stdio_output@@V?$standard_base@_WV?$stream_output_adapter@_W@__crt_stdio_output@@@2@@__crt_stdio_output@@AEAA_N_W@Z 000000018000edcc f i libucrt:output.obj
 0001:0000ded4       ?write_stored_string_tchar@?$output_processor@_WV?$string_output_adapter@_W@__crt_stdio_output@@V?$standard_base@_WV?$string_output_adapter@_W@__crt_stdio_output@@@2@@__crt_stdio_output@@AEAA_N_W@Z 000000018000eed4 f i libucrt:output.obj
 0001:0000dfc0       ?write_string@?$string_output_adapter@D@__crt_stdio_output@@QEBAXQEBDHQEAHAEAV__crt_deferred_errno_cache@@@Z 000000018000efc0 f i libucrt:output.obj
 0001:0000e064       ?write_string@?$string_output_adapter@_W@__crt_stdio_output@@QEBAXQEB_WHQEAHAEAV__crt_deferred_errno_cache@@@Z 000000018000f064 f i libucrt:output.obj
 0001:0000e10c       ?write_string_impl@?$output_adapter_common@_WV?$stream_output_adapter@_W@__crt_stdio_output@@@__crt_stdio_output@@IEBAXQEB_WHQEAHAEAV__crt_deferred_errno_cache@@@Z 000000018000f10c f i libucrt:output.obj
 0001:0000e210       __stdio_common_vfwprintf   000000018000f210 f   libucrt:output.obj
 0001:0000e29c       __stdio_common_vsnprintf_s 000000018000f29c f   libucrt:output.obj
 0001:0000e3d0       __stdio_common_vsprintf    000000018000f3d0 f   libucrt:output.obj
 0001:0000e3d8       __stdio_common_vswprintf   000000018000f3d8 f   libucrt:output.obj
 0001:0000e3e0       free                       000000018000f3e0 f   libucrt:free.obj
 0001:0000eb0c       ??$ftprintf@PEAU_iobuf@@PEB_WAEBQEB_WAEBQEB_WAEBI@?$__crt_char_traits@_W@@SAH$$QEAPEAU_iobuf@@$$QEAPEB_WAEBQEB_W2AEBI@Z 000000018000fb0c f i libucrt:assert.obj
 0001:0000eb34       _wassert                   000000018000fb34 f   libucrt:assert.obj
 0001:0000eba8       fwprintf                   000000018000fba8 f i libucrt:assert.obj
 0001:0000ebec       swprintf                   000000018000fbec f i libucrt:assert.obj
 0001:0000ec40       __acrt_call_reportfault    000000018000fc40 f   libucrt:invalid_parameter.obj
 0001:0000ed9c       __acrt_initialize_invalid_parameter_handler 000000018000fd9c f   libucrt:invalid_parameter.obj
 0001:0000eda4       _invalid_parameter         000000018000fda4 f   libucrt:invalid_parameter.obj
 0001:0000ee54       _invalid_parameter_noinfo  000000018000fe54 f   libucrt:invalid_parameter.obj
 0001:0000ee74       _invalid_parameter_noinfo_noreturn 000000018000fe74 f   libucrt:invalid_parameter.obj
 0001:0000eea4       _invoke_watson             000000018000fea4 f   libucrt:invalid_parameter.obj
 0001:0000eeec       malloc                     000000018000feec f   libucrt:malloc.obj
 0001:0000eef4       strncpy_s                  000000018000fef4 f   libucrt:strncpy_s.obj
 0001:0000efe0       strncpy                    000000018000ffe0 f   libucrt:strncpy.obj
 0001:0000f144       __ascii_stricmp            0000000180010144 f   libucrt:stricmp.obj
 0001:0000f184       _stricmp                   0000000180010184 f   libucrt:stricmp.obj
 0001:0000f1cc       _stricmp_l                 00000001800101cc f   libucrt:stricmp.obj
 0001:0000f280       __acrt_initialize_new_handler 0000000180010280 f   libucrt:new_handler.obj
 0001:0000f288       _callnewh                  0000000180010288 f   libucrt:new_handler.obj
 0001:0000f2b8       _query_new_handler         00000001800102b8 f   libucrt:new_handler.obj
 0001:0000f2ec       _seh_filter_dll            00000001800102ec f   libucrt:exception_filter.obj
 0001:0000f300       _seh_filter_exe            0000000180010300 f   libucrt:exception_filter.obj
 0001:0000f6f0       __acrt_initialize_thread_local_exit_callback 00000001800106f0 f   libucrt:exit.obj
 0001:0000f6f8       _cexit                     00000001800106f8 f   libucrt:exit.obj
 0001:0000f708       _exit                      0000000180010708 f   libucrt:exit.obj
 0001:0000f714       _is_c_termination_complete 0000000180010714 f   libucrt:exit.obj
 0001:0000f8e0       __acrt_allocate_buffer_for_argv 00000001800108e0 f   libucrt:argv_parsing.obj
 0001:0000f940       _configure_narrow_argv     0000000180010940 f   libucrt:argv_parsing.obj
 0001:0000fcb8       __dcrt_uninitialize_environments_nolock 0000000180010cb8 f   libucrt:environment_initialization.obj
 0001:0000fcf0       _initialize_narrow_environment 0000000180010cf0 f   libucrt:environment_initialization.obj
 0001:00010038       _crt_atexit                0000000180011038 f   libucrt:onexit.obj
 0001:00010048       _execute_onexit_table      0000000180011048 f   libucrt:onexit.obj
 0001:00010084       _initialize_onexit_table   0000000180011084 f   libucrt:onexit.obj
 0001:000100ac       _register_onexit_function  00000001800110ac f   libucrt:onexit.obj
 0001:0001012c       __acrt_uninitialize_command_line 000000018001112c f   libucrt:argv_data.obj
 0001:00010224       __acrt_initialize          0000000180011224 f   libucrt:initialization.obj
 0001:00010238       __acrt_thread_attach       0000000180011238 f   libucrt:initialization.obj
 0001:0001024c       __acrt_thread_detach       000000018001124c f   libucrt:initialization.obj
 0001:0001025c       __acrt_uninitialize        000000018001125c f   libucrt:initialization.obj
 0001:00010294       __acrt_uninitialize_critical 0000000180011294 f   libucrt:initialization.obj
 0001:000102a4       _initterm                  00000001800112a4 f   libucrt:initterm.obj
 0001:00010308       _initterm_e                0000000180011308 f   libucrt:initterm.obj
 0001:00010348       terminate                  0000000180011348 f   libucrt:terminate.obj
 0001:00010368       __ascii_strnicmp           0000000180011368 f   libucrt:strnicmp.obj
 0001:000103c4       _strnicmp                  00000001800113c4 f   libucrt:strnicmp.obj
 0001:000103c4       strnicmp                   00000001800113c4 f   libucrt:strnicmp.obj
 0001:00010414       _strnicmp_l                0000000180011414 f   libucrt:strnicmp.obj
 0001:000104f0       _strdup                    00000001800114f0 f   libucrt:strdup.obj
 0001:000104f0       strdup                     00000001800114f0 f   libucrt:strdup.obj
 0001:0001076c       strlwr                     000000018001176c f   libucrt:strlwr.obj
 0001:0001076c       _strlwr                    000000018001176c f   libucrt:strlwr.obj
 0001:000107cc       _strlwr_s_l                00000001800117cc f   libucrt:strlwr.obj
 0001:00010818       strcpy_s                   0000000180011818 f   libucrt:strcpy_s.obj
 0001:00010878       abort                      0000000180011878 f   libucrt:abort.obj
 0001:000108d0       calloc                     00000001800118d0 f   libucrt:calloc.obj
 0001:000108d8       wcsncmp                    00000001800118d8 f   libucrt:wcsncmp.obj
 0001:00010904       ??$parse_integer@KV?$c_string_character_source@D@__crt_strtox@@@__crt_strtox@@YAKQEAU__crt_locale_pointers@@V?$c_string_character_source@D@0@H_N@Z 0000000180011904 f i libucrt:atox.obj
 0001:00010c40       ??$parse_integer@KV?$c_string_character_source@_W@__crt_strtox@@@__crt_strtox@@YAKQEAU__crt_locale_pointers@@V?$c_string_character_source@_W@0@H_N@Z 0000000180011c40 f i libucrt:atox.obj
 0001:00011310       strncmp                    0000000180012310 f   libucrt:strncmp.obj
 0001:00011390       isdigit                    0000000180012390 f i libucrt:_ctype.obj
 0001:00011484       _tolower_l                 0000000180012484 f   libucrt:tolower_toupper.obj
 0001:000115c4       tolower                    00000001800125c4 f   libucrt:tolower_toupper.obj
 0001:000115f0       __acrt_errno_from_os_error 00000001800125f0 f   libucrt:errno.obj
 0001:00011638       __acrt_errno_map_os_error  0000000180012638 f   libucrt:errno.obj
 0001:00011688       __doserrno                 0000000180012688 f   libucrt:errno.obj
 0001:000116a8       _errno                     00000001800126a8 f   libucrt:errno.obj
 0001:000116c8       _free_base                 00000001800126c8 f   libucrt:free_base.obj
 0001:00011708       _malloc_base               0000000180012708 f   libucrt:malloc_base.obj
 0001:00011768       strtol                     0000000180012768 f   libucrt:strtox.obj
 0001:00011794       wcstol                     0000000180012794 f   libucrt:strtox.obj
 0001:000117c0       _mbtowc_l                  00000001800127c0 f   libucrt:mbtowc.obj
 0001:0001193c       mbtowc                     000000018001293c f   libucrt:mbtowc.obj
 0001:00011944       _wctomb_s_l                0000000180012944 f   libucrt:wctomb.obj
 0001:00011ae4       wctomb_s                   0000000180012ae4 f   libucrt:wctomb.obj
 0001:00011af8       strnlen                    0000000180012af8 f   libucrt:strnlen.obj
 0001:00011c48       wcsnlen                    0000000180012c48 f   libucrt:strnlen.obj
 0001:00012198       __acrt_freeptd             0000000180013198 f   libucrt:per_thread_data.obj
 0001:000121dc       __acrt_getptd              00000001800131dc f   libucrt:per_thread_data.obj
 0001:000122b0       __acrt_getptd_head         00000001800132b0 f   libucrt:per_thread_data.obj
 0001:00012358       __acrt_getptd_noexit       0000000180013358 f   libucrt:per_thread_data.obj
 0001:00012424       __acrt_initialize_ptd      0000000180013424 f   libucrt:per_thread_data.obj
 0001:00012460       __acrt_uninitialize_ptd    0000000180013460 f   libucrt:per_thread_data.obj
 0001:00012484       __acrt_update_locale_info  0000000180013484 f   libucrt:locale_update.obj
 0001:000124b8       __acrt_update_multibyte_info 00000001800134b8 f   libucrt:locale_update.obj
 0001:00012ec0       __acrt_fp_format           0000000180013ec0 f   libucrt:cvt.obj
 0001:00013148       _fputwc_nolock             0000000180014148 f   libucrt:fputwc.obj
 0001:000132c4       _fileno                    00000001800142c4 f   libucrt:fileno.obj
 0001:000132ec       __acrt_initialize_stdio    00000001800142ec f   libucrt:_file.obj
 0001:0001340c       __acrt_iob_func            000000018001440c f   libucrt:_file.obj
 0001:00013420       __acrt_uninitialize_stdio  0000000180014420 f   libucrt:_file.obj
 0001:0001347c       _lock_file                 000000018001447c f   libucrt:_file.obj
 0001:00013488       _unlock_file               0000000180014488 f   libucrt:_file.obj
 0001:00013494       _fputc_nolock              0000000180014494 f   libucrt:fputc.obj
 0001:000134ac       _get_printf_count_output   00000001800144ac f   libucrt:printf_count_output.obj
 0001:000134c4       __acrt_stdio_begin_temporary_buffering_nolock 00000001800144c4 f   libucrt:_sftbuf.obj
 0001:00013594       __acrt_stdio_end_temporary_buffering_nolock 0000000180014594 f   libucrt:_sftbuf.obj
 0001:00013640       __acrt_set_locale_changed  0000000180014640 f   libucrt:wsetlocale.obj
 0001:0001364c       __acrt_uninitialize_locale 000000018001464c f   libucrt:wsetlocale.obj
 0001:00013878       __acrt_initialize_lowio    0000000180014878 f   libucrt:ioinit.obj
 0001:000138b4       __acrt_uninitialize_lowio  00000001800148b4 f   libucrt:ioinit.obj
 0001:000138f4       _query_app_type            00000001800148f4 f   libucrt:report_runtime_error.obj
 0001:00013a3c       _itow_s                    0000000180014a3c f   libucrt:xtoa.obj
 0001:00013a5c       _set_error_mode            0000000180014a5c f   libucrt:set_error_mode.obj
 0001:00013a9c       wcscat_s                   0000000180014a9c f   libucrt:wcscat_s.obj
 0001:00013b1c       wcscpy_s                   0000000180014b1c f   libucrt:wcscpy_s.obj
 0001:00013b84       wcsncat_s                  0000000180014b84 f   libucrt:wcsncat_s.obj
 0001:00013c84       ??$__acrt_wcs_to_mbs_cp@U__crt_win32_buffer_no_resizing@@@@YAHQEB_WAEAV?$__crt_win32_buffer@DU__crt_win32_buffer_no_resizing@@@@I@Z 0000000180014c84 f i libucrt:getmodulefilenamea.obj
 0001:00013d98       __acrt_GetModuleFileNameA  0000000180014d98 f   libucrt:getmodulefilenamea.obj
 0001:00013eb8       __acrt_show_wide_message_box 0000000180014eb8 f   libucrt:crtmbox.obj
 0001:00014178       __acrt_stdio_flush_nolock  0000000180015178 f   libucrt:fflush.obj
 0001:000141f4       _fflush_nolock             00000001800151f4 f   libucrt:fflush.obj
 0001:00014240       _flushall                  0000000180015240 f   libucrt:fflush.obj
 0001:00014248       fflush                     0000000180015248 f   libucrt:fflush.obj
 0001:000143d0       setvbuf                    00000001800153d0 f   libucrt:setvbuf.obj
 0001:000144b4       __acrt_get_sigabrt_handler 00000001800154b4 f   libucrt:signal.obj
 0001:000144e4       __acrt_initialize_signal_handlers 00000001800154e4 f   libucrt:signal.obj
 0001:00014504       raise                      0000000180015504 f   libucrt:signal.obj
 0001:00014770       __acrt_initialize_locks    0000000180015770 f   libucrt:locks.obj
 0001:000147b8       __acrt_lock                00000001800157b8 f   libucrt:locks.obj
 0001:000147d4       __acrt_uninitialize_locks  00000001800157d4 f   libucrt:locks.obj
 0001:0001480c       __acrt_unlock              000000018001580c f   libucrt:locks.obj
 0001:00014828       __acrt_get_developer_information_policy 0000000180015828 f   libucrt:win_policies.obj
 0001:0001487c       __acrt_get_process_end_policy 000000018001587c f   libucrt:win_policies.obj
 0001:000148b8       __acrt_get_windowing_model_policy 00000001800158b8 f   libucrt:win_policies.obj
 0001:00014924       _calloc_base               0000000180015924 f   libucrt:calloc_base.obj
 0001:000149b0       ??$__acrt_mbs_to_wcs_cp@U__crt_win32_buffer_internal_dynamic_resizing@@@@YAHQEBDAEAV?$__crt_win32_buffer@_WU__crt_win32_buffer_internal_dynamic_resizing@@@@I@Z 00000001800159b0 f i libucrt:argv_wildcards.obj
 0001:00014b28       ??$__acrt_wcs_to_mbs_cp@U__crt_win32_buffer_internal_dynamic_resizing@@@@YAHQEB_WAEAV?$__crt_win32_buffer@DU__crt_win32_buffer_internal_dynamic_resizing@@@@I@Z 0000000180015b28 f i libucrt:argv_wildcards.obj
 0001:00015358       __acrt_expand_narrow_argv_wildcards 0000000180016358 f   libucrt:argv_wildcards.obj
 0001:00015a8c       __acrt_initialize_multibyte 0000000180016a8c f   libucrt:mbctype.obj
 0001:00015aec       __acrt_update_thread_multibyte_data 0000000180016aec f   libucrt:mbctype.obj
 0001:00015b08       _setmbcp_nolock            0000000180016b08 f   libucrt:mbctype.obj
 0001:00015e3c       _ismbblead                 0000000180016e3c f   libucrt:ismbbyte.obj
 0001:00015e50       __acrt_initialize_command_line 0000000180016e50 f   libucrt:argv_data.obj
 0001:00015e78       __acrt_MultiByteToWideChar 0000000180016e78 f   libucrt:multibytetowidechar.obj
 0001:00015ed4       __acrt_WideCharToMultiByte 0000000180016ed4 f   libucrt:widechartomultibyte.obj
 0001:00015f6c       __dcrt_get_narrow_environment_from_os 0000000180016f6c f   libucrt:get_environment_from_os.obj
 0001:00016070       _recalloc_base             0000000180017070 f   libucrt:recalloc.obj
 0001:000162e0       __acrt_AppPolicyGetProcessTerminationMethodInternal 00000001800172e0 f   libucrt:winapi_thunks.obj
 0001:00016330       __acrt_AppPolicyGetShowDeveloperDiagnosticInternal 0000000180017330 f   libucrt:winapi_thunks.obj
 0001:00016380       __acrt_AppPolicyGetWindowingModelInternal 0000000180017380 f   libucrt:winapi_thunks.obj
 0001:000163d0       __acrt_AreFileApisANSI     00000001800173d0 f   libucrt:winapi_thunks.obj
 0001:0001640c       __acrt_FlsAlloc            000000018001740c f   libucrt:winapi_thunks.obj
 0001:00016454       __acrt_FlsFree             0000000180017454 f   libucrt:winapi_thunks.obj
 0001:0001649c       __acrt_FlsGetValue         000000018001749c f   libucrt:winapi_thunks.obj
 0001:000164e4       __acrt_FlsSetValue         00000001800174e4 f   libucrt:winapi_thunks.obj
 0001:00016538       __acrt_InitializeCriticalSectionEx 0000000180017538 f   libucrt:winapi_thunks.obj
 0001:0001659c       __acrt_LCMapStringEx       000000018001759c f   libucrt:winapi_thunks.obj
 0001:00016678       __acrt_LocaleNameToLCID    0000000180017678 f   libucrt:winapi_thunks.obj
 0001:000166c8       __acrt_MessageBoxW         00000001800176c8 f   libucrt:winapi_thunks.obj
 0001:0001673c       __acrt_can_show_message_box 000000018001773c f   libucrt:winapi_thunks.obj
 0001:000167ac       __acrt_get_parent_window   00000001800177ac f   libucrt:winapi_thunks.obj
 0001:00016824       __acrt_initialize_winapi_thunks 0000000180017824 f   libucrt:winapi_thunks.obj
 0001:00016858       __acrt_is_interactive      0000000180017858 f   libucrt:winapi_thunks.obj
 0001:00016920       __acrt_uninitialize_winapi_thunks 0000000180017920 f   libucrt:winapi_thunks.obj
 0001:00016964       __acrt_initialize_heap     0000000180017964 f   libucrt:heap_handle.obj
 0001:00016980       __acrt_uninitialize_heap   0000000180017980 f   libucrt:heap_handle.obj
 0001:0001698c       __acrt_execute_initializers 000000018001798c f   libucrt:shared_initialization.obj
 0001:00016a0c       __acrt_execute_uninitializers 0000000180017a0c f   libucrt:shared_initialization.obj
 0001:00016a48       __acrt_has_user_matherr    0000000180017a48 f   libucrt:matherr.obj
 0001:00016a68       __acrt_initialize_user_matherr 0000000180017a68 f   libucrt:matherr.obj
 0001:00016a70       __acrt_invoke_user_matherr 0000000180017a70 f   libucrt:matherr.obj
 0001:00016db8       __acrt_LCMapStringA        0000000180017db8 f   libucrt:lcmapstringa.obj
 0001:00016e50       __pctype_func              0000000180017e50 f   libucrt:ctype.obj
 0001:00016e80       iswctype                   0000000180017e80 f   libucrt:iswctype.obj
 0001:00016ef0       _isctype_l                 0000000180017ef0 f   libucrt:isctype.obj
 0001:00017000       _isleadbyte_l              0000000180018000 f i libucrt:_wctype.obj
 0001:0001704c       _query_new_mode            000000018001804c f   libucrt:new_mode.obj
 0001:00017054       ?__mbrtowc_utf8@__crt_mbstring@@YA_KPEA_WPEBD_KPEAU_Mbstatet@@@Z 0000000180018054 f   libucrt:mbrtowc.obj
 0001:00017090       ?__mbsrtowcs_utf8@__crt_mbstring@@YA_KPEA_WPEAPEBD_KPEAU_Mbstatet@@@Z 0000000180018090 f   libucrt:mbrtowc.obj
 0001:00017208       ?__c32rtomb_utf8@__crt_mbstring@@YA_KPEAD_UPEAU_Mbstatet@@@Z 0000000180018208 f   libucrt:c32rtomb.obj
 0001:000172c0       __acrt_add_locale_ref      00000001800182c0 f   libucrt:locale_refcounting.obj
 0001:0001734c       __acrt_free_locale         000000018001834c f   libucrt:locale_refcounting.obj
 0001:000174c4       __acrt_locale_add_lc_time_reference 00000001800184c4 f   libucrt:locale_refcounting.obj
 0001:000174ec       __acrt_locale_free_lc_time_if_unreferenced 00000001800184ec f   libucrt:locale_refcounting.obj
 0001:00017524       __acrt_locale_release_lc_time_reference 0000000180018524 f   libucrt:locale_refcounting.obj
 0001:0001754c       __acrt_release_locale_ref  000000018001854c f   libucrt:locale_refcounting.obj
 0001:000175f4       __acrt_update_thread_locale_data 00000001800185f4 f   libucrt:locale_refcounting.obj
 0001:00017664       _updatetlocinfoEx_nolock   0000000180018664 f   libucrt:locale_refcounting.obj
 0001:000176cc       __acrt_fp_strflt_to_string 00000001800186cc f   libucrt:_fptostr.obj
 0001:000177b0       ?divide@__crt_strtox@@YA_KAEAUbig_integer@1@AEBU21@@Z 00000001800187b0 f i libucrt:cfout.obj
 0001:00017bdc       __acrt_fltout              0000000180018bdc f   libucrt:cfout.obj
 0001:000190dc       __acrt_stdio_flush_and_write_narrow_nolock 000000018001a0dc f   libucrt:_flsbuf.obj
 0001:000191c8       __acrt_stdio_flush_and_write_wide_nolock 000000018001a1c8 f   libucrt:_flsbuf.obj
 0001:000192b4       _fcloseall                 000000018001a2b4 f   libucrt:closeall.obj
 0001:00019368       __acrt_stdio_free_buffer_nolock 000000018001a368 f   libucrt:_freebuf.obj
 0001:000193a8       _isatty                    000000018001a3a8 f   libucrt:isatty.obj
 0001:00019408       __acrt_locale_free_monetary 000000018001a408 f   libucrt:initmon.obj
 0001:00019514       __acrt_locale_free_numeric 000000018001a514 f   libucrt:initnum.obj
 0001:000195d8       __acrt_locale_free_time    000000018001a5d8 f   libucrt:inittime.obj
 0001:000196e0       __acrt_GetStringTypeA      000000018001a6e0 f   libucrt:getstringtypea.obj
 0001:00019870       __acrt_lowio_create_handle_array 000000018001a870 f   libucrt:osfinfo.obj
 0001:00019918       __acrt_lowio_destroy_handle_array 000000018001a918 f   libucrt:osfinfo.obj
 0001:00019968       __acrt_lowio_ensure_fh_exists 000000018001a968 f   libucrt:osfinfo.obj
 0001:00019a10       __acrt_lowio_lock_fh       000000018001aa10 f   libucrt:osfinfo.obj
 0001:00019a38       __acrt_lowio_unlock_fh     000000018001aa38 f   libucrt:osfinfo.obj
 0001:00019a60       _free_osfhnd               000000018001aa60 f   libucrt:osfinfo.obj
 0001:00019b1c       _get_osfhandle             000000018001ab1c f   libucrt:osfinfo.obj
 0001:00019c20       _commit                    000000018001ac20 f   libucrt:commit.obj
 0001:0001a520       _write                     000000018001b520 f   libucrt:write.obj
 0001:0001a60c       _write_nolock              000000018001b60c f   libucrt:write.obj
 0001:0001a8f0       qsort                      000000018001b8f0 f   libucrt:qsort.obj
 0001:0001ad50       strpbrk                    000000018001bd50 f   libucrt:strpbrk.obj
 0001:0001b130       _mbsdec                    000000018001c130 f   libucrt:mbsdec.obj
 0001:0001b138       _mbsdec_l                  000000018001c138 f   libucrt:mbsdec.obj
 0001:0001b1e4       _msize_base                000000018001c1e4 f   libucrt:msize.obj
 0001:0001b220       _realloc_base              000000018001c220 f   libucrt:realloc_base.obj
 0001:0001b384       __acrt_DownlevelLocaleNameToLCID 000000018001c384 f   libucrt:lcidtoname_downlevel.obj
 0001:0001b3b8       __strncnt                  000000018001c3b8 f   libucrt:strncnt.obj
 0001:0001b3d0       __acrt_GetStringTypeW      000000018001c3d0 f   libucrt:getstringtypew.obj
 0001:0001b3d8       ?__mbrtoc32_utf8@__crt_mbstring@@YA_KPEA_UPEBD_KPEAU_Mbstatet@@@Z 000000018001c3d8 f   libucrt:mbrtoc32.obj
 0001:0001b5b4       fegetenv                   000000018001c5b4 f   libucrt:fegetenv.obj
 0001:0001b5d4       fesetenv                   000000018001c5d4 f   libucrt:fesetenv.obj
 0001:0001b624       feholdexcept               000000018001c624 f   libucrt:feholdexcept.obj
 0001:0001b674       ceil                       000000018001c674 f   libucrt:ceil.obj
 0001:0001b740       log10                      000000018001c740 f   libucrt:log10.obj
 0001:0001be78       _lseeki64                  000000018001ce78 f   libucrt:lseek.obj
 0001:0001be80       _lseeki64_nolock           000000018001ce80 f   libucrt:lseek.obj
 0001:0001be88       __acrt_stdio_allocate_buffer_nolock 000000018001ce88 f   libucrt:_getbuf.obj
 0001:0001bef0       _fclose_nolock             000000018001cef0 f   libucrt:fclose.obj
 0001:0001bf74       fclose                     000000018001cf74 f   libucrt:fclose.obj
 0001:0001bfd8       _putwch_nolock             000000018001cfd8 f   libucrt:putwch.obj
 0001:0001c014       __acrt_fenv_get_control    000000018001d014 f   libucrt:_fenvutils.obj
 0001:0001c108       __acrt_fenv_get_status     000000018001d108 f   libucrt:_fenvutils.obj
 0001:0001c15c       __acrt_fenv_set_control    000000018001d15c f   libucrt:_fenvutils.obj
 0001:0001c2a4       __acrt_fenv_set_status     000000018001d2a4 f   libucrt:_fenvutils.obj
 0001:0001c328       _clearfp                   000000018001d328 f   libucrt:ieee.obj
 0001:0001c4bc       _handle_error              000000018001d4bc f   libucrt:libm_error.obj
 0001:0001c5e4       _handle_nan                000000018001d5e4 f   libucrt:libm_error.obj
 0001:0001c600       __acrt_initialize_fma3     000000018001d600 f   libucrt:fma3_available.obj
 0001:0001c670       _log10_special             000000018001d670 f   libucrt:log_special.obj
 0001:0001c79c       _close                     000000018001d79c f   libucrt:close.obj
 0001:0001c840       _close_nolock              000000018001d840 f   libucrt:close.obj
 0001:0001c900       ?__acrt_stdio_free_stream@@YAXV__crt_stdio_stream@@@Z 000000018001d900 f   libucrt:stream.obj
 0001:0001c91c       __dcrt_lowio_ensure_console_output_initialized 000000018001d91c f   libucrt:initcon.obj
 0001:0001c970       __dcrt_terminate_console_output 000000018001d970 f   libucrt:initcon.obj
 0001:0001c98c       __dcrt_write_console       000000018001d98c f   libucrt:initcon.obj
 0001:0001ca60       _get_fpsr                  000000018001da60 f   libucrt:fpsr.obj
 0001:0001ca70       _set_fpsr                  000000018001da70 f   libucrt:fpsr.obj
 0001:0001ca7a       _fclrf                     000000018001da7a f   libucrt:fpsr.obj
 0001:0001ca8e       _frnd                      000000018001da8e f   libucrt:fpsr.obj
 0001:0001cab0       _raise_exc                 000000018001dab0 f   libucrt:fpexcept.obj
 0001:0001cad8       _raise_exc_ex              000000018001dad8 f   libucrt:fpexcept.obj
 0001:0001cde8       _set_errno_from_matherr    000000018001dde8 f   libucrt:fpexcept.obj
 0001:0001ce18       _clrfp                     000000018001de18 f   libucrt:fpctrl.obj
 0001:0001ce38       _ctrlfp                    000000018001de38 f   libucrt:fpctrl.obj
 0001:0001ceb4       _set_statfp                000000018001deb4 f   libucrt:fpctrl.obj
 0001:0001ced4       _statfp                    000000018001ded4 f   libucrt:fpctrl.obj
 0001:0001cee5       IsProcessorFeaturePresent  000000018001dee5 f   kernel32:KERNEL32.dll
 0001:0001ceec       ?DloadAcquireSectionWriteAccess@@YAXXZ 000000018001deec f i DelayImp:delayhlp.obj
 0001:0001cf98       ?DloadGetSRWLockFunctionPointers@@YAEXZ 000000018001df98 f i DelayImp:delayhlp.obj
 0001:0001d034       ?DloadMakePermanentImageCommit@@YAXPEAX_K@Z 000000018001e034 f i DelayImp:delayhlp.obj
 0001:0001d0cc       ?DloadObtainSection@@YAPEAXPEAK0@Z 000000018001e0cc f i DelayImp:delayhlp.obj
 0001:0001d168       ?DloadProtectSection@@YAXKPEAK@Z 000000018001e168 f i DelayImp:delayhlp.obj
 0001:0001d1f8       ?DloadReleaseSectionWriteAccess@@YAXXZ 000000018001e1f8 f i DelayImp:delayhlp.obj
 0001:0001d28c       __delayLoadHelper2         000000018001e28c f   DelayImp:delayhlp.obj
 0001:0001d54c       __GSHandlerCheck           000000018001e54c f   LIBCMT:gshandler.obj
 0001:0001d56c       __GSHandlerCheckCommon     000000018001e56c f   LIBCMT:gshandler.obj
 0001:0001d5d0       _FindPESection             000000018001e5d0 f   LIBCMT:pesect.obj
 0001:0001d620       _IsNonwritableInCurrentImage 000000018001e620 f   LIBCMT:pesect.obj
 0001:0001d670       _ValidateImageBase         000000018001e670 f   LIBCMT:pesect.obj
 0001:0001d6b0       __chkstk                   000000018001e6b0 f   LIBCMT:chkstk.obj
 0001:0001d6b0       _alloca_probe              000000018001e6b0 f   LIBCMT:chkstk.obj
 0001:0001d704       strrchr                    000000018001e704 f   libvcruntime:strrchr.obj
 0001:0001d860       memcmp                     000000018001e860 f   libvcruntime:memcmp.obj
 0001:0001d928       __GSHandlerCheck_EH        000000018001e928 f   LIBCMT:gshandlereh.obj
 0001:0001d9c0       _guard_dispatch_icall_nop  000000018001e9c0 f   LIBCMT:guard_dispatch.obj
 0002:00000000       __imp_RegQueryValueExA     0000000180020000     advapi32:ADVAPI32.dll
 0002:00000008       __imp_RegQueryInfoKeyA     0000000180020008     advapi32:ADVAPI32.dll
 0002:00000010       __imp_RegOpenKeyExA        0000000180020010     advapi32:ADVAPI32.dll
 0002:00000018       __imp_RegEnumKeyExA        0000000180020018     advapi32:ADVAPI32.dll
 0002:00000020       __imp_RegCloseKey          0000000180020020     advapi32:ADVAPI32.dll
 0002:00000028       \177ADVAPI32_NULL_THUNK_DATA 0000000180020028     advapi32:ADVAPI32.dll
 0002:00000030       __imp_GetCommMask          0000000180020030     kernel32:KERNEL32.dll
 0002:00000038       __imp_ExitThread           0000000180020038     kernel32:KERNEL32.dll
 0002:00000040       __imp_GetModuleHandleA     0000000180020040     kernel32:KERNEL32.dll
 0002:00000048       __imp_GetLastError         0000000180020048     kernel32:KERNEL32.dll
 0002:00000050       __imp_EscapeCommFunction   0000000180020050     kernel32:KERNEL32.dll
 0002:00000058       __imp_CreateFileA          0000000180020058     kernel32:KERNEL32.dll
 0002:00000060       __imp_LoadLibraryA         0000000180020060     kernel32:KERNEL32.dll
 0002:00000068       __imp_GetCommState         0000000180020068     kernel32:KERNEL32.dll
 0002:00000070       __imp_CloseHandle          0000000180020070     kernel32:KERNEL32.dll
 0002:00000078       __imp_WaitForSingleObject  0000000180020078     kernel32:KERNEL32.dll
[...]
 0004:00001500       $pdata$?stream_is_at_end_of_file_nolock@@YA_NV__crt_stdio_stream@@@Z 0000000180033500     libucrt:_flsbuf.obj
 0004:0000150c       $pdata$__acrt_stdio_flush_and_write_narrow_nolock 000000018003350c     libucrt:_flsbuf.obj
 0004:00001518       $pdata$__acrt_stdio_flush_and_write_wide_nolock 0000000180033518     libucrt:_flsbuf.obj
 0004:00001524       $pdata$_fcloseall          0000000180033524     libucrt:closeall.obj
 0004:00001530       $pdata$__acrt_stdio_free_buffer_nolock 0000000180033530     libucrt:_freebuf.obj
 0004:0000153c       $pdata$_isatty             000000018003353c     libucrt:isatty.obj
 0004:00001548       $pdata$__acrt_locale_free_monetary 0000000180033548     libucrt:initmon.obj
 0004:00001554       $pdata$__acrt_locale_free_numeric 0000000180033554     libucrt:initnum.obj
 0004:00001560       $pdata$?free_crt_array_internal@@YAXQEAPEBX_K@Z 0000000180033560     libucrt:inittime.obj
 0004:0000156c       $pdata$__acrt_locale_free_time 000000018003356c     libucrt:inittime.obj
 0004:00001578       $pdata$__acrt_GetStringTypeA 0000000180033578     libucrt:getstringtypea.obj
 0004:00001584       $pdata$__acrt_lowio_create_handle_array 0000000180033584     libucrt:osfinfo.obj
 0004:00001590       $pdata$__acrt_lowio_destroy_handle_array 0000000180033590     libucrt:osfinfo.obj
 0004:0000159c       $pdata$__acrt_lowio_ensure_fh_exists 000000018003359c     libucrt:osfinfo.obj
 0004:000015a8       $pdata$_free_osfhnd        00000001800335a8     libucrt:osfinfo.obj
 0004:000015b4       $pdata$_get_osfhandle      00000001800335b4     libucrt:osfinfo.obj
 0004:000015c0       $pdata$??$?RV<lambda_a37b2b86f63e897a80ea819b0eb08c01>@@AEAV<lambda_38ce7e780aa69e748d6df282ebc68efe>@@V<lambda_99fb1378e971ab6e7edea83e3a7a83a2>@@@?$__crt_seh_guarded_call@H@@QEAAH$$QEAV<lambda_a37b2b86f63e897a80ea819b0eb08c01>@@AEAV<lambda_38ce7e780aa69e748d6df282ebc68efe>@@$$QEAV<lambda_99fb1378e971ab6e7edea83e3a7a83a2>@@@Z 00000001800335c0     libucrt:commit.obj
 0004:000015cc       $pdata$_commit             00000001800335cc     libucrt:commit.obj
 0004:000015d8       $pdata$?write_double_translated_ansi_nolock@@YA?AUwrite_result@?A0x17268360@@HQEBDI@Z 00000001800335d8     libucrt:write.obj
 0004:000015e4       $pdata$?write_text_ansi_nolock@@YA?AUwrite_result@?A0x17268360@@HQEBDI@Z 00000001800335e4     libucrt:write.obj
 0004:000015f0       $pdata$?write_text_utf16le_nolock@@YA?AUwrite_result@?A0x17268360@@HQEBDI@Z 00000001800335f0     libucrt:write.obj
 0004:000015fc       $pdata$?write_text_utf8_nolock@@YA?AUwrite_result@?A0x17268360@@HQEBDI@Z 00000001800335fc     libucrt:write.obj
 0004:00001608       $pdata$_write              0000000180033608     libucrt:write.obj
 0004:00001614       $pdata$_write_nolock       0000000180033614     libucrt:write.obj
 0004:00001620       $pdata$qsort               0000000180033620     libucrt:qsort.obj
 0004:0000162c       $pdata$4$qsort             000000018003362c     libucrt:qsort.obj
 0004:00001638       $pdata$5$qsort             0000000180033638     libucrt:qsort.obj
 0004:00001644       $pdata$fallbackMethod      0000000180033644     libucrt:strpbrk.obj
 0004:00001650       $pdata$strpbrk             0000000180033650     libucrt:strpbrk.obj
 0004:0000165c       $pdata$_mbsdec_l           000000018003365c     libucrt:mbsdec.obj
 0004:00001668       $pdata$?initialize_multibyte@@YAHXZ 0000000180033668     libucrt:multibyte_initializer.obj
 0004:00001674       $pdata$_msize_base         0000000180033674     libucrt:msize.obj
 0004:00001680       $pdata$_realloc_base       0000000180033680     libucrt:realloc_base.obj
 0004:0000168c       $pdata$?GetTableIndexFromLocaleName@@YAHPEB_W@Z 000000018003368c     libucrt:lcidtoname_downlevel.obj
 0004:00001698       $pdata$__acrt_DownlevelLocaleNameToLCID 0000000180033698     libucrt:lcidtoname_downlevel.obj
 0004:000016a4       $pdata$?__mbrtoc32_utf8@__crt_mbstring@@YA_KPEA_UPEBD_KPEAU_Mbstatet@@@Z 00000001800336a4     libucrt:mbrtoc32.obj
 0004:000016b0       $pdata$fegetenv            00000001800336b0     libucrt:fegetenv.obj
 0004:000016bc       $pdata$fesetenv            00000001800336bc     libucrt:fesetenv.obj
 0004:000016c8       $pdata$feholdexcept        00000001800336c8     libucrt:feholdexcept.obj
 0004:000016e0       $pdata$??$common_lseek@_J@@YA_JH_JH@Z 00000001800336e0     libucrt:lseek.obj
 0004:000016ec       $pdata$??$common_lseek_nolock@_J@@YA_JH_JH@Z 00000001800336ec     libucrt:lseek.obj
 0004:000016f8       $pdata$__acrt_stdio_allocate_buffer_nolock 00000001800336f8     libucrt:_getbuf.obj
 0004:00001704       $pdata$_fclose_nolock      0000000180033704     libucrt:fclose.obj
 0004:00001710       $pdata$fclose              0000000180033710     libucrt:fclose.obj
 0004:0000171c       $pdata$_putwch_nolock      000000018003371c     libucrt:putwch.obj
 0004:00001728       $pdata$__acrt_fenv_set_control 0000000180033728     libucrt:_fenvutils.obj
 0004:00001734       $pdata$_clearfp            0000000180033734     libucrt:ieee.obj
 0004:00001740       $pdata$_call_matherr       0000000180033740     libucrt:libm_error.obj
 0004:0000174c       $pdata$_exception_enabled  000000018003374c     libucrt:libm_error.obj
 0004:00001758       $pdata$_handle_error       0000000180033758     libucrt:libm_error.obj
 0004:00001764       $pdata$__acrt_initialize_fma3 0000000180033764     libucrt:fma3_available.obj
 0004:00001770       $pdata$_log10_special      0000000180033770     libucrt:log_special.obj
 0004:0000177c       $pdata$_log_special_common 000000018003377c     libucrt:log_special.obj
 0004:00001788       $pdata$??$?RV<lambda_751a882b2c74d4b022dec766aa51a29a>@@AEAV<lambda_628dfdc04ba53c8bfc02c9951375f3f5>@@V<lambda_f6c7be5f7998530c34de24c7437d6b54>@@@?$__crt_seh_guarded_call@H@@QEAAH$$QEAV<lambda_751a882b2c74d4b022dec766aa51a29a>@@AEAV<lambda_628dfdc04ba53c8bfc02c9951375f3f5>@@$$QEAV<lambda_f6c7be5f7998530c34de24c7437d6b54>@@@Z 0000000180033788     libucrt:close.obj
 0004:00001794       $pdata$_close              0000000180033794     libucrt:close.obj
 0004:000017a0       $pdata$_close_nolock       00000001800337a0     libucrt:close.obj
 0004:000017ac       $pdata$__dcrt_lowio_ensure_console_output_initialized 00000001800337ac     libucrt:initcon.obj
 0004:000017b8       $pdata$__dcrt_terminate_console_output 00000001800337b8     libucrt:initcon.obj
 0004:000017c4       $pdata$__dcrt_write_console 00000001800337c4     libucrt:initcon.obj
 0004:000017dc       $pdata$_raise_exc          00000001800337dc     libucrt:fpexcept.obj
 0004:000017e8       $pdata$_raise_exc_ex       00000001800337e8     libucrt:fpexcept.obj
 0004:000017f4       $pdata$_set_errno_from_matherr 00000001800337f4     libucrt:fpexcept.obj
 0004:00001800       $pdata$_clrfp              0000000180033800     libucrt:fpctrl.obj
 0004:0000180c       $pdata$_ctrlfp             000000018003380c     libucrt:fpctrl.obj
 0004:00001818       $pdata$_set_statfp         0000000180033818     libucrt:fpctrl.obj
 0004:00001824       $pdata$_statfp             0000000180033824     libucrt:fpctrl.obj
 0004:00001830       $pdata$?DloadAcquireSectionWriteAccess@@YAXXZ 0000000180033830     DelayImp:delayhlp.obj
 0004:0000183c       $pdata$?DloadGetSRWLockFunctionPointers@@YAEXZ 000000018003383c     DelayImp:delayhlp.obj
 0004:00001848       $pdata$?DloadMakePermanentImageCommit@@YAXPEAX_K@Z 0000000180033848     DelayImp:delayhlp.obj
 0004:00001854       $pdata$?DloadObtainSection@@YAPEAXPEAK0@Z 0000000180033854     DelayImp:delayhlp.obj
 0004:00001860       $pdata$?DloadProtectSection@@YAXKPEAK@Z 0000000180033860     DelayImp:delayhlp.obj
 0004:0000186c       $pdata$?DloadReleaseSectionWriteAccess@@YAXXZ 000000018003386c     DelayImp:delayhlp.obj
 0004:00001878       $pdata$__delayLoadHelper2  0000000180033878     DelayImp:delayhlp.obj
 0004:00001884       $pdata$__GSHandlerCheck    0000000180033884     LIBCMT:gshandler.obj
 0004:00001890       $pdata$__GSHandlerCheckCommon 0000000180033890     LIBCMT:gshandler.obj
 0004:0000189c       $pdata$_IsNonwritableInCurrentImage 000000018003389c     LIBCMT:pesect.obj
 0004:000018b4       $pdata$strrchr             00000001800338b4     libvcruntime:strrchr.obj
 0004:000018cc       $pdata$__GSHandlerCheck_EH 00000001800338cc     LIBCMT:gshandlereh.obj
 0004:000018e4       $pdata$?dtor$1@?0??Open@@YAXAEBV?$FunctionCallbackInfo@VValue@v8@@@Nan@@@Z@4HA 00000001800338e4     serialport.obj
 0004:000018f0       $pdata$?dtor$0@?0??Update@@YAXAEBV?$FunctionCallbackInfo@VValue@v8@@@Nan@@@Z@4HA 00000001800338f0     serialport.obj
 0004:000018fc       $pdata$?dtor$0@?0??Close@@YAXAEBV?$FunctionCallbackInfo@VValue@v8@@@Nan@@@Z@4HA 00000001800338fc     serialport.obj
 0004:00001908       $pdata$?dtor$0@?0??Flush@@YAXAEBV?$FunctionCallbackInfo@VValue@v8@@@Nan@@@Z@4HA 0000000180033908     serialport.obj
 0004:00001908       $pdata$?dtor$0@?0??Drain@@YAXAEBV?$FunctionCallbackInfo@VValue@v8@@@Nan@@@Z@4HA 0000000180033908     serialport.obj
 0004:00001914       $pdata$?dtor$0@?0??Set@@YAXAEBV?$FunctionCallbackInfo@VValue@v8@@@Nan@@@Z@4HA 0000000180033914     serialport.obj
 0004:00001920       $pdata$?dtor$0@?0??GetBaudRate@@YAXAEBV?$FunctionCallbackInfo@VValue@v8@@@Nan@@@Z@4HA 0000000180033920     serialport.obj
 0004:00001920       $pdata$?dtor$0@?0??Get@@YAXAEBV?$FunctionCallbackInfo@VValue@v8@@@Nan@@@Z@4HA 0000000180033920     serialport.obj
 0004:0000192c       $pdata$?dtor$0@?0??Write@@YAXAEBV?$FunctionCallbackInfo@VValue@v8@@@Nan@@@Z@4HA 000000018003392c     serialport_win.obj
 0004:00001938       $pdata$?dtor$0@?0??Read@@YAXAEBV?$FunctionCallbackInfo@VValue@v8@@@Nan@@@Z@4HA 0000000180033938     serialport_win.obj
 0004:00001944       $pdata$?dtor$0@?0??List@@YAXAEBV?$FunctionCallbackInfo@VValue@v8@@@Nan@@@Z@4HA 0000000180033944     serialport_win.obj
 0004:00001950       $pdata$__scrt_is_nonwritable_in_current_image$filt$0 0000000180033950     LIBCMT:utility.obj
 0004:0000195c       $pdata$?fin$0@?0??dllmain_crt_process_attach@@YAHQEAUHINSTANCE__@@QEAX@Z@4HA 000000018003395c     LIBCMT:dll_dllmain.obj
 0004:00001968       $pdata$?fin$0@?0??dllmain_crt_process_detach@@YAH_N@Z@4HA 0000000180033968     LIBCMT:dll_dllmain.obj
 0004:00001974       $pdata$?filt$0@?0??dllmain_dispatch@@YAHQEAUHINSTANCE__@@KQEAX@Z@4HA 0000000180033974     LIBCMT:dll_dllmain.obj
 0004:00001980       $pdata$?filt$0@?0???$_CallSETranslator@V__FrameHandler3@@@@YAHPEAUEHExceptionRecord@@PEA_KPEAU_CONTEXT@@PEAU_xDISPATCHER_CONTEXT@@PEBU_s_FuncInfo@@K1@Z@4HA 0000000180033980     libvcruntime:risctrnsctrl.obj
 0004:0000198c       $pdata$?filt$0@?0??CxxCallCatchBlock@__FrameHandler3@@SAPEAXPEAU_EXCEPTION_RECORD@@@Z@4HA 000000018003398c     libvcruntime:frame.obj
 0004:00001998       $pdata$?fin$1@?0??CxxCallCatchBlock@__FrameHandler3@@SAPEAXPEAU_EXCEPTION_RECORD@@@Z@4HA 0000000180033998     libvcruntime:frame.obj
 0004:000019a4       $pdata$?filt$0@?0??FrameUnwindToState@__FrameHandler3@@SAXPEA_KPEAU_xDISPATCHER_CONTEXT@@PEBU_s_FuncInfo@@H@Z@4HA 00000001800339a4     libvcruntime:frame.obj
 0004:000019b0       $pdata$?fin$1@?0??FrameUnwindToState@__FrameHandler3@@SAXPEA_KPEAU_xDISPATCHER_CONTEXT@@PEBU_s_FuncInfo@@H@Z@4HA 00000001800339b0     libvcruntime:frame.obj
 0004:000019bc       $pdata$__DestructExceptionObject$filt$0 00000001800339bc     libvcruntime:ehhelpers.obj
 0004:000019c8       $pdata$?fin$0@?0???$?RV<lambda_842d9ff0dc9ef11c61343bbaebe7f885>@@AEAV<lambda_c5860995281e5c4ce005b3de8f5874ee>@@V<lambda_d90129c13df834fdcbf8d2b88dafcf2d>@@@?$__crt_seh_guarded_call@X@@QEAAX$$QEAV<lambda_842d9ff0dc9ef11c61343bbaebe7f885>@@AEAV<lambda_c5860995281e5c4ce005b3de8f5874ee>@@$$QEAV<lambda_d90129c13df834fdcbf8d2b88dafcf2d>@@@Z@4HA 00000001800339c8     libucrt:fflush.obj
 0004:000019c8       $pdata$?fin$0@?0???$?RV<lambda_0d412022a4b28cc8a401ea49574e8ae6>@@AEAV<lambda_a775ed57af18ba8e4d5dc780aa9068fe>@@V<lambda_975a71a6baa488a08f4e15f6b0339b9e>@@@?$__crt_seh_guarded_call@H@@QEAAH$$QEAV<lambda_0d412022a4b28cc8a401ea49574e8ae6>@@AEAV<lambda_a775ed57af18ba8e4d5dc780aa9068fe>@@$$QEAV<lambda_975a71a6baa488a08f4e15f6b0339b9e>@@@Z@4HA 00000001800339c8     libucrt:output.obj
 0004:000019c8       $pdata$?fin$0@?0???$?RV<lambda_c376a267cfb53b6959b3b692ec76b120>@@AEAV<lambda_9a32fed5bf61b6b509b2d3f6003082a1>@@V<lambda_572fbb9fa0ab338edf41edfd4b5fcc8d>@@@?$__crt_seh_guarded_call@H@@QEAAH$$QEAV<lambda_c376a267cfb53b6959b3b692ec76b120>@@AEAV<lambda_9a32fed5bf61b6b509b2d3f6003082a1>@@$$QEAV<lambda_572fbb9fa0ab338edf41edfd4b5fcc8d>@@@Z@4HA 00000001800339c8     libucrt:fflush.obj
 0004:000019c8       $pdata$?fin$0@?0???$?RV<lambda_84ec643ea9557e2f7dc01bb0e9624395>@@AEAV<lambda_ca71763b3c0644891230e4f79ea54fa6>@@V<lambda_439a761618c59b0600e24586724d733b>@@@?$__crt_seh_guarded_call@H@@QEAAH$$QEAV<lambda_84ec643ea9557e2f7dc01bb0e9624395>@@AEAV<lambda_ca71763b3c0644891230e4f79ea54fa6>@@$$QEAV<lambda_439a761618c59b0600e24586724d733b>@@@Z@4HA 00000001800339c8     libucrt:setvbuf.obj
 0004:000019d4       $pdata$_query_new_handler$fin$0 00000001800339d4     libucrt:new_handler.obj
 0004:000019e0       $pdata$?fin$0@?0???$?RV<lambda_638799b9deba96c50f710eeac98168cd>@@AEAV<lambda_22ebabd17bc4fa466a2aca6d8deb888d>@@V<lambda_a6f7d7db0129f75315ebf26d50c089f1>@@@?$__crt_seh_guarded_call@H@@QEAAH$$QEAV<lambda_638799b9deba96c50f710eeac98168cd>@@AEAV<lambda_22ebabd17bc4fa466a2aca6d8deb888d>@@$$QEAV<lambda_a6f7d7db0129f75315ebf26d50c089f1>@@@Z@4HA 00000001800339e0     libucrt:onexit.obj
 0004:000019e0       $pdata$?fin$0@?0???$?RV<lambda_0ae27a3a962d80f24befdcbee591983d>@@AEAV<lambda_8d0ee55de4b1038c4002e0adecdf1839>@@V<lambda_dc504788e8f1664fe9b84e20bfb512f2>@@@?$__crt_seh_guarded_call@X@@QEAAX$$QEAV<lambda_0ae27a3a962d80f24befdcbee591983d>@@AEAV<lambda_8d0ee55de4b1038c4002e0adecdf1839>@@$$QEAV<lambda_dc504788e8f1664fe9b84e20bfb512f2>@@@Z@4HA 00000001800339e0     libucrt:per_thread_data.obj
 0004:000019e0       $pdata$?fin$0@?0???$?RV<lambda_aa87e3671a710a21b5dc78c0bdf72e11>@@AEAV<lambda_92619d2358a28f41a33ba319515a20b9>@@V<lambda_6992ecaafeb10aed2b74cb1fae11a551>@@@?$__crt_seh_guarded_call@X@@QEAAX$$QEAV<lambda_aa87e3671a710a21b5dc78c0bdf72e11>@@AEAV<lambda_92619d2358a28f41a33ba319515a20b9>@@$$QEAV<lambda_6992ecaafeb10aed2b74cb1fae11a551>@@@Z@4HA 00000001800339e0     libucrt:per_thread_data.obj
 0004:000019e0       $pdata$?fin$0@?0???$?RV<lambda_f2e299630e499de9f9a165e60fcd3db5>@@AEAV<lambda_2ae9d31cdba2644fcbeaf08da7c24588>@@V<lambda_40d01ff24d0e7b3814fdbdcee8eab3c7>@@@?$__crt_seh_guarded_call@X@@QEAAX$$QEAV<lambda_f2e299630e499de9f9a165e60fcd3db5>@@AEAV<lambda_2ae9d31cdba2644fcbeaf08da7c24588>@@$$QEAV<lambda_40d01ff24d0e7b3814fdbdcee8eab3c7>@@@Z@4HA 00000001800339e0     libucrt:per_thread_data.obj
 0004:000019e0       $pdata$?fin$0@?0???$?RV<lambda_7777bce6b2f8c936911f934f8298dc43>@@AEAV<lambda_f03950bc5685219e0bcd2087efbe011e>@@V<lambda_3883c3dff614d5e0c5f61bb1ac94921c>@@@?$__crt_seh_guarded_call@H@@QEAAH$$QEAV<lambda_7777bce6b2f8c936911f934f8298dc43>@@AEAV<lambda_f03950bc5685219e0bcd2087efbe011e>@@$$QEAV<lambda_3883c3dff614d5e0c5f61bb1ac94921c>@@@Z@4HA 00000001800339e0     libucrt:onexit.obj
 0004:000019e0       $pdata$?fin$0@?0???$?RV<lambda_efdfa57d1f175319df784efa44bb7b81>@@AEAV<lambda_5f0a4c1567f8adc6734073e5d1e1b35c>@@V<lambda_2e8a7d3640ea6ccb4c2413664c2db6fd>@@@?$__crt_seh_guarded_call@X@@QEAAX$$QEAV<lambda_efdfa57d1f175319df784efa44bb7b81>@@AEAV<lambda_5f0a4c1567f8adc6734073e5d1e1b35c>@@$$QEAV<lambda_2e8a7d3640ea6ccb4c2413664c2db6fd>@@@Z@4HA 00000001800339e0     libucrt:mbctype.obj
 0004:000019e0       $pdata$?fin$0@?0???$?RV<lambda_2d41944a1d46af3157314b8a01080d33>@@AEAV<lambda_8f455de75cd7d7f24b4096f044d8b9e6>@@V<lambda_aa500f224e6afead328df44964fe2772>@@@?$__crt_seh_guarded_call@X@@QEAAX$$QEAV<lambda_2d41944a1d46af3157314b8a01080d33>@@AEAV<lambda_8f455de75cd7d7f24b4096f044d8b9e6>@@$$QEAV<lambda_aa500f224e6afead328df44964fe2772>@@@Z@4HA 00000001800339e0     libucrt:per_thread_data.obj
 0004:000019e0       $pdata$?fin$0@?0???$?RV<lambda_d80eeec6fff315bfe5c115232f3240e3>@@AEAV<lambda_6e4b09c48022b2350581041d5f6b0c4c>@@V<lambda_2358e3775559c9db80273638284d5e45>@@@?$__crt_seh_guarded_call@X@@QEAAX$$QEAV<lambda_d80eeec6fff315bfe5c115232f3240e3>@@AEAV<lambda_6e4b09c48022b2350581041d5f6b0c4c>@@$$QEAV<lambda_2358e3775559c9db80273638284d5e45>@@@Z@4HA 00000001800339e0     libucrt:exit.obj
 0004:000019e0       $pdata$?fin$0@?0???$?RV<lambda_450d765d439847d4c735a33c368b5fc0>@@AEAV<lambda_44731a7d0e6d81c3e6aa82d741081786>@@V<lambda_601a2a7da3b7a96e9554ac7215c4b07c>@@@?$__crt_seh_guarded_call@P6AXH@Z@@QEAAP6AXH@Z$$QEAV<lambda_450d765d439847d4c735a33c368b5fc0>@@AEAV<lambda_44731a7d0e6d81c3e6aa82d741081786>@@$$QEAV<lambda_601a2a7da3b7a96e9554ac7215c4b07c>@@@Z@4HA 00000001800339e0     libucrt:signal.obj
 0004:000019ec       $pdata$?filt$0@?0???R<lambda_6e4b09c48022b2350581041d5f6b0c4c>@@QEBA@XZ@4HA 00000001800339ec     libucrt:exit.obj
 0004:000019f8       $pdata$?fin$0@?0???$?RV<lambda_410d79af7f07d98d83a3f525b3859a53>@@AEAV<lambda_3e16ef9562a7dcce91392c22ab16ea36>@@V<lambda_38119f0e861e05405d8a144b9b982f0a>@@@?$__crt_seh_guarded_call@X@@QEAAX$$QEAV<lambda_410d79af7f07d98d83a3f525b3859a53>@@AEAV<lambda_3e16ef9562a7dcce91392c22ab16ea36>@@$$QEAV<lambda_38119f0e861e05405d8a144b9b982f0a>@@@Z@4HA 00000001800339f8     libucrt:wsetlocale.obj
 0004:00001a04       $pdata$__acrt_lowio_ensure_fh_exists$fin$0 0000000180033a04     libucrt:osfinfo.obj
 0004:00001a04       $pdata$__acrt_initialize_lowio$fin$0 0000000180033a04     libucrt:ioinit.obj
 0004:00001a10       $pdata$?fin$0@?0???$?RV<lambda_886d6c58226a84441f68b9f2b8217b83>@@AEAV<lambda_ab61a845afdef5b7c387490eaf3616ee>@@V<lambda_f7f22ab5edc0698d5f6905b0d3f44752>@@@?$__crt_seh_guarded_call@X@@QEAAX$$QEAV<lambda_886d6c58226a84441f68b9f2b8217b83>@@AEAV<lambda_ab61a845afdef5b7c387490eaf3616ee>@@$$QEAV<lambda_f7f22ab5edc0698d5f6905b0d3f44752>@@@Z@4HA 0000000180033a10     libucrt:fflush.obj
 0004:00001a1c       $pdata$raise$fin$0         0000000180033a1c     libucrt:signal.obj
 0004:00001a28       $pdata$?fin$0@?0??update_thread_multibyte_data_internal@@YAPEAU__crt_multibyte_data@@QEAU__acrt_ptd@@QEAPEAU1@@Z@4HA 0000000180033a28     libucrt:mbctype.obj
 0004:00001a34       $pdata$__acrt_update_thread_locale_data$fin$0 0000000180033a34     libucrt:locale_refcounting.obj
 0004:00001a40       $pdata$_fcloseall$fin$0    0000000180033a40     libucrt:closeall.obj
 0004:00001a4c       $pdata$?fin$0@?0???$?RV<lambda_a37b2b86f63e897a80ea819b0eb08c01>@@AEAV<lambda_38ce7e780aa69e748d6df282ebc68efe>@@V<lambda_99fb1378e971ab6e7edea83e3a7a83a2>@@@?$__crt_seh_guarded_call@H@@QEAAH$$QEAV<lambda_a37b2b86f63e897a80ea819b0eb08c01>@@AEAV<lambda_38ce7e780aa69e748d6df282ebc68efe>@@$$QEAV<lambda_99fb1378e971ab6e7edea83e3a7a83a2>@@@Z@4HA 0000000180033a4c     libucrt:commit.obj
 0004:00001a4c       $pdata$?fin$0@?0???$?RV<lambda_751a882b2c74d4b022dec766aa51a29a>@@AEAV<lambda_628dfdc04ba53c8bfc02c9951375f3f5>@@V<lambda_f6c7be5f7998530c34de24c7437d6b54>@@@?$__crt_seh_guarded_call@H@@QEAAH$$QEAV<lambda_751a882b2c74d4b022dec766aa51a29a>@@AEAV<lambda_628dfdc04ba53c8bfc02c9951375f3f5>@@$$QEAV<lambda_f6c7be5f7998530c34de24c7437d6b54>@@@Z@4HA 0000000180033a4c     libucrt:close.obj
 0004:00001a58       $pdata$?fin$0@?0???$common_lseek@_J@@YA_JH_JH@Z@4HA 0000000180033a58     libucrt:lseek.obj
 0004:00001a58       $pdata$_write$fin$0        0000000180033a58     libucrt:write.obj
 0004:00001a64       $pdata$fclose$fin$0        0000000180033a64     libucrt:fclose.obj
 0004:00001a70       $pdata$_ctrlfp$filt$0      0000000180033a70     libucrt:fpctrl.obj
 0004:00001a7c       $pdata$_IsNonwritableInCurrentImage$filt$0 0000000180033a7c     LIBCMT:pesect.obj
 0004:00001a88       $pdata$??__Fg_closingHandles@@YAXXZ 0000000180033a88     serialport_win.obj
 0005:00000060       $R000000                   0000000180034060     * linker generated manifest res *

 Exports

  ordinal    name

        1    _register_serialport_
