.\AI_Module_GCC\MC_902P\AT32Gcc\STM32_Stdlib\STM32F10x_StdPeriph_Driver\src\stm32f10x_fsmc.c:102:6:FSMC_NORSRAMDeInit	0	static
.\AI_Module_GCC\MC_902P\AT32Gcc\STM32_Stdlib\STM32F10x_StdPeriph_Driver\src\stm32f10x_fsmc.c:129:6:FSMC_NANDDeInit	0	static
.\AI_Module_GCC\MC_902P\AT32Gcc\STM32_Stdlib\STM32F10x_StdPeriph_Driver\src\stm32f10x_fsmc.c:158:6:FSMC_PCCARDDeInit	0	static
.\AI_Module_GCC\MC_902P\AT32Gcc\STM32_Stdlib\STM32F10x_StdPeriph_Driver\src\stm32f10x_fsmc.c:176:6:FSMC_NORSRAMInit	4	static
.\AI_Module_GCC\MC_902P\AT32Gcc\STM32_Stdlib\STM32F10x_StdPeriph_Driver\src\stm32f10x_fsmc.c:262:6:FSMC_NANDInit	12	static
.\AI_Module_GCC\MC_902P\AT32Gcc\STM32_Stdlib\STM32F10x_StdPeriph_Driver\src\stm32f10x_fsmc.c:328:6:FSMC_PCCARDInit	8	static
.\AI_Module_GCC\MC_902P\AT32Gcc\STM32_Stdlib\STM32F10x_StdPeriph_Driver\src\stm32f10x_fsmc.c:380:6:FSMC_NORSRAMStructInit	12	static
.\AI_Module_GCC\MC_902P\AT32Gcc\STM32_Stdlib\STM32F10x_StdPeriph_Driver\src\stm32f10x_fsmc.c:418:6:FSMC_NANDStructInit	4	static
.\AI_Module_GCC\MC_902P\AT32Gcc\STM32_Stdlib\STM32F10x_StdPeriph_Driver\src\stm32f10x_fsmc.c:444:6:FSMC_PCCARDStructInit	4	static
.\AI_Module_GCC\MC_902P\AT32Gcc\STM32_Stdlib\STM32F10x_StdPeriph_Driver\src\stm32f10x_fsmc.c:475:6:FSMC_NORSRAMCmd	0	static
.\AI_Module_GCC\MC_902P\AT32Gcc\STM32_Stdlib\STM32F10x_StdPeriph_Driver\src\stm32f10x_fsmc.c:501:6:FSMC_NANDCmd	0	static
.\AI_Module_GCC\MC_902P\AT32Gcc\STM32_Stdlib\STM32F10x_StdPeriph_Driver\src\stm32f10x_fsmc.c:538:6:FSMC_PCCARDCmd	0	static
.\AI_Module_GCC\MC_902P\AT32Gcc\STM32_Stdlib\STM32F10x_StdPeriph_Driver\src\stm32f10x_fsmc.c:564:6:FSMC_NANDECCCmd	0	static
.\AI_Module_GCC\MC_902P\AT32Gcc\STM32_Stdlib\STM32F10x_StdPeriph_Driver\src\stm32f10x_fsmc.c:603:10:FSMC_GetECC	0	static
.\AI_Module_GCC\MC_902P\AT32Gcc\STM32_Stdlib\STM32F10x_StdPeriph_Driver\src\stm32f10x_fsmc.c:637:6:FSMC_ITConfig	0	static
.\AI_Module_GCC\MC_902P\AT32Gcc\STM32_Stdlib\STM32F10x_StdPeriph_Driver\src\stm32f10x_fsmc.c:697:12:FSMC_GetFlagStatus	0	static
.\AI_Module_GCC\MC_902P\AT32Gcc\STM32_Stdlib\STM32F10x_StdPeriph_Driver\src\stm32f10x_fsmc.c:747:6:FSMC_ClearFlag	0	static
.\AI_Module_GCC\MC_902P\AT32Gcc\STM32_Stdlib\STM32F10x_StdPeriph_Driver\src\stm32f10x_fsmc.c:782:10:FSMC_GetITStatus	0	static
.\AI_Module_GCC\MC_902P\AT32Gcc\STM32_Stdlib\STM32F10x_StdPeriph_Driver\src\stm32f10x_fsmc.c:833:6:FSMC_ClearITPendingBit	0	static
