.\AI_Module_GCC\MC_902P\AT32Gcc\STM32_Stdlib\STM32F10x_StdPeriph_Driver\src\stm32f10x_dac.c:98:6:DAC_DeInit	8	static
.\AI_Module_GCC\MC_902P\AT32Gcc\STM32_Stdlib\STM32F10x_StdPeriph_Driver\src\stm32f10x_dac.c:117:6:DAC_Init	8	static
.\AI_Module_GCC\MC_902P\AT32Gcc\STM32_Stdlib\STM32F10x_StdPeriph_Driver\src\stm32f10x_dac.c:150:6:DAC_StructInit	0	static
.\AI_Module_GCC\MC_902P\AT32Gcc\STM32_Stdlib\STM32F10x_StdPeriph_Driver\src\stm32f10x_dac.c:173:6:DAC_Cmd	0	static
.\AI_Module_GCC\MC_902P\AT32Gcc\STM32_Stdlib\STM32F10x_StdPeriph_Driver\src\stm32f10x_dac.c:233:6:DAC_DMACmd	0	static
.\AI_Module_GCC\MC_902P\AT32Gcc\STM32_Stdlib\STM32F10x_StdPeriph_Driver\src\stm32f10x_dac.c:260:6:DAC_SoftwareTriggerCmd	0	static
.\AI_Module_GCC\MC_902P\AT32Gcc\STM32_Stdlib\STM32F10x_StdPeriph_Driver\src\stm32f10x_dac.c:284:6:DAC_DualSoftwareTriggerCmd	0	static
.\AI_Module_GCC\MC_902P\AT32Gcc\STM32_Stdlib\STM32F10x_StdPeriph_Driver\src\stm32f10x_dac.c:314:6:DAC_WaveGenerationCmd	0	static
.\AI_Module_GCC\MC_902P\AT32Gcc\STM32_Stdlib\STM32F10x_StdPeriph_Driver\src\stm32f10x_dac.c:342:6:DAC_SetChannel1Data	8	static
.\AI_Module_GCC\MC_902P\AT32Gcc\STM32_Stdlib\STM32F10x_StdPeriph_Driver\src\stm32f10x_dac.c:367:6:DAC_SetChannel2Data	8	static
.\AI_Module_GCC\MC_902P\AT32Gcc\STM32_Stdlib\STM32F10x_StdPeriph_Driver\src\stm32f10x_dac.c:396:6:DAC_SetDualChannelData	0	static
.\AI_Module_GCC\MC_902P\AT32Gcc\STM32_Stdlib\STM32F10x_StdPeriph_Driver\src\stm32f10x_dac.c:430:10:DAC_GetDataOutputValue	8	static
