.\AI_Module_GCC\MC_902P\AT32Gcc\STM32_Stdlib\STM32F10x_StdPeriph_Driver\src\stm32f10x_flash.c:254:6:FLASH_SetLatency	0	static
.\AI_Module_GCC\MC_902P\AT32Gcc\STM32_Stdlib\STM32F10x_StdPeriph_Driver\src\stm32f10x_flash.c:281:6:FLASH_HalfCycleAccessCmd	0	static
.\AI_Module_GCC\MC_902P\AT32Gcc\STM32_Stdlib\STM32F10x_StdPeriph_Driver\src\stm32f10x_flash.c:300:6:FLASH_PrefetchBufferCmd	0	static
.\AI_Module_GCC\MC_902P\AT32Gcc\STM32_Stdlib\STM32F10x_StdPeriph_Driver\src\stm32f10x_flash.c:319:6:FLASH_Unlock	0	static
.\AI_Module_GCC\MC_902P\AT32Gcc\STM32_Stdlib\STM32F10x_StdPeriph_Driver\src\stm32f10x_flash.c:340:6:FLASH_UnlockBank1	0	static
.\AI_Module_GCC\MC_902P\AT32Gcc\STM32_Stdlib\STM32F10x_StdPeriph_Driver\src\stm32f10x_flash.c:372:6:FLASH_Lock	0	static
.\AI_Module_GCC\MC_902P\AT32Gcc\STM32_Stdlib\STM32F10x_StdPeriph_Driver\src\stm32f10x_flash.c:392:6:FLASH_LockBank1	0	static
.\AI_Module_GCC\MC_902P\AT32Gcc\STM32_Stdlib\STM32F10x_StdPeriph_Driver\src\stm32f10x_flash.c:419:14:FLASH_ErasePage	0	static
.\AI_Module_GCC\MC_902P\AT32Gcc\STM32_Stdlib\STM32F10x_StdPeriph_Driver\src\stm32f10x_flash.c:495:14:FLASH_EraseAllPages	0	static
.\AI_Module_GCC\MC_902P\AT32Gcc\STM32_Stdlib\STM32F10x_StdPeriph_Driver\src\stm32f10x_flash.c:558:14:FLASH_EraseAllBank1Pages	0	static
.\AI_Module_GCC\MC_902P\AT32Gcc\STM32_Stdlib\STM32F10x_StdPeriph_Driver\src\stm32f10x_flash.c:619:14:FLASH_EraseOptionBytes	0	static
.\AI_Module_GCC\MC_902P\AT32Gcc\STM32_Stdlib\STM32F10x_StdPeriph_Driver\src\stm32f10x_flash.c:684:14:FLASH_ProgramWord	16	static
.\AI_Module_GCC\MC_902P\AT32Gcc\STM32_Stdlib\STM32F10x_StdPeriph_Driver\src\stm32f10x_flash.c:861:14:FLASH_ProgramHalfWord	4	static
.\AI_Module_GCC\MC_902P\AT32Gcc\STM32_Stdlib\STM32F10x_StdPeriph_Driver\src\stm32f10x_flash.c:932:14:FLASH_ProgramOptionByteData	4	static
.\AI_Module_GCC\MC_902P\AT32Gcc\STM32_Stdlib\STM32F10x_StdPeriph_Driver\src\stm32f10x_flash.c:978:14:FLASH_EnableWriteProtection	0	static
.\AI_Module_GCC\MC_902P\AT32Gcc\STM32_Stdlib\STM32F10x_StdPeriph_Driver\src\stm32f10x_flash.c:1052:14:FLASH_ReadOutProtection	0	static
.\AI_Module_GCC\MC_902P\AT32Gcc\STM32_Stdlib\STM32F10x_StdPeriph_Driver\src\stm32f10x_flash.c:1121:14:FLASH_UserOptionByteConfig	8	static
.\AI_Module_GCC\MC_902P\AT32Gcc\STM32_Stdlib\STM32F10x_StdPeriph_Driver\src\stm32f10x_flash.c:1219:10:FLASH_GetUserOptionByte	0	static
.\AI_Module_GCC\MC_902P\AT32Gcc\STM32_Stdlib\STM32F10x_StdPeriph_Driver\src\stm32f10x_flash.c:1231:10:FLASH_GetWriteProtectionOptionByte	0	static
.\AI_Module_GCC\MC_902P\AT32Gcc\STM32_Stdlib\STM32F10x_StdPeriph_Driver\src\stm32f10x_flash.c:1243:12:FLASH_GetReadOutProtectionStatus	0	static
.\AI_Module_GCC\MC_902P\AT32Gcc\STM32_Stdlib\STM32F10x_StdPeriph_Driver\src\stm32f10x_flash.c:1263:12:FLASH_GetPrefetchBufferStatus	0	static
.\AI_Module_GCC\MC_902P\AT32Gcc\STM32_Stdlib\STM32F10x_StdPeriph_Driver\src\stm32f10x_flash.c:1293:6:FLASH_ITConfig	0	static
.\AI_Module_GCC\MC_902P\AT32Gcc\STM32_Stdlib\STM32F10x_StdPeriph_Driver\src\stm32f10x_flash.c:1360:12:FLASH_GetFlagStatus	0	static
.\AI_Module_GCC\MC_902P\AT32Gcc\STM32_Stdlib\STM32F10x_StdPeriph_Driver\src\stm32f10x_flash.c:1446:6:FLASH_ClearFlag	0	static
.\AI_Module_GCC\MC_902P\AT32Gcc\STM32_Stdlib\STM32F10x_StdPeriph_Driver\src\stm32f10x_flash.c:1480:14:FLASH_GetStatus	0	static
.\AI_Module_GCC\MC_902P\AT32Gcc\STM32_Stdlib\STM32F10x_StdPeriph_Driver\src\stm32f10x_flash.c:1518:14:FLASH_GetBank1Status	0	static
.\AI_Module_GCC\MC_902P\AT32Gcc\STM32_Stdlib\STM32F10x_StdPeriph_Driver\src\stm32f10x_flash.c:1598:14:FLASH_WaitForLastOperation	0	static
.\AI_Module_GCC\MC_902P\AT32Gcc\STM32_Stdlib\STM32F10x_StdPeriph_Driver\src\stm32f10x_flash.c:1626:14:FLASH_WaitForLastBank1Operation	0	static
