.\AI_Module_GCC\MC_902P\AT32Gcc\STM32_Stdlib\STM32F10x_StdPeriph_Driver\src\stm32f10x_sdio.c:161:6:SDIO_DeInit	0	static
.\AI_Module_GCC\MC_902P\AT32Gcc\STM32_Stdlib\STM32F10x_StdPeriph_Driver\src\stm32f10x_sdio.c:181:6:SDIO_Init	8	static
.\AI_Module_GCC\MC_902P\AT32Gcc\STM32_Stdlib\STM32F10x_StdPeriph_Driver\src\stm32f10x_sdio.c:219:6:SDIO_StructInit	0	static
.\AI_Module_GCC\MC_902P\AT32Gcc\STM32_Stdlib\STM32F10x_StdPeriph_Driver\src\stm32f10x_sdio.c:235:6:SDIO_ClockCmd	0	static
.\AI_Module_GCC\MC_902P\AT32Gcc\STM32_Stdlib\STM32F10x_StdPeriph_Driver\src\stm32f10x_sdio.c:251:6:SDIO_SetPowerState	0	static
.\AI_Module_GCC\MC_902P\AT32Gcc\STM32_Stdlib\STM32F10x_StdPeriph_Driver\src\stm32f10x_sdio.c:269:10:SDIO_GetPowerState	0	static
.\AI_Module_GCC\MC_902P\AT32Gcc\STM32_Stdlib\STM32F10x_StdPeriph_Driver\src\stm32f10x_sdio.c:307:6:SDIO_ITConfig	0	static
.\AI_Module_GCC\MC_902P\AT32Gcc\STM32_Stdlib\STM32F10x_StdPeriph_Driver\src\stm32f10x_sdio.c:331:6:SDIO_DMACmd	0	static
.\AI_Module_GCC\MC_902P\AT32Gcc\STM32_Stdlib\STM32F10x_StdPeriph_Driver\src\stm32f10x_sdio.c:346:6:SDIO_SendCommand	4	static
.\AI_Module_GCC\MC_902P\AT32Gcc\STM32_Stdlib\STM32F10x_StdPeriph_Driver\src\stm32f10x_sdio.c:382:6:SDIO_CmdStructInit	0	static
.\AI_Module_GCC\MC_902P\AT32Gcc\STM32_Stdlib\STM32F10x_StdPeriph_Driver\src\stm32f10x_sdio.c:397:9:SDIO_GetCommandResponse	0	static
.\AI_Module_GCC\MC_902P\AT32Gcc\STM32_Stdlib\STM32F10x_StdPeriph_Driver\src\stm32f10x_sdio.c:412:10:SDIO_GetResponse	8	static
.\AI_Module_GCC\MC_902P\AT32Gcc\STM32_Stdlib\STM32F10x_StdPeriph_Driver\src\stm32f10x_sdio.c:431:6:SDIO_DataConfig	4	static
.\AI_Module_GCC\MC_902P\AT32Gcc\STM32_Stdlib\STM32F10x_StdPeriph_Driver\src\stm32f10x_sdio.c:472:6:SDIO_DataStructInit	0	static
.\AI_Module_GCC\MC_902P\AT32Gcc\STM32_Stdlib\STM32F10x_StdPeriph_Driver\src\stm32f10x_sdio.c:488:10:SDIO_GetDataCounter	0	static
.\AI_Module_GCC\MC_902P\AT32Gcc\STM32_Stdlib\STM32F10x_StdPeriph_Driver\src\stm32f10x_sdio.c:498:10:SDIO_ReadData	0	static
.\AI_Module_GCC\MC_902P\AT32Gcc\STM32_Stdlib\STM32F10x_StdPeriph_Driver\src\stm32f10x_sdio.c:508:6:SDIO_WriteData	0	static
.\AI_Module_GCC\MC_902P\AT32Gcc\STM32_Stdlib\STM32F10x_StdPeriph_Driver\src\stm32f10x_sdio.c:518:10:SDIO_GetFIFOCount	0	static
.\AI_Module_GCC\MC_902P\AT32Gcc\STM32_Stdlib\STM32F10x_StdPeriph_Driver\src\stm32f10x_sdio.c:529:6:SDIO_StartSDIOReadWait	0	static
.\AI_Module_GCC\MC_902P\AT32Gcc\STM32_Stdlib\STM32F10x_StdPeriph_Driver\src\stm32f10x_sdio.c:543:6:SDIO_StopSDIOReadWait	0	static
.\AI_Module_GCC\MC_902P\AT32Gcc\STM32_Stdlib\STM32F10x_StdPeriph_Driver\src\stm32f10x_sdio.c:559:6:SDIO_SetSDIOReadWaitMode	0	static
.\AI_Module_GCC\MC_902P\AT32Gcc\STM32_Stdlib\STM32F10x_StdPeriph_Driver\src\stm32f10x_sdio.c:573:6:SDIO_SetSDIOOperation	0	static
.\AI_Module_GCC\MC_902P\AT32Gcc\STM32_Stdlib\STM32F10x_StdPeriph_Driver\src\stm32f10x_sdio.c:587:6:SDIO_SendSDIOSuspendCmd	0	static
.\AI_Module_GCC\MC_902P\AT32Gcc\STM32_Stdlib\STM32F10x_StdPeriph_Driver\src\stm32f10x_sdio.c:601:6:SDIO_CommandCompletionCmd	0	static
.\AI_Module_GCC\MC_902P\AT32Gcc\STM32_Stdlib\STM32F10x_StdPeriph_Driver\src\stm32f10x_sdio.c:614:6:SDIO_CEATAITCmd	0	static
.\AI_Module_GCC\MC_902P\AT32Gcc\STM32_Stdlib\STM32F10x_StdPeriph_Driver\src\stm32f10x_sdio.c:627:6:SDIO_SendCEATACmd	0	static
.\AI_Module_GCC\MC_902P\AT32Gcc\STM32_Stdlib\STM32F10x_StdPeriph_Driver\src\stm32f10x_sdio.c:666:12:SDIO_GetFlagStatus	0	static
.\AI_Module_GCC\MC_902P\AT32Gcc\STM32_Stdlib\STM32F10x_StdPeriph_Driver\src\stm32f10x_sdio.c:704:6:SDIO_ClearFlag	0	static
.\AI_Module_GCC\MC_902P\AT32Gcc\STM32_Stdlib\STM32F10x_StdPeriph_Driver\src\stm32f10x_sdio.c:743:10:SDIO_GetITStatus	0	static
.\AI_Module_GCC\MC_902P\AT32Gcc\STM32_Stdlib\STM32F10x_StdPeriph_Driver\src\stm32f10x_sdio.c:779:6:SDIO_ClearITPendingBit	0	static
