.\AI_Module_GCC\MC_902P\AT32Gcc\STM32_Stdlib\STM32F10x_StdPeriph_Driver\src\stm32f10x_pwr.c:112:6:PWR_DeInit	8	static
.\AI_Module_GCC\MC_902P\AT32Gcc\STM32_Stdlib\STM32F10x_StdPeriph_Driver\src\stm32f10x_pwr.c:124:6:PWR_BackupAccessCmd	0	static
.\AI_Module_GCC\MC_902P\AT32Gcc\STM32_Stdlib\STM32F10x_StdPeriph_Driver\src\stm32f10x_pwr.c:137:6:PWR_PVDCmd	0	static
.\AI_Module_GCC\MC_902P\AT32Gcc\STM32_Stdlib\STM32F10x_StdPeriph_Driver\src\stm32f10x_pwr.c:158:6:PWR_PVDLevelConfig	0	static
.\AI_Module_GCC\MC_902P\AT32Gcc\STM32_Stdlib\STM32F10x_StdPeriph_Driver\src\stm32f10x_pwr.c:178:6:PWR_WakeUpPinCmd	0	static
.\AI_Module_GCC\MC_902P\AT32Gcc\STM32_Stdlib\STM32F10x_StdPeriph_Driver\src\stm32f10x_pwr.c:197:6:PWR_EnterSTOPMode	4	static
.\AI_Module_GCC\MC_902P\AT32Gcc\STM32_Stdlib\STM32F10x_StdPeriph_Driver\src\stm32f10x_pwr.c:236:6:PWR_EnterSTANDBYMode	0	static
.\AI_Module_GCC\MC_902P\AT32Gcc\STM32_Stdlib\STM32F10x_StdPeriph_Driver\src\stm32f10x_pwr.c:261:12:PWR_GetFlagStatus	0	static
.\AI_Module_GCC\MC_902P\AT32Gcc\STM32_Stdlib\STM32F10x_StdPeriph_Driver\src\stm32f10x_pwr.c:287:6:PWR_ClearFlag	0	static
