C:\Users\tanda\Works\get-lms\entryjs\entry-hw\app\drivers\whalesbot_mc_102\AT32Gcc\Src\externlib\Goline.c:384:13:yd	24	static
C:\Users\tanda\Works\get-lms\entryjs\entry-hw\app\drivers\whalesbot_mc_102\AT32Gcc\Src\externlib\Goline.c:46:6:patr_environmental_acquiment	112	static
C:\Users\tanda\Works\get-lms\entryjs\entry-hw\app\drivers\whalesbot_mc_102\AT32Gcc\Src\externlib\Goline.c:201:6:patr_init	48	static
C:\Users\tanda\Works\get-lms\entryjs\entry-hw\app\drivers\whalesbot_mc_102\AT32Gcc\Src\externlib\Goline.c:267:6:patr_init_1	40	static
C:\Users\tanda\Works\get-lms\entryjs\entry-hw\app\drivers\whalesbot_mc_102\AT32Gcc\Src\externlib\Goline.c:324:6:patr_Mecanum_wheel_init	40	static
C:\Users\tanda\Works\get-lms\entryjs\entry-hw\app\drivers\whalesbot_mc_102\AT32Gcc\Src\externlib\Goline.c:409:6:motor_time	32	static
C:\Users\tanda\Works\get-lms\entryjs\entry-hw\app\drivers\whalesbot_mc_102\AT32Gcc\Src\externlib\Goline.c:447:6:motor_ds	40	static
C:\Users\tanda\Works\get-lms\entryjs\entry-hw\app\drivers\whalesbot_mc_102\AT32Gcc\Src\externlib\Goline.c:507:6:motor_sensor	40	static
C:\Users\tanda\Works\get-lms\entryjs\entry-hw\app\drivers\whalesbot_mc_102\AT32Gcc\Src\externlib\Goline.c:663:6:patr_button	8	static
C:\Users\tanda\Works\get-lms\entryjs\entry-hw\app\drivers\whalesbot_mc_102\AT32Gcc\Src\externlib\Goline.c:673:6:patr_turn	48	static
C:\Users\tanda\Works\get-lms\entryjs\entry-hw\app\drivers\whalesbot_mc_102\AT32Gcc\Src\externlib\Goline.c:792:6:Zx	56	static
C:\Users\tanda\Works\get-lms\entryjs\entry-hw\app\drivers\whalesbot_mc_102\AT32Gcc\Src\externlib\Goline.c:1310:6:patr_road	64	static
C:\Users\tanda\Works\get-lms\entryjs\entry-hw\app\drivers\whalesbot_mc_102\AT32Gcc\Src\externlib\Goline.c:1459:6:patr_time	32	static
C:\Users\tanda\Works\get-lms\entryjs\entry-hw\app\drivers\whalesbot_mc_102\AT32Gcc\Src\externlib\Goline.c:1485:6:patrol_integrated_initialization	40	static
C:\Users\tanda\Works\get-lms\entryjs\entry-hw\app\drivers\whalesbot_mc_102\AT32Gcc\Src\externlib\Goline.c:1492:6:patrol_single_initialization	32	static
C:\Users\tanda\Works\get-lms\entryjs\entry-hw\app\drivers\whalesbot_mc_102\AT32Gcc\Src\externlib\Goline.c:1497:6:patrol_init_mecanum_wheel_integrated	40	static
C:\Users\tanda\Works\get-lms\entryjs\entry-hw\app\drivers\whalesbot_mc_102\AT32Gcc\Src\externlib\Goline.c:1503:6:patrol_init_mecanum_wheel_single	32	static
C:\Users\tanda\Works\get-lms\entryjs\entry-hw\app\drivers\whalesbot_mc_102\AT32Gcc\Src\externlib\Goline.c:1509:6:patrol_ambient_detection	8	static
C:\Users\tanda\Works\get-lms\entryjs\entry-hw\app\drivers\whalesbot_mc_102\AT32Gcc\Src\externlib\Goline.c:1515:6:patrol_speed	0	static
C:\Users\tanda\Works\get-lms\entryjs\entry-hw\app\drivers\whalesbot_mc_102\AT32Gcc\Src\externlib\Goline.c:1521:6:patrol_road	0	static
C:\Users\tanda\Works\get-lms\entryjs\entry-hw\app\drivers\whalesbot_mc_102\AT32Gcc\Src\externlib\Goline.c:1527:6:patrol_time	0	static
C:\Users\tanda\Works\get-lms\entryjs\entry-hw\app\drivers\whalesbot_mc_102\AT32Gcc\Src\externlib\Goline.c:1533:6:patrol_turn	0	static
C:\Users\tanda\Works\get-lms\entryjs\entry-hw\app\drivers\whalesbot_mc_102\AT32Gcc\Src\externlib\Goline.c:1540:6:start_motor_time	0	static
C:\Users\tanda\Works\get-lms\entryjs\entry-hw\app\drivers\whalesbot_mc_102\AT32Gcc\Src\externlib\Goline.c:1547:6:start_motor_angle	40	static
C:\Users\tanda\Works\get-lms\entryjs\entry-hw\app\drivers\whalesbot_mc_102\AT32Gcc\Src\externlib\Goline.c:1553:6:start_motor_sensor	0	static
C:\Users\tanda\Works\get-lms\entryjs\entry-hw\app\drivers\whalesbot_mc_102\AT32Gcc\Src\externlib\Goline.c:1559:6:patrol_button	8	static
C:\Users\tanda\Works\get-lms\entryjs\entry-hw\app\drivers\whalesbot_mc_102\AT32Gcc\Src\externlib\Goline.c:1566:6:patrol_omni_wheel_integrated_init	40	static
C:\Users\tanda\Works\get-lms\entryjs\entry-hw\app\drivers\whalesbot_mc_102\AT32Gcc\Src\externlib\Goline.c:1572:6:patrol_omni_wheel_single_init	32	static
