C:\Users\tanda\Works\get-lms\entryjs\entry-hw\app\drivers\whalesbot_mc_102\AT32Gcc\Src\externlib\play_page.c:141:13:InitServoaBatch	48	static
C:\Users\tanda\Works\get-lms\entryjs\entry-hw\app\drivers\whalesbot_mc_102\AT32Gcc\Src\externlib\play_page.c:649:13:HIDServoaBatchCrtl_Thread	40	static
C:\Users\tanda\Works\get-lms\entryjs\entry-hw\app\drivers\whalesbot_mc_102\AT32Gcc\Src\externlib\play_page.c:759:13:play_page_Thread	72	static
C:\Users\tanda\Works\get-lms\entryjs\entry-hw\app\drivers\whalesbot_mc_102\AT32Gcc\Src\externlib\play_page.c:574:13:PlayPCComCallback	8	static
C:\Users\tanda\Works\get-lms\entryjs\entry-hw\app\drivers\whalesbot_mc_102\AT32Gcc\Src\externlib\play_page.c:175:6:ServoaBatchSetAngle	120	static
C:\Users\tanda\Works\get-lms\entryjs\entry-hw\app\drivers\whalesbot_mc_102\AT32Gcc\Src\externlib\play_page.c:874:6:RevDebug	56	static
C:\Users\tanda\Works\get-lms\entryjs\entry-hw\app\drivers\whalesbot_mc_102\AT32Gcc\Src\externlib\play_page.c:897:6:TIM5_IRQHandler	56	static
C:\Users\tanda\Works\get-lms\entryjs\entry-hw\app\drivers\whalesbot_mc_102\AT32Gcc\Src\externlib\play_page.c:931:6:InitServoMotionTimer	56	static
C:\Users\tanda\Works\get-lms\entryjs\entry-hw\app\drivers\whalesbot_mc_102\AT32Gcc\Src\externlib\play_page.c:960:6:StartServoDebug	0	static
C:\Users\tanda\Works\get-lms\entryjs\entry-hw\app\drivers\whalesbot_mc_102\AT32Gcc\Src\externlib\play_page.c:966:5:IsServoaDebug	0	static
C:\Users\tanda\Works\get-lms\entryjs\entry-hw\app\drivers\whalesbot_mc_102\AT32Gcc\Src\externlib\play_page.c:977:6:InitPageDebug	8	static
C:\Users\tanda\Works\get-lms\entryjs\entry-hw\app\drivers\whalesbot_mc_102\AT32Gcc\Src\externlib\play_page.c:1010:6:play_page	40	static
C:\Users\tanda\Works\get-lms\entryjs\entry-hw\app\drivers\whalesbot_mc_102\AT32Gcc\Src\externlib\play_page.c:1033:5:quit_page	24	static
C:\Users\tanda\Works\get-lms\entryjs\entry-hw\app\drivers\whalesbot_mc_102\AT32Gcc\Src\externlib\play_page.c:1048:5:stop_page	24	static
C:\Users\tanda\Works\get-lms\entryjs\entry-hw\app\drivers\whalesbot_mc_102\AT32Gcc\Src\externlib\play_page.c:1061:5:IsPagePlaying	0	static
C:\Users\tanda\Works\get-lms\entryjs\entry-hw\app\drivers\whalesbot_mc_102\AT32Gcc\Src\externlib\play_page.c:1068:5:getplay_page_index	0	static
C:\Users\tanda\Works\get-lms\entryjs\entry-hw\app\drivers\whalesbot_mc_102\AT32Gcc\Src\externlib\play_page.c:1074:5:getplay_page_action	0	static
C:\Users\tanda\Works\get-lms\entryjs\entry-hw\app\drivers\whalesbot_mc_102\AT32Gcc\Src\externlib\play_page.c:1080:5:getplay_page_repeat	0	static
